Component: ARM Compiler 5.06 update 7 (build 960) Tool: armlink [4d3601]

==============================================================================

Section Cross References

    startup_stm32h723xx.o(RESET) refers to startup_stm32h723xx.o(STACK) for __initial_sp
    startup_stm32h723xx.o(RESET) refers to startup_stm32h723xx.o(.text) for Reset_Handler
    startup_stm32h723xx.o(RESET) refers to stm32h7xx_it.o(i.NMI_Handler) for NMI_Handler
    startup_stm32h723xx.o(RESET) refers to stm32h7xx_it.o(i.HardFault_Handler) for HardFault_Handler
    startup_stm32h723xx.o(RESET) refers to stm32h7xx_it.o(i.MemManage_Handler) for MemManage_Handler
    startup_stm32h723xx.o(RESET) refers to stm32h7xx_it.o(i.BusFault_Handler) for BusFault_Handler
    startup_stm32h723xx.o(RESET) refers to stm32h7xx_it.o(i.UsageFault_Handler) for UsageFault_Handler
    startup_stm32h723xx.o(RESET) refers to port.o(.emb_text) for SVC_Handler
    startup_stm32h723xx.o(RESET) refers to stm32h7xx_it.o(i.DebugMon_Handler) for DebugMon_Handler
    startup_stm32h723xx.o(RESET) refers to port.o(i.SysTick_Handler) for SysTick_Handler
    startup_stm32h723xx.o(RESET) refers to stm32h7xx_it.o(i.DMA1_Stream0_IRQHandler) for DMA1_Stream0_IRQHandler
    startup_stm32h723xx.o(RESET) refers to stm32h7xx_it.o(i.DMA1_Stream1_IRQHandler) for DMA1_Stream1_IRQHandler
    startup_stm32h723xx.o(RESET) refers to stm32h7xx_it.o(i.DMA1_Stream2_IRQHandler) for DMA1_Stream2_IRQHandler
    startup_stm32h723xx.o(RESET) refers to stm32h7xx_it.o(i.FDCAN1_IT0_IRQHandler) for FDCAN1_IT0_IRQHandler
    startup_stm32h723xx.o(RESET) refers to stm32h7xx_it.o(i.FDCAN2_IT0_IRQHandler) for FDCAN2_IT0_IRQHandler
    startup_stm32h723xx.o(RESET) refers to stm32h7xx_it.o(i.TIM2_IRQHandler) for TIM2_IRQHandler
    startup_stm32h723xx.o(RESET) refers to stm32h7xx_it.o(i.SPI2_IRQHandler) for SPI2_IRQHandler
    startup_stm32h723xx.o(RESET) refers to stm32h7xx_it.o(i.UART7_IRQHandler) for UART7_IRQHandler
    startup_stm32h723xx.o(RESET) refers to stm32h7xx_it.o(i.FDCAN3_IT0_IRQHandler) for FDCAN3_IT0_IRQHandler
    startup_stm32h723xx.o(.text) refers to system_stm32h7xx.o(i.SystemInit) for SystemInit
    startup_stm32h723xx.o(.text) refers to entry.o(.ARM.Collect$$$$00000000) for __main
    main.o(i.HAL_TIM_PeriodElapsedCallback) refers to stm32h7xx_hal.o(i.HAL_IncTick) for HAL_IncTick
    main.o(i.PeriphCommonClock_Config) refers to memseta.o(.text) for __aeabi_memclr4
    main.o(i.PeriphCommonClock_Config) refers to stm32h7xx_hal_rcc_ex.o(i.HAL_RCCEx_PeriphCLKConfig) for HAL_RCCEx_PeriphCLKConfig
    main.o(i.PeriphCommonClock_Config) refers to main.o(i.Error_Handler) for Error_Handler
    main.o(i.SystemClock_Config) refers to memseta.o(.text) for __aeabi_memclr4
    main.o(i.SystemClock_Config) refers to stm32h7xx_hal_pwr_ex.o(i.HAL_PWREx_ConfigSupply) for HAL_PWREx_ConfigSupply
    main.o(i.SystemClock_Config) refers to stm32h7xx_hal_rcc.o(i.HAL_RCC_OscConfig) for HAL_RCC_OscConfig
    main.o(i.SystemClock_Config) refers to main.o(i.Error_Handler) for Error_Handler
    main.o(i.SystemClock_Config) refers to stm32h7xx_hal_rcc.o(i.HAL_RCC_ClockConfig) for HAL_RCC_ClockConfig
    main.o(i.main) refers to stm32h7xx_hal.o(i.HAL_Init) for HAL_Init
    main.o(i.main) refers to main.o(i.SystemClock_Config) for SystemClock_Config
    main.o(i.main) refers to main.o(i.PeriphCommonClock_Config) for PeriphCommonClock_Config
    main.o(i.main) refers to gpio.o(i.MX_GPIO_Init) for MX_GPIO_Init
    main.o(i.main) refers to dma.o(i.MX_DMA_Init) for MX_DMA_Init
    main.o(i.main) refers to spi.o(i.MX_SPI2_Init) for MX_SPI2_Init
    main.o(i.main) refers to fdcan.o(i.MX_FDCAN1_Init) for MX_FDCAN1_Init
    main.o(i.main) refers to fdcan.o(i.MX_FDCAN2_Init) for MX_FDCAN2_Init
    main.o(i.main) refers to tim.o(i.MX_TIM3_Init) for MX_TIM3_Init
    main.o(i.main) refers to fdcan.o(i.MX_FDCAN3_Init) for MX_FDCAN3_Init
    main.o(i.main) refers to usart.o(i.MX_UART7_Init) for MX_UART7_Init
    main.o(i.main) refers to bsp_dwt.o(i.DWT_Init) for DWT_Init
    main.o(i.main) refers to bmi088driver.o(i.BMI088_init) for BMI088_init
    main.o(i.main) refers to stm32h7xx_hal_gpio.o(i.HAL_GPIO_WritePin) for HAL_GPIO_WritePin
    main.o(i.main) refers to can_bsp.o(i.FDCAN1_Config) for FDCAN1_Config
    main.o(i.main) refers to can_bsp.o(i.FDCAN2_Config) for FDCAN2_Config
    main.o(i.main) refers to freertos.o(i.MX_FREERTOS_Init) for MX_FREERTOS_Init
    main.o(i.main) refers to cmsis_os.o(i.osKernelStart) for osKernelStart
    main.o(i.main) refers to spi.o(.bss) for hspi2
    gpio.o(i.MX_GPIO_Init) refers to memseta.o(.text) for __aeabi_memclr4
    gpio.o(i.MX_GPIO_Init) refers to stm32h7xx_hal_gpio.o(i.HAL_GPIO_WritePin) for HAL_GPIO_WritePin
    gpio.o(i.MX_GPIO_Init) refers to stm32h7xx_hal_gpio.o(i.HAL_GPIO_Init) for HAL_GPIO_Init
    gpio.o(i.MX_GPIO_Init) refers to stm32h7xx_hal.o(i.HAL_SYSCFG_AnalogSwitchConfig) for HAL_SYSCFG_AnalogSwitchConfig
[...]
    EarthFrameToBodyFrame                    0x0800258f   Thumb Code   234  ins_task.o(i.EarthFrameToBodyFrame)
    Error_Handler                            0x08002679   Thumb Code     4  main.o(i.Error_Handler)
    FDCAN1_Config                            0x0800267d   Thumb Code    90  can_bsp.o(i.FDCAN1_Config)
    FDCAN1_IT0_IRQHandler                    0x080026dd   Thumb Code     6  stm32h7xx_it.o(i.FDCAN1_IT0_IRQHandler)
    FDCAN2_Config                            0x080026e9   Thumb Code    90  can_bsp.o(i.FDCAN2_Config)
    FDCAN2_IT0_IRQHandler                    0x08002749   Thumb Code     6  stm32h7xx_it.o(i.FDCAN2_IT0_IRQHandler)
    FDCAN3_IT0_IRQHandler                    0x08002755   Thumb Code     6  stm32h7xx_it.o(i.FDCAN3_IT0_IRQHandler)
    HAL_DMA_Abort                            0x08002989   Thumb Code   880  stm32h7xx_hal_dma.o(i.HAL_DMA_Abort)
    HAL_DMA_Abort_IT                         0x08002d05   Thumb Code   674  stm32h7xx_hal_dma.o(i.HAL_DMA_Abort_IT)
    HAL_DMA_IRQHandler                       0x08002fb5   Thumb Code  1948  stm32h7xx_hal_dma.o(i.HAL_DMA_IRQHandler)
    HAL_DMA_Init                             0x0800375d   Thumb Code   986  stm32h7xx_hal_dma.o(i.HAL_DMA_Init)
    HAL_DMA_Start_IT                         0x08003b4d   Thumb Code   734  stm32h7xx_hal_dma.o(i.HAL_DMA_Start_IT)
    HAL_Delay                                0x08003e39   Thumb Code    32  stm32h7xx_hal.o(i.HAL_Delay)
    HAL_FDCAN_ActivateNotification           0x08003e5d   Thumb Code   122  stm32h7xx_hal_fdcan.o(i.HAL_FDCAN_ActivateNotification)
    HAL_FDCAN_AddMessageToTxFifoQ            0x08003ee1   Thumb Code   108  stm32h7xx_hal_fdcan.o(i.HAL_FDCAN_AddMessageToTxFifoQ)
    HAL_FDCAN_ClockCalibrationCallback       0x08003f4d   Thumb Code     2  stm32h7xx_hal_fdcan.o(i.HAL_FDCAN_ClockCalibrationCallback)
    HAL_FDCAN_ConfigFilter                   0x08003f4f   Thumb Code   136  stm32h7xx_hal_fdcan.o(i.HAL_FDCAN_ConfigFilter)
    HAL_FDCAN_ConfigGlobalFilter             0x08003fd7   Thumb Code    48  stm32h7xx_hal_fdcan.o(i.HAL_FDCAN_ConfigGlobalFilter)
    HAL_FDCAN_ErrorCallback                  0x08004007   Thumb Code     2  stm32h7xx_hal_fdcan.o(i.HAL_FDCAN_ErrorCallback)
    HAL_FDCAN_ErrorStatusCallback            0x08004009   Thumb Code     2  stm32h7xx_hal_fdcan.o(i.HAL_FDCAN_ErrorStatusCallback)
    HAL_FDCAN_GetRxMessage                   0x0800400d   Thumb Code   426  stm32h7xx_hal_fdcan.o(i.HAL_FDCAN_GetRxMessage)
    HAL_FDCAN_HighPriorityMessageCallback    0x080041bd   Thumb Code     2  stm32h7xx_hal_fdcan.o(i.HAL_FDCAN_HighPriorityMessageCallback)
    HAL_FDCAN_IRQHandler                     0x080041c1   Thumb Code   734  stm32h7xx_hal_fdcan.o(i.HAL_FDCAN_IRQHandler)
    HAL_FDCAN_Init                           0x080044ad   Thumb Code   608  stm32h7xx_hal_fdcan.o(i.HAL_FDCAN_Init)
    HAL_FDCAN_MspInit                        0x08004715   Thumb Code   300  fdcan.o(i.HAL_FDCAN_MspInit)
    HAL_FDCAN_RxBufferNewMessageCallback     0x0800485d   Thumb Code     2  stm32h7xx_hal_fdcan.o(i.HAL_FDCAN_RxBufferNewMessageCallback)
    HAL_FDCAN_RxFifo0Callback                0x08004861   Thumb Code   122  can_bsp.o(i.HAL_FDCAN_RxFifo0Callback)
    HAL_FDCAN_RxFifo1Callback                0x080048f1   Thumb Code   132  can_bsp.o(i.HAL_FDCAN_RxFifo1Callback)
    HAL_FDCAN_Start                          0x08004985   Thumb Code    48  stm32h7xx_hal_fdcan.o(i.HAL_FDCAN_Start)
    HAL_FDCAN_TT_GlobalTimeCallback          0x080049b5   Thumb Code     2  stm32h7xx_hal_fdcan.o(i.HAL_FDCAN_TT_GlobalTimeCallback)
    HAL_FDCAN_TT_ScheduleSyncCallback        0x080049b7   Thumb Code     2  stm32h7xx_hal_fdcan.o(i.HAL_FDCAN_TT_ScheduleSyncCallback)
    HAL_FDCAN_TT_StopWatchCallback           0x080049b9   Thumb Code     2  stm32h7xx_hal_fdcan.o(i.HAL_FDCAN_TT_StopWatchCallback)
    HAL_FDCAN_TT_TimeMarkCallback            0x080049bb   Thumb Code     2  stm32h7xx_hal_fdcan.o(i.HAL_FDCAN_TT_TimeMarkCallback)
    HAL_FDCAN_TimeoutOccurredCallback        0x080049bd   Thumb Code     2  stm32h7xx_hal_fdcan.o(i.HAL_FDCAN_TimeoutOccurredCallback)
    HAL_FDCAN_TimestampWraparoundCallback    0x080049bf   Thumb Code     2  stm32h7xx_hal_fdcan.o(i.HAL_FDCAN_TimestampWraparoundCallback)
    HAL_FDCAN_TxBufferAbortCallback          0x080049c1   Thumb Code     2  stm32h7xx_hal_fdcan.o(i.HAL_FDCAN_TxBufferAbortCallback)
    HAL_FDCAN_TxBufferCompleteCallback       0x080049c3   Thumb Code     2  stm32h7xx_hal_fdcan.o(i.HAL_FDCAN_TxBufferCompleteCallback)
    HAL_FDCAN_TxEventFifoCallback            0x080049c5   Thumb Code     2  stm32h7xx_hal_fdcan.o(i.HAL_FDCAN_TxEventFifoCallback)
    HAL_FDCAN_TxFifoEmptyCallback            0x080049c7   Thumb Code     2  stm32h7xx_hal_fdcan.o(i.HAL_FDCAN_TxFifoEmptyCallback)
    HAL_GPIO_Init                            0x080049c9   Thumb Code   488  stm32h7xx_hal_gpio.o(i.HAL_GPIO_Init)
    HAL_GPIO_WritePin                        0x08004bdd   Thumb Code    14  stm32h7xx_hal_gpio.o(i.HAL_GPIO_WritePin)
    HAL_GetTick                              0x08004bed   Thumb Code     6  stm32h7xx_hal.o(i.HAL_GetTick)
    HAL_IncTick                              0x08004bf9   Thumb Code    12  stm32h7xx_hal.o(i.HAL_IncTick)
    HAL_Init                                 0x08004c09   Thumb Code    74  stm32h7xx_hal.o(i.HAL_Init)
    HAL_InitTick                             0x08004c65   Thumb Code   126  stm32h7xx_hal_timebase_tim.o(i.HAL_InitTick)
    HAL_MspInit                              0x08004cf5   Thumb Code    32  stm32h7xx_hal_msp.o(i.HAL_MspInit)
    HAL_NVIC_EnableIRQ                       0x08004d19   Thumb Code    26  stm32h7xx_hal_cortex.o(i.HAL_NVIC_EnableIRQ)
    HAL_NVIC_SetPriority                     0x08004d35   Thumb Code    60  stm32h7xx_hal_cortex.o(i.HAL_NVIC_SetPriority)
    HAL_NVIC_SetPriorityGrouping             0x08004d75   Thumb Code    26  stm32h7xx_hal_cortex.o(i.HAL_NVIC_SetPriorityGrouping)
    HAL_PWREx_ConfigSupply                   0x08004d99   Thumb Code    82  stm32h7xx_hal_pwr_ex.o(i.HAL_PWREx_ConfigSupply)
    HAL_RCCEx_GetD3PCLK1Freq                 0x08004df1   Thumb Code    26  stm32h7xx_hal_rcc_ex.o(i.HAL_RCCEx_GetD3PCLK1Freq)
    HAL_RCCEx_GetPLL2ClockFreq               0x08004e15   Thumb Code   424  stm32h7xx_hal_rcc_ex.o(i.HAL_RCCEx_GetPLL2ClockFreq)
    HAL_RCCEx_GetPLL3ClockFreq               0x08004fd5   Thumb Code   424  stm32h7xx_hal_rcc_ex.o(i.HAL_RCCEx_GetPLL3ClockFreq)
    HAL_RCCEx_PeriphCLKConfig                0x08005195   Thumb Code  2444  stm32h7xx_hal_rcc_ex.o(i.HAL_RCCEx_PeriphCLKConfig)
    HAL_RCC_ClockConfig                      0x08005b25   Thumb Code   604  stm32h7xx_hal_rcc.o(i.HAL_RCC_ClockConfig)
    HAL_RCC_GetClockConfig                   0x08005da1   Thumb Code    86  stm32h7xx_hal_rcc.o(i.HAL_RCC_GetClockConfig)
    HAL_RCC_GetHCLKFreq                      0x08005e01   Thumb Code    52  stm32h7xx_hal_rcc.o(i.HAL_RCC_GetHCLKFreq)
    HAL_RCC_GetPCLK1Freq                     0x08005e45   Thumb Code    26  stm32h7xx_hal_rcc.o(i.HAL_RCC_GetPCLK1Freq)
    HAL_RCC_GetPCLK2Freq                     0x08005e69   Thumb Code    26  stm32h7xx_hal_rcc.o(i.HAL_RCC_GetPCLK2Freq)
    HAL_RCC_GetSysClockFreq                  0x08005e8d   Thumb Code   402  stm32h7xx_hal_rcc.o(i.HAL_RCC_GetSysClockFreq)
    HAL_RCC_OscConfig                        0x08006041   Thumb Code  1496  stm32h7xx_hal_rcc.o(i.HAL_RCC_OscConfig)
    HAL_SPI_ErrorCallback                    0x08006619   Thumb Code     2  stm32h7xx_hal_spi.o(i.HAL_SPI_ErrorCallback)
    HAL_SPI_IRQHandler                       0x0800661d   Thumb Code   554  stm32h7xx_hal_spi.o(i.HAL_SPI_IRQHandler)
    HAL_SPI_Init                             0x0800684d   Thumb Code   360  stm32h7xx_hal_spi.o(i.HAL_SPI_Init)
    HAL_SPI_MspInit                          0x080069c1   Thumb Code   286  spi.o(i.HAL_SPI_MspInit)
    HAL_SPI_RxCpltCallback                   0x08006af9   Thumb Code     2  stm32h7xx_hal_spi.o(i.HAL_SPI_RxCpltCallback)
    HAL_SPI_SuspendCallback                  0x08006afb   Thumb Code     2  stm32h7xx_hal_spi.o(i.HAL_SPI_SuspendCallback)
    HAL_SPI_TransmitReceive                  0x08006afd   Thumb Code   638  stm32h7xx_hal_spi.o(i.HAL_SPI_TransmitReceive)
    HAL_SPI_TxCpltCallback                   0x08006d7b   Thumb Code     2  stm32h7xx_hal_spi.o(i.HAL_SPI_TxCpltCallback)
    HAL_SPI_TxRxCpltCallback                 0x08006d7d   Thumb Code     2  stm32h7xx_hal_spi.o(i.HAL_SPI_TxRxCpltCallback)
    HAL_SYSCFG_AnalogSwitchConfig            0x08006d81   Thumb Code    12  stm32h7xx_hal.o(i.HAL_SYSCFG_AnalogSwitchConfig)
    HAL_TIMEx_Break2Callback                 0x08006d91   Thumb Code     2  stm32h7xx_hal_tim_ex.o(i.HAL_TIMEx_Break2Callback)
    HAL_TIMEx_BreakCallback                  0x08006d93   Thumb Code     2  stm32h7xx_hal_tim_ex.o(i.HAL_TIMEx_BreakCallback)
    HAL_TIMEx_CommutCallback                 0x08006d95   Thumb Code     2  stm32h7xx_hal_tim_ex.o(i.HAL_TIMEx_CommutCallback)
    HAL_TIMEx_MasterConfigSynchronization    0x08006d99   Thumb Code   144  stm32h7xx_hal_tim_ex.o(i.HAL_TIMEx_MasterConfigSynchronization)
    HAL_TIM_Base_Init                        0x08006e4d   Thumb Code    78  stm32h7xx_hal_tim.o(i.HAL_TIM_Base_Init)
    HAL_TIM_Base_MspInit                     0x08006e9b   Thumb Code     2  stm32h7xx_hal_tim.o(i.HAL_TIM_Base_MspInit)
    HAL_TIM_Base_Start_IT                    0x08006e9d   Thumb Code   128  stm32h7xx_hal_tim.o(i.HAL_TIM_Base_Start_IT)
    HAL_TIM_IC_CaptureCallback               0x08006f45   Thumb Code     2  stm32h7xx_hal_tim.o(i.HAL_TIM_IC_CaptureCallback)
    HAL_TIM_IRQHandler                       0x08006f47   Thumb Code   396  stm32h7xx_hal_tim.o(i.HAL_TIM_IRQHandler)
    HAL_TIM_MspPostInit                      0x080070d5   Thumb Code    66  tim.o(i.HAL_TIM_MspPostInit)
    HAL_TIM_OC_DelayElapsedCallback          0x08007125   Thumb Code     2  stm32h7xx_hal_tim.o(i.HAL_TIM_OC_DelayElapsedCallback)
    HAL_TIM_PWM_ConfigChannel                0x08007127   Thumb Code   310  stm32h7xx_hal_tim.o(i.HAL_TIM_PWM_ConfigChannel)
    HAL_TIM_PWM_Init                         0x0800725d   Thumb Code    78  stm32h7xx_hal_tim.o(i.HAL_TIM_PWM_Init)
    HAL_TIM_PWM_MspInit                      0x080072ad   Thumb Code    30  tim.o(i.HAL_TIM_PWM_MspInit)
    HAL_TIM_PWM_PulseFinishedCallback        0x080072d5   Thumb Code     2  stm32h7xx_hal_tim.o(i.HAL_TIM_PWM_PulseFinishedCallback)
    HAL_TIM_PeriodElapsedCallback            0x080072d7   Thumb Code    14  main.o(i.HAL_TIM_PeriodElapsedCallback)
    HAL_TIM_TriggerCallback                  0x080072e5   Thumb Code     2  stm32h7xx_hal_tim.o(i.HAL_TIM_TriggerCallback)
    HAL_UARTEx_DisableFifoMode               0x080072e7   Thumb Code    62  stm32h7xx_hal_uart_ex.o(i.HAL_UARTEx_DisableFifoMode)
    HAL_UARTEx_RxEventCallback               0x08007325   Thumb Code     2  stm32h7xx_hal_uart.o(i.HAL_UARTEx_RxEventCallback)
    HAL_UARTEx_RxFifoFullCallback            0x08007327   Thumb Code     2  stm32h7xx_hal_uart_ex.o(i.HAL_UARTEx_RxFifoFullCallback)
    HAL_UARTEx_SetRxFifoThreshold            0x08007329   Thumb Code    76  stm32h7xx_hal_uart_ex.o(i.HAL_UARTEx_SetRxFifoThreshold)
    HAL_UARTEx_SetTxFifoThreshold            0x08007375   Thumb Code    76  stm32h7xx_hal_uart_ex.o(i.HAL_UARTEx_SetTxFifoThreshold)
    HAL_UARTEx_TxFifoEmptyCallback           0x080073c1   Thumb Code     2  stm32h7xx_hal_uart_ex.o(i.HAL_UARTEx_TxFifoEmptyCallback)
    HAL_UARTEx_WakeupCallback                0x080073c3   Thumb Code     2  stm32h7xx_hal_uart_ex.o(i.HAL_UARTEx_WakeupCallback)
    HAL_UART_ErrorCallback                   0x080073c5   Thumb Code     2  stm32h7xx_hal_uart.o(i.HAL_UART_ErrorCallback)
    HAL_UART_IRQHandler                      0x080073c9   Thumb Code   894  stm32h7xx_hal_uart.o(i.HAL_UART_IRQHandler)
    HAL_UART_Init                            0x0800775d   Thumb Code   112  stm32h7xx_hal_uart.o(i.HAL_UART_Init)
    HAL_UART_MspInit                         0x080077cd   Thumb Code   184  usart.o(i.HAL_UART_MspInit)
    HAL_UART_Transmit_DMA                    0x08007899   Thumb Code   130  stm32h7xx_hal_uart.o(i.HAL_UART_Transmit_DMA)
    HAL_UART_TxCpltCallback                  0x08007929   Thumb Code     2  stm32h7xx_hal_uart.o(i.HAL_UART_TxCpltCallback)
    HAL_UART_TxHalfCpltCallback              0x0800792b   Thumb Code     2  stm32h7xx_hal_uart.o(i.HAL_UART_TxHalfCpltCallback)
    HardFault_Handler                        0x08007a29   Thumb Code     2  stm32h7xx_it.o(i.HardFault_Handler)
    IMU_QuaternionEKF_Init                   0x08007b75   Thumb Code   186  quaternionekf.o(i.IMU_QuaternionEKF_Init)
    IMU_QuaternionEKF_Update                 0x08007d51   Thumb Code   992  quaternionekf.o(i.IMU_QuaternionEKF_Update)
    INS_Init                                 0x08008519   Thumb Code    78  ins_task.o(i.INS_Init)
    INS_Task                                 0x08008585   Thumb Code     6  freertos.o(i.INS_Task)
    INS_task                                 0x0800858d   Thumb Code   638  ins_task.o(i.INS_task)
    Kalman_Filter_Init                       0x08008849   Thumb Code  1012  kalman_filter.o(i.Kalman_Filter_Init)
    Kalman_Filter_Measure                    0x08008c41   Thumb Code    68  kalman_filter.o(i.Kalman_Filter_Measure)
    Kalman_Filter_P_Update                   0x08008c89   Thumb Code    98  kalman_filter.o(i.Kalman_Filter_P_Update)
    Kalman_Filter_PminusUpdate               0x08008ceb   Thumb Code   108  kalman_filter.o(i.Kalman_Filter_PminusUpdate)
    Kalman_Filter_SetK                       0x08008d57   Thumb Code   190  kalman_filter.o(i.Kalman_Filter_SetK)
    Kalman_Filter_Update                     0x08008e15   Thumb Code   230  kalman_filter.o(i.Kalman_Filter_Update)
    Kalman_Filter_xhatMinusUpdate            0x08008f01   Thumb Code   116  kalman_filter.o(i.Kalman_Filter_xhatMinusUpdate)
    Kalman_Filter_xhatUpdate                 0x08008f75   Thumb Code   128  kalman_filter.o(i.Kalman_Filter_xhatUpdate)
    LQR_K_calc                               0x08008ff5   Thumb Code    46  vmc_calc.o(i.LQR_K_calc)
    MX_DMA_Init                              0x08009025   Thumb Code    72  dma.o(i.MX_DMA_Init)
    MX_FDCAN1_Init                           0x08009071   Thumb Code    92  fdcan.o(i.MX_FDCAN1_Init)
    MX_FDCAN2_Init                           0x080090d5   Thumb Code    98  fdcan.o(i.MX_FDCAN2_Init)
    MX_FDCAN3_Init                           0x08009141   Thumb Code    98  fdcan.o(i.MX_FDCAN3_Init)
    MX_FREERTOS_Init                         0x080091ad   Thumb Code   140  freertos.o(i.MX_FREERTOS_Init)
    MX_GPIO_Init                             0x08009241   Thumb Code   294  gpio.o(i.MX_GPIO_Init)
    MX_SPI2_Init                             0x08009379   Thumb Code    86  spi.o(i.MX_SPI2_Init)
    MX_TIM3_Init                             0x080093d9   Thumb Code   108  tim.o(i.MX_TIM3_Init)
    MX_UART7_Init                            0x0800944d   Thumb Code    94  usart.o(i.MX_UART7_Init)
    MemManage_Handler                        0x080094b5   Thumb Code     2  stm32h7xx_it.o(i.MemManage_Handler)
    NMI_Handler                              0x080094b7   Thumb Code     2  stm32h7xx_it.o(i.NMI_Handler)
    OBSERVE_Task                             0x080094b9   Thumb Code     6  freertos.o(i.OBSERVE_Task)
    Observe_task                             0x080094c1   Thumb Code   702  observe_task.o(i.Observe_task)
    PID_Calc                                 0x080097cd   Thumb Code   346  pid.o(i.PID_Calc)
    PID_init                                 0x0800992d   Thumb Code    88  pid.o(i.PID_init)
    Pensation_init                           0x08009989   Thumb Code    78  chassisr_task.o(i.Pensation_init)
    PeriphCommonClock_Config                 0x080099e9   Thumb Code    70  main.o(i.PeriphCommonClock_Config)
    Printf_Task                              0x08009a2f   Thumb Code     6  freertos.o(i.Printf_Task)
    Recv_Adjust_PeriodElapsedCallback        0x08009c7d   Thumb Code    78  my_kalman.o(i.Recv_Adjust_PeriodElapsedCallback)
    Remote_Task                              0x08009ccb   Thumb Code     6  freertos.o(i.Remote_Task)
    Remote_data_process                      0x08009cd1   Thumb Code   326  remote_task.o(i.Remote_data_process)
    RotationMatrix_update                    0x08009e51   Thumb Code   178  mahony_filter.o(i.RotationMatrix_update)
    SPI2_IRQHandler                          0x08009f05   Thumb Code     6  stm32h7xx_it.o(i.SPI2_IRQHandler)
    SysTick_Handler                          0x0800a039   Thumb Code    38  port.o(i.SysTick_Handler)
    SystemClock_Config                       0x0800a065   Thumb Code   144  main.o(i.SystemClock_Config)
    SystemInit                               0x0800a0f9   Thumb Code   158  system_stm32h7xx.o(i.SystemInit)
    TIM2_IRQHandler                          0x0800a1b9   Thumb Code     6  stm32h7xx_it.o(i.TIM2_IRQHandler)
    TIM_Base_SetConfig                       0x0800a1c5   Thumb Code   172  stm32h7xx_hal_tim.o(i.TIM_Base_SetConfig)
    TIM_OC2_SetConfig                        0x0800a339   Thumb Code   124  stm32h7xx_hal_tim.o(i.TIM_OC2_SetConfig)
    UART7_IRQHandler                         0x0800a5b5   Thumb Code     6  stm32h7xx_it.o(i.UART7_IRQHandler)
    UART_AdvFeatureConfig                    0x0800a609   Thumb Code   200  stm32h7xx_hal_uart.o(i.UART_AdvFeatureConfig)
    UART_CheckIdleState                      0x0800a6d1   Thumb Code   170  stm32h7xx_hal_uart.o(i.UART_CheckIdleState)
    UART_SetConfig                           0x0800a8d5   Thumb Code  1326  stm32h7xx_hal_uart.o(i.UART_SetConfig)
    UART_WaitOnFlagUntilTimeout              0x0800ae03   Thumb Code   144  stm32h7xx_hal_uart.o(i.UART_WaitOnFlagUntilTimeout)
    UsageFault_Handler                       0x0800ae93   Thumb Code     2  stm32h7xx_it.o(i.UsageFault_Handler)
    VMC_calc_1_left                          0x0800ae95   Thumb Code  1144  vmc_calc.o(i.VMC_calc_1_left)
    VMC_calc_1_right                         0x0800b311   Thumb Code  1140  vmc_calc.o(i.VMC_calc_1_right)
    VMC_calc_2                               0x0800b789   Thumb Code    50  vmc_calc.o(i.VMC_calc_2)
    VMC_init                                 0x0800b7bd   Thumb Code   204  vmc_calc.o(i.VMC_init)
    __0sprintf                               0x0800b8a9   Thumb Code    34  printfa.o(i.__0sprintf)
    __1sprintf                               0x0800b8a9   Thumb Code     0  printfa.o(i.__0sprintf)
    __2sprintf                               0x0800b8a9   Thumb Code     0  printfa.o(i.__0sprintf)
    __c89sprintf                             0x0800b8a9   Thumb Code     0  printfa.o(i.__0sprintf)
    sprintf                                  0x0800b8a9   Thumb Code     0  printfa.o(i.__0sprintf)
    __ARM_fpclassifyf                        0x0800b8d1   Thumb Code    38  fpclassifyf.o(i.__ARM_fpclassifyf)
    __hardfp_acosf                           0x0800b919   Thumb Code   234  acosf.o(i.__hardfp_acosf)
    __hardfp_asinf                           0x0800ba3d   Thumb Code   258  asinf.o(i.__hardfp_asinf)
    __hardfp_atan2f                          0x0800bb75   Thumb Code   594  atan2f.o(i.__hardfp_atan2f)
    __hardfp_sqrt                            0x0800be29   Thumb Code   102  sqrt.o(i.__hardfp_sqrt)
    __hardfp_sqrtf                           0x0800be8f   Thumb Code    58  sqrtf.o(i.__hardfp_sqrtf)
    __mathlib_flt_infnan                     0x0800bec9   Thumb Code     6  funder.o(i.__mathlib_flt_infnan)
    __mathlib_flt_infnan2                    0x0800becf   Thumb Code     6  funder.o(i.__mathlib_flt_infnan2)
    __mathlib_flt_invalid                    0x0800bed5   Thumb Code    10  funder.o(i.__mathlib_flt_invalid)
    __mathlib_flt_underflow                  0x0800bee5   Thumb Code    10  funder.o(i.__mathlib_flt_underflow)
    __scatterload_copy                       0x0800bef5   Thumb Code    14  handlers.o(i.__scatterload_copy)
    __scatterload_null                       0x0800bf03   Thumb Code     2  handlers.o(i.__scatterload_null)
    __scatterload_zeroinit                   0x0800bf05   Thumb Code    14  handlers.o(i.__scatterload_zeroinit)
    __set_errno                              0x0800bf15   Thumb Code     6  errno.o(i.__set_errno)
    bmi088_accel_init                        0x0800c7b5   Thumb Code   292  bmi088driver.o(i.bmi088_accel_init)
    bmi088_gyro_init                         0x0800c8dd   Thumb Code   246  bmi088driver.o(i.bmi088_gyro_init)
    canx_send_data                           0x0800c9d9   Thumb Code   126  can_bsp.o(i.canx_send_data)
    chassisL_control_loop                    0x0800ca5d   Thumb Code   898  chassisl_task.o(i.chassisL_control_loop)
    chassisL_feedback_update                 0x0800ce41   Thumb Code    70  chassisl_task.o(i.chassisL_feedback_update)
    chassisR_control_loop                    0x0800ce8d   Thumb Code  1264  chassisr_task.o(i.chassisR_control_loop)
    chassisR_feedback_update                 0x0800d38d   Thumb Code   122  chassisr_task.o(i.chassisR_feedback_update)
    clear_motor_state                        0x0800d419   Thumb Code    52  dm4310_drv.o(i.clear_motor_state)
    dm4310_fbdata                            0x0800d44d   Thumb Code   170  dm4310_drv.o(i.dm4310_fbdata)
    dm6215_fbdata                            0x0800d509   Thumb Code    70  dm4310_drv.o(i.dm6215_fbdata)
    enable_motor_mode                        0x0800d559   Thumb Code    52  dm4310_drv.o(i.enable_motor_mode)
    float_to_uint                            0x0800d593   Thumb Code    40  dm4310_drv.o(i.float_to_uint)
    ground_detectionL                        0x0800d5bd   Thumb Code   284  vmc_calc.o(i.ground_detectionL)
    ground_detectionR                        0x0800d6ed   Thumb Code   284  vmc_calc.o(i.ground_detectionR)
    joint_motor_init                         0x0800d849   Thumb Code     6  dm4310_drv.o(i.joint_motor_init)
    kalman_Init                              0x0800d84f   Thumb Code    18  my_kalman.o(i.kalman_Init)
    kalman_set_now                           0x0800d861   Thumb Code     6  my_kalman.o(i.kalman_set_now)
    mahony_init                              0x0800d869   Thumb Code    40  mahony_filter.o(i.mahony_init)
    mahony_input                             0x0800d8a1   Thumb Code    28  mahony_filter.o(i.mahony_input)
    mahony_output                            0x0800d8bd   Thumb Code    54  mahony_filter.o(i.mahony_output)
    mahony_update                            0x0800d8f3   Thumb Code   428  mahony_filter.o(i.mahony_update)
    main                                     0x0800daa1   Thumb Code   104  main.o(i.main)
    mit_ctrl                                 0x0800db1d   Thumb Code   180  dm4310_drv.o(i.mit_ctrl)
    mit_ctrl2                                0x0800dbe9   Thumb Code    90  dm4310_drv.o(i.mit_ctrl2)
    mySaturate                               0x0800dc51   Thumb Code    36  chassisr_task.o(i.mySaturate)
    osDelay                                  0x0800dc75   Thumb Code    16  cmsis_os.o(i.osDelay)
    osKernelStart                            0x0800dc85   Thumb Code    10  cmsis_os.o(i.osKernelStart)
    osThreadCreate                           0x0800dc8f   Thumb Code    46  cmsis_os.o(i.osThreadCreate)
    printf_task                              0x0800dcbd   Thumb Code   118  printf_task.o(i.printf_task)
    pvPortMalloc                             0x0800e0b5   Thumb Code   214  heap_4.o(i.pvPortMalloc)
    pxPortInitialiseStack                    0x0800e191   Thumb Code    30  port.o(i.pxPortInitialiseStack)
    remote_task                              0x0800e1b5   Thumb Code   122  remote_task.o(i.remote_task)
    sqrtf                                    0x0800e24d   Thumb Code    62  sqrtf.o(i.sqrtf)
    uint_to_float                            0x0800e28b   Thumb Code    40  dm4310_drv.o(i.uint_to_float)
    upborad_fbdata                           0x0800e2b5   Thumb Code   128  up_board.o(i.upborad_fbdata)
    uxListRemove                             0x0800e33d   Thumb Code    38  list.o(i.uxListRemove)
    vListInitialise                          0x0800e363   Thumb Code    22  list.o(i.vListInitialise)
    vListInitialiseItem                      0x0800e379   Thumb Code     6  list.o(i.vListInitialiseItem)
    vListInsert                              0x0800e37f   Thumb Code    48  list.o(i.vListInsert)
    vListInsertEnd                           0x0800e3af   Thumb Code    24  list.o(i.vListInsertEnd)
    vPortEnterCritical                       0x0800e3c9   Thumb Code    54  port.o(i.vPortEnterCritical)
    vPortExitCritical                        0x0800e409   Thumb Code    38  port.o(i.vPortExitCritical)
    vPortFree                                0x0800e435   Thumb Code    94  heap_4.o(i.vPortFree)
    vPortSetupTimerInterrupt                 0x0800e499   Thumb Code    32  port.o(i.vPortSetupTimerInterrupt)
    vTaskDelay                               0x0800e4bd   Thumb Code    70  tasks.o(i.vTaskDelay)
    vTaskStartScheduler                      0x0800e50d   Thumb Code    86  tasks.o(i.vTaskStartScheduler)
    vTaskSuspendAll                          0x0800e575   Thumb Code    10  tasks.o(i.vTaskSuspendAll)
    vTaskSwitchContext                       0x0800e585   Thumb Code    86  tasks.o(i.vTaskSwitchContext)
    wheel_motor_init                         0x0800e5e5   Thumb Code     6  dm4310_drv.o(i.wheel_motor_init)
    xPortStartScheduler                      0x0800e5ed   Thumb Code   222  port.o(i.xPortStartScheduler)
    xTaskCreate                              0x0800e6e1   Thumb Code    96  tasks.o(i.xTaskCreate)
    xTaskIncrementTick                       0x0800e741   Thumb Code   198  tasks.o(i.xTaskIncrementTick)
    xTaskResumeAll                           0x0800e811   Thumb Code   192  tasks.o(i.xTaskResumeAll)
    xvEstimateKF_Init                        0x0800e8dd   Thumb Code    94  observe_task.o(i.xvEstimateKF_Init)
    xvEstimateKF_Update                      0x0800e945   Thumb Code    54  observe_task.o(i.xvEstimateKF_Update)
    UARTPrescTable                           0x0800ea5c   Data          24  stm32h7xx_hal_uart.o(.constdata)
    D1CorePrescTable                         0x0800ea84   Data          16  system_stm32h7xx.o(.constdata)
    IMU_QuaternionEKF_F                      0x0800ea94   Data         144  quaternionekf.o(.constdata)
    vaEstimateKF_H                           0x0800eb78   Data          16  observe_task.o(.constdata)
    sinTable_f32                             0x0800ebdc   Data        2052  arm_common_tables.o(.rodata.sinTable_f32)
    Region$$Table$$Base                      0x0800f3e0   Number         0  anon$$obj.o(Region$$Table)
    Region$$Table$$Limit                     0x0800f400   Number         0  anon$$obj.o(Region$$Table)
    Printf_TASKHandle                        0x24000000   Data           4  freertos.o(.data)
    INS_TASKHandle                           0x24000004   Data           4  freertos.o(.data)
    CHASSISR_TASKHandle                      0x24000008   Data           4  freertos.o(.data)
    CHASSISL_TASKHandle                      0x2400000c   Data           4  freertos.o(.data)
    OBSERVE_TASKHandle                       0x24000010   Data           4  freertos.o(.data)
    REMOTE_TASKHandle                        0x24000014   Data           4  freertos.o(.data)
    uwTickFreq                               0x2400001c   Data           1  stm32h7xx_hal.o(.data)
    uwTickPrio                               0x24000020   Data           4  stm32h7xx_hal.o(.data)
    uwTick                                   0x24000024   Data           4  stm32h7xx_hal.o(.data)
    SystemCoreClock                          0x24000028   Data           4  system_stm32h7xx.o(.data)
    SystemD2Clock                            0x2400002c   Data           4  system_stm32h7xx.o(.data)
    caliOffset                               0x24000033   Data           1  bmi088driver.o(.data)
    caliCount                                0x24000034   Data           2  bmi088driver.o(.data)
    BMI088_ACCEL_SEN                         0x2400003c   Data           4  bmi088driver.o(.data)
    BMI088_GYRO_SEN                          0x24000040   Data           4  bmi088driver.o(.data)
    gNormDiff                                0x24000048   Data           4  bmi088driver.o(.data)
    BMI088_SPI                               0x24000078   Data           4  bmi088middleware.o(.data)
    control_type                             0x2400007c   Data           1  up_board.o(.data)
    remote_online_flag                       0x24000080   Data           4  up_board.o(.data)
    Last_remote_online_flag                  0x24000084   Data           4  up_board.o(.data)
    yaw_offset                               0x24000088   Data           4  quaternionekf.o(.data)
    IMU_QuaternionEKF_P                      0x240000d0   Data         144  quaternionekf.o(.data)
    Air_Time_R                               0x24000162   Data           1  vmc_calc.o(.data)
    Air_Time_L                               0x24000163   Data           1  vmc_calc.o(.data)
    FnR                                      0x24000174   Data           4  vmc_calc.o(.data)
    FnL                                      0x24000178   Data           4  vmc_calc.o(.data)
    sizeof_float                             0x2400017c   Data           2  kalman_filter.o(.data)
    sizeof_double                            0x2400017e   Data           2  kalman_filter.o(.data)
    pxCurrentTCB                             0x24000180   Data           4  tasks.o(.data)
    Last_left_flag                           0x240001e8   Data           1  chassisl_task.o(.data)
    Air_Flag_L                               0x240001e9   Data           1  chassisl_task.o(.data)
    left_flag                                0x240001ea   Data           1  chassisl_task.o(.data)
    CHASSL_TIME                              0x240001ec   Data           4  chassisl_task.o(.data)
    x_error                                  0x240001f0   Data           4  chassisl_task.o(.data)
    Left_Air_Count                           0x240001f4   Data           4  chassisl_task.o(.data)
    Left_Last_T                              0x240001f8   Data           4  chassisl_task.o(.data)
    Left_Dt                                  0x240001fc   Data           4  chassisl_task.o(.data)
    legl_pid_out                             0x24000200   Data           4  chassisl_task.o(.data)
    dlegl_pid_out                            0x24000204   Data           4  chassisl_task.o(.data)
    LQR_K_L                                  0x24000208   Data          48  chassisl_task.o(.data)
    INS_DWT_Count                            0x24000238   Data           4  ins_task.o(.data)
    ins_dt                                   0x2400023c   Data           4  ins_task.o(.data)
    ins_time                                 0x24000240   Data           4  ins_task.o(.data)
    stop_time                                0x24000244   Data           4  ins_task.o(.data)
    gravity                                  0x24000248   Data          12  ins_task.o(.data)
    right_flag                               0x24000254   Data           1  chassisr_task.o(.data)
    Last_right_flag                          0x24000255   Data           1  chassisr_task.o(.data)
    Air_Flag_R                               0x24000256   Data           1  chassisr_task.o(.data)
    theta_offset                             0x24000258   Data           4  chassisr_task.o(.data)
    theta_Air                                0x2400025c   Data           4  chassisr_task.o(.data)
    CHASSR_TIME                              0x24000260   Data           4  chassisr_task.o(.data)
    Status                                   0x24000264   Data           4  chassisr_task.o(.data)
    Right_Air_Count                          0x24000268   Data           4  chassisr_task.o(.data)
    Right_Last_T                             0x2400026c   Data           4  chassisr_task.o(.data)
    Right_Dt                                 0x24000270   Data           4  chassisr_task.o(.data)
    legr_pid_out                             0x24000274   Data           4  chassisr_task.o(.data)
    dlegr_pid_out                            0x24000278   Data           4  chassisr_task.o(.data)
    LQR_K_R                                  0x2400027c   Data          48  chassisr_task.o(.data)
    Poly_Coefficient                         0x240002ac   Data         192  chassisr_task.o(.data)
    mod50                                    0x2400036d   Data           1  observe_task.o(.data)
    wl                                       0x24000370   Data           4  observe_task.o(.data)
    vlb                                      0x24000374   Data           4  observe_task.o(.data)
    aver_v                                   0x24000378   Data           4  observe_task.o(.data)
    wr                                       0x2400037c   Data           4  observe_task.o(.data)
    vrb                                      0x24000380   Data           4  observe_task.o(.data)
    vel_acc                                  0x24000384   Data           8  observe_task.o(.data)
    vaEstimateKF_F                           0x2400038c   Data          16  observe_task.o(.data)
    vaEstimateKF_P                           0x2400039c   Data          16  observe_task.o(.data)
    vaEstimateKF_Q                           0x240003ac   Data          16  observe_task.o(.data)
    vaEstimateKF_R                           0x240003bc   Data          16  observe_task.o(.data)
    mod100                                   0x240003cc   Data           1  remote_task.o(.data)
    REMOTE_TIME                              0x240003d0   Data           4  remote_task.o(.data)
    Error_Count                              0x240003d4   Data           4  printf_task.o(.data)
    SysTime                                  0x24000408   Data           8  bsp_dwt.o(.data)
    CYCCNT64                                 0x24000410   Data           8  bsp_dwt.o(.data)
    hfdcan1                                  0x2400041c   Data         160  fdcan.o(.bss)
    hfdcan2                                  0x240004bc   Data         160  fdcan.o(.bss)
    hfdcan3                                  0x2400055c   Data         160  fdcan.o(.bss)
    hspi2                                    0x240005fc   Data         136  spi.o(.bss)
    hdma_spi2_rx                             0x24000684   Data         120  spi.o(.bss)
    hdma_spi2_tx                             0x240006fc   Data         120  spi.o(.bss)
    htim3                                    0x24000774   Data          76  tim.o(.bss)
    huart7                                   0x240007c0   Data         148  usart.o(.bss)
    hdma_uart7_tx                            0x24000854   Data         120  usart.o(.bss)
    htim2                                    0x240008cc   Data          76  stm32h7xx_hal_timebase_tim.o(.bss)
    gyroDiff                                 0x24000918   Data          12  bmi088driver.o(.bss)
    BMI088                                   0x24000924   Data          64  bmi088driver.o(.bss)
    Up_borard                                0x24000964   Data          36  up_board.o(.bss)
    QEKF_INS                                 0x24000988   Data         488  quaternionekf.o(.bss)
    IMU_QuaternionEKF_K                      0x24000b70   Data          72  quaternionekf.o(.bss)
    IMU_QuaternionEKF_H                      0x24000bb8   Data          72  quaternionekf.o(.bss)
    kalman_right_d_theta_s                   0x24000c00   Data          44  vmc_calc.o(.bss)
    kalman_right_d_L0_s                      0x24000c2c   Data          44  vmc_calc.o(.bss)
    kalman_right_d_alpha_s                   0x24000c58   Data          44  vmc_calc.o(.bss)
    kalman_left_d_theta_s                    0x24000c84   Data          44  vmc_calc.o(.bss)
    kalman_left_d_L0_s                       0x24000cb0   Data          44  vmc_calc.o(.bss)
    kalman_left_d_alpha_s                    0x24000cdc   Data          44  vmc_calc.o(.bss)
    left                                     0x240085f8   Data         200  chassisl_task.o(.bss)
    LegL_Pid                                 0x240086c0   Data          72  chassisl_task.o(.bss)
    dLegL_Pid                                0x24008708   Data          72  chassisl_task.o(.bss)
    INS                                      0x24008750   Data         176  ins_task.o(.bss)
    mahony                                   0x24008800   Data         132  ins_task.o(.bss)
    Gyro                                     0x24008884   Data          12  ins_task.o(.bss)
    Accel                                    0x24008890   Data          12  ins_task.o(.bss)
    right                                    0x2400889c   Data         200  chassisr_task.o(.bss)
    chassis_move                             0x24008964   Data         632  chassisr_task.o(.bss)
    LegR_Pid                                 0x24008bdc   Data          72  chassisr_task.o(.bss)
    dLegR_Pid                                0x24008c24   Data          72  chassisr_task.o(.bss)
    Roll_Pid                                 0x24008c6c   Data          72  chassisr_task.o(.bss)
    Tp_Pid                                   0x24008cb4   Data          72  chassisr_task.o(.bss)
    Turn_Pid                                 0x24008cfc   Data          72  chassisr_task.o(.bss)
    TP_out                                   0x24008d44   Data          24  chassisr_task.o(.bss)
    vaEstimateKF                             0x24008d5c   Data         320  observe_task.o(.bss)
    kalman_MotionAccel_n                     0x24008e9c   Data          44  observe_task.o(.bss)
    kalman_Gyro0                             0x24008ec8   Data          44  observe_task.o(.bss)
    kalman_wheel_L                           0x24008ef4   Data          44  observe_task.o(.bss)
    kalman_wheel_R                           0x24008f20   Data          44  observe_task.o(.bss)
    kalman_vlb_s                             0x24008f4c   Data          44  observe_task.o(.bss)
    kalman_vrb_s                             0x24008f78   Data          44  observe_task.o(.bss)
    Mes                                      0x24008fa4   Data         100  printf_task.o(.bss)
    RxHeader1                                0x24009008   Data          40  can_bsp.o(.bss)
    g_Can1RxData                             0x24009030   Data          64  can_bsp.o(.bss)
    RxHeader2                                0x24009070   Data          40  can_bsp.o(.bss)
    g_Can2RxData                             0x24009098   Data          64  can_bsp.o(.bss)
    __initial_sp                             0x240098d8   Data           0  startup_stm32h723xx.o(STACK)



==============================================================================

Memory Map of the image

  Image Entry point : 0x080002cd

  Load Region LR_IROM1 (Base: 0x08000000, Size: 0x0000f81c, Max: 0x00100000, ABSOLUTE, COMPRESSED[0x0000f584])

    Execution Region ER_IROM1 (Exec base: 0x08000000, Load base: 0x08000000, Size: 0x0000f400, Max: 0x00100000, ABSOLUTE)

    Exec Addr    Load Addr    Size         Type   Attr      Idx    E Section Name        Object

    0x08000000   0x08000000   0x000002cc   Data   RO            3    RESET               startup_stm32h723xx.o
    0x080002cc   0x080002cc   0x00000000   Code   RO         8907  * .ARM.Collect$$$$00000000  mc_w.l(entry.o)
    0x080002cc   0x080002cc   0x00000004   Code   RO         9199    .ARM.Collect$$$$00000001  mc_w.l(entry2.o)
    0x080002d0   0x080002d0   0x00000004   Code   RO         9202    .ARM.Collect$$$$00000004  mc_w.l(entry5.o)
    0x080002d4   0x080002d4   0x00000000   Code   RO         9204    .ARM.Collect$$$$00000008  mc_w.l(entry7b.o)
    0x080002d4   0x080002d4   0x00000000   Code   RO         9206    .ARM.Collect$$$$0000000A  mc_w.l(entry8b.o)
    0x080002d4   0x080002d4   0x00000008   Code   RO         9207    .ARM.Collect$$$$0000000B  mc_w.l(entry9a.o)
    0x080002dc   0x080002dc   0x00000004   Code   RO         9214    .ARM.Collect$$$$0000000E  mc_w.l(entry12b.o)
    0x080002e0   0x080002e0   0x00000000   Code   RO         9209    .ARM.Collect$$$$0000000F  mc_w.l(entry10a.o)
    0x080002e0   0x080002e0   0x00000000   Code   RO         9211    .ARM.Collect$$$$00000011  mc_w.l(entry11a.o)
    0x080002e0   0x080002e0   0x00000004   Code   RO         9200    .ARM.Collect$$$$00002712  mc_w.l(entry2.o)
    0x080002e4   0x080002e4   0x000000be   Code   RO         7859    .emb_text           port.o
    0x080003a2   0x080003a2   0x00000002   PAD
    0x080003a4   0x080003a4   0x00000024   Code   RO            4    .text               startup_stm32h723xx.o
    0x080003c8   0x080003c8   0x00000062   Code   RO         8910    .text               mc_w.l(uldiv.o)
    0x0800042a   0x0800042a   0x00000024   Code   RO         8912    .text               mc_w.l(memcpya.o)
    0x0800044e   0x0800044e   0x00000024   Code   RO         8916    .text               mc_w.l(memseta.o)
    0x08000472   0x08000472   0x0000000e   Code   RO         8918    .text               mc_w.l(strlen.o)
    0x08000480   0x08000480   0x0000002c   Code   RO         9218    .text               mc_w.l(uidiv.o)
    0x080004ac   0x080004ac   0x0000001e   Code   RO         9220    .text               mc_w.l(llshl.o)
    0x080004ca   0x080004ca   0x00000020   Code   RO         9222    .text               mc_w.l(llushr.o)
    0x080004ea   0x080004ea   0x00000000   Code   RO         9231    .text               mc_w.l(iusefp.o)
    0x080004ea   0x080004ea   0x0000014e   Code   RO         9232    .text               mf_w.l(dadd.o)
    0x08000638   0x08000638   0x000000e4   Code   RO         9234    .text               mf_w.l(dmul.o)
    0x0800071c   0x0800071c   0x000000de   Code   RO         9236    .text               mf_w.l(ddiv.o)
    0x080007fa   0x080007fa   0x00000030   Code   RO         9238    .text               mf_w.l(dfixul.o)
    0x0800082a   0x0800082a   0x00000002   PAD
    0x0800082c   0x0800082c   0x00000030   Code   RO         9240    .text               mf_w.l(cdrcmple.o)
    0x0800085c   0x0800085c   0x00000024   Code   RO         9242    .text               mc_w.l(init.o)
    0x08000880   0x08000880   0x00000024   Code   RO         9245    .text               mc_w.l(llsshr.o)
    0x080008a4   0x080008a4   0x000000ba   Code   RO         9248    .text               mf_w.l(depilogue.o)
    0x0800095e   0x0800095e   0x00000056   Code   RO         9258    .text               mc_w.l(__dczerorl2.o)
    0x080009b4   0x080009b4   0x00000090   Code   RO         8674    .text.arm_cos_f32   arm_cortexM7lfdp_math.lib(arm_cos_f32.o)
    0x08000a44   0x08000a44   0x000000be   Code   RO         8694    .text.arm_mat_add_f32  arm_cortexM7lfdp_math.lib(arm_mat_add_f32.o)
    0x08000b02   0x08000b02   0x00000008   Code   RO         8704    .text.arm_mat_init_f32  arm_cortexM7lfdp_math.lib(arm_mat_init_f32.o)
    0x08000b0a   0x08000b0a   0x00000002   PAD
    0x08000b0c   0x08000b0c   0x000002cc   Code   RO         8713    .text.arm_mat_inverse_f32  arm_cortexM7lfdp_math.lib(arm_mat_inverse_f32.o)
    0x08000dd8   0x08000dd8   0x00000130   Code   RO         8723    .text.arm_mat_mult_f32  arm_cortexM7lfdp_math.lib(arm_mat_mult_f32.o)
    0x08000f08   0x08000f08   0x000000be   Code   RO         8733    .text.arm_mat_sub_f32  arm_cortexM7lfdp_math.lib(arm_mat_sub_f32.o)
    0x08000fc6   0x08000fc6   0x00000002   PAD
    0x08000fc8   0x08000fc8   0x000000b4   Code   RO         8743    .text.arm_mat_trans_f32  arm_cortexM7lfdp_math.lib(arm_mat_trans_f32.o)
    0x0800107c   0x0800107c   0x0000008c   Code   RO         8684    .text.arm_sin_f32   arm_cortexM7lfdp_math.lib(arm_sin_f32.o)
    0x08001108   0x08001108   0x00000010   Code   RO         5978    i.BMI088_ACCEL_NS_H  bmi088middleware.o
    0x08001118   0x08001118   0x00000010   Code   RO         5979    i.BMI088_ACCEL_NS_L  bmi088middleware.o
    0x08001128   0x08001128   0x00000010   Code   RO         5980    i.BMI088_GYRO_NS_H  bmi088middleware.o
    0x08001138   0x08001138   0x00000010   Code   RO         5981    i.BMI088_GYRO_NS_L  bmi088middleware.o
    0x08001148   0x08001148   0x00000228   Code   RO         5888    i.BMI088_Read       bmi088driver.o
    0x08001370   0x08001370   0x000000ac   Code   RO         5889    i.BMI088_init       bmi088driver.o
    0x0800141c   0x0800141c   0x00000024   Code   RO         5890    i.BMI088_read_muli_reg  bmi088driver.o
    0x08001440   0x08001440   0x00000016   Code   RO         5891    i.BMI088_read_single_reg  bmi088driver.o
    0x08001456   0x08001456   0x00000002   PAD
    0x08001458   0x08001458   0x00000024   Code   RO         5982    i.BMI088_read_write_byte  bmi088middleware.o
    0x0800147c   0x0800147c   0x00000012   Code   RO         5892    i.BMI088_write_single_reg  bmi088driver.o
    0x0800148e   0x0800148e   0x000000ea   Code   RO         8003    i.BodyFrameToEarthFrame  ins_task.o
    0x08001578   0x08001578   0x00000002   Code   RO          643    i.BusFault_Handler  stm32h7xx_it.o
    0x0800157a   0x0800157a   0x00000002   PAD
    0x0800157c   0x0800157c   0x000004ec   Code   RO         5893    i.Calibrate_MPU_Offset  bmi088driver.o
    0x08001a68   0x08001a68   0x00000006   Code   RO          307    i.ChassisL_Task     freertos.o
    0x08001a6e   0x08001a6e   0x00000002   PAD
    0x08001a70   0x08001a70   0x000000ec   Code   RO         7939    i.ChassisL_init     chassisl_task.o
    0x08001b5c   0x08001b5c   0x00000160   Code   RO         7940    i.ChassisL_task     chassisl_task.o
    0x08001cbc   0x08001cbc   0x00000006   Code   RO          308    i.ChassisR_Task     freertos.o
    0x08001cc2   0x08001cc2   0x00000002   PAD
    0x08001cc4   0x08001cc4   0x000000e4   Code   RO         8065    i.ChassisR_init     chassisr_task.o
    0x08001da8   0x08001da8   0x00000170   Code   RO         8066    i.ChassisR_task     chassisr_task.o
    0x08001f18   0x08001f18   0x0000000c   Code   RO          644    i.DMA1_Stream0_IRQHandler  stm32h7xx_it.o
    0x08001f24   0x08001f24   0x0000000c   Code   RO          645    i.DMA1_Stream1_IRQHandler  stm32h7xx_it.o
    0x08001f30   0x08001f30   0x0000000c   Code   RO          646    i.DMA1_Stream2_IRQHandler  stm32h7xx_it.o
    0x08001f3c   0x08001f3c   0x000000c0   Code   RO         2709    i.DMA_CalcBaseAndBitshift  stm32h7xx_hal_dma.o
    0x08001ffc   0x08001ffc   0x000000a0   Code   RO         2710    i.DMA_CalcDMAMUXChannelBaseAndMask  stm32h7xx_hal_dma.o
    0x0800209c   0x0800209c   0x0000007c   Code   RO         2711    i.DMA_CalcDMAMUXRequestGenBaseAndMask  stm32h7xx_hal_dma.o
    0x08002118   0x08002118   0x00000078   Code   RO         2712    i.DMA_CheckFifoParam  stm32h7xx_hal_dma.o
    0x08002190   0x08002190   0x0000023c   Code   RO         2713    i.DMA_SetConfig     stm32h7xx_hal_dma.o
    0x080023cc   0x080023cc   0x00000028   Code   RO         8382    i.DWT_CNT_Update    bsp_dwt.o
    0x080023f4   0x080023f4   0x00000034   Code   RO         8383    i.DWT_Delay         bsp_dwt.o
    0x08002428   0x08002428   0x00000048   Code   RO         8384    i.DWT_GetDeltaT     bsp_dwt.o
    0x08002470   0x08002470   0x00000044   Code   RO         8387    i.DWT_GetTimeline_s  bsp_dwt.o
    0x080024b4   0x080024b4   0x00000048   Code   RO         8389    i.DWT_Init          bsp_dwt.o
    0x080024fc   0x080024fc   0x00000090   Code   RO         8390    i.DWT_SysTimeUpdate  bsp_dwt.o
    0x0800258c   0x0800258c   0x00000002   Code   RO          647    i.DebugMon_Handler  stm32h7xx_it.o
    0x0800258e   0x0800258e   0x000000ea   Code   RO         8004    i.EarthFrameToBodyFrame  ins_task.o
    0x08002678   0x08002678   0x00000004   Code   RO           13    i.Error_Handler     main.o
    0x0800267c   0x0800267c   0x00000060   Code   RO         8459    i.FDCAN1_Config     can_bsp.o
    0x080026dc   0x080026dc   0x0000000c   Code   RO          648    i.FDCAN1_IT0_IRQHandler  stm32h7xx_it.o
    0x080026e8   0x080026e8   0x00000060   Code   RO         8460    i.FDCAN2_Config     can_bsp.o
    0x08002748   0x08002748   0x0000000c   Code   RO          649    i.FDCAN2_IT0_IRQHandler  stm32h7xx_it.o
    0x08002754   0x08002754   0x0000000c   Code   RO          650    i.FDCAN3_IT0_IRQHandler  stm32h7xx_it.o
    0x08002760   0x08002760   0x000001b0   Code   RO         4350    i.FDCAN_CalcultateRamBlockAddresses  stm32h7xx_hal_fdcan.o
    0x08002910   0x08002910   0x00000078   Code   RO         4351    i.FDCAN_CopyMessageToRAM  stm32h7xx_hal_fdcan.o
    0x08002988   0x08002988   0x0000037c   Code   RO         2714    i.HAL_DMA_Abort     stm32h7xx_hal_dma.o
    0x08002d04   0x08002d04   0x000002b0   Code   RO         2715    i.HAL_DMA_Abort_IT  stm32h7xx_hal_dma.o
    0x08002fb4   0x08002fb4   0x000007a8   Code   RO         2719    i.HAL_DMA_IRQHandler  stm32h7xx_hal_dma.o
    0x0800375c   0x0800375c   0x000003f0   Code   RO         2720    i.HAL_DMA_Init      stm32h7xx_hal_dma.o
    0x08003b4c   0x08003b4c   0x000002ec   Code   RO         2724    i.HAL_DMA_Start_IT  stm32h7xx_hal_dma.o
    0x08003e38   0x08003e38   0x00000024   Code   RO         3411    i.HAL_Delay         stm32h7xx_hal.o
    0x08003e5c   0x08003e5c   0x00000084   Code   RO         4353    i.HAL_FDCAN_ActivateNotification  stm32h7xx_hal_fdcan.o
    0x08003ee0   0x08003ee0   0x0000006c   Code   RO         4355    i.HAL_FDCAN_AddMessageToTxFifoQ  stm32h7xx_hal_fdcan.o
    0x08003f4c   0x08003f4c   0x00000002   Code   RO         4356    i.HAL_FDCAN_ClockCalibrationCallback  stm32h7xx_hal_fdcan.o
    0x08003f4e   0x08003f4e   0x00000088   Code   RO         4360    i.HAL_FDCAN_ConfigFilter  stm32h7xx_hal_fdcan.o
    0x08003fd6   0x08003fd6   0x00000030   Code   RO         4361    i.HAL_FDCAN_ConfigGlobalFilter  stm32h7xx_hal_fdcan.o
    0x08004006   0x08004006   0x00000002   Code   RO         4382    i.HAL_FDCAN_ErrorCallback  stm32h7xx_hal_fdcan.o
    0x08004008   0x08004008   0x00000002   Code   RO         4383    i.HAL_FDCAN_ErrorStatusCallback  stm32h7xx_hal_fdcan.o
    0x0800400a   0x0800400a   0x00000002   PAD
    0x0800400c   0x0800400c   0x000001b0   Code   RO         4394    i.HAL_FDCAN_GetRxMessage  stm32h7xx_hal_fdcan.o
    0x080041bc   0x080041bc   0x00000002   Code   RO         4400    i.HAL_FDCAN_HighPriorityMessageCallback  stm32h7xx_hal_fdcan.o
    0x080041be   0x080041be   0x00000002   PAD
    0x080041c0   0x080041c0   0x000002ec   Code   RO         4401    i.HAL_FDCAN_IRQHandler  stm32h7xx_hal_fdcan.o
    0x080044ac   0x080044ac   0x00000268   Code   RO         4402    i.HAL_FDCAN_Init    stm32h7xx_hal_fdcan.o
    0x08004714   0x08004714   0x00000148   Code   RO          457    i.HAL_FDCAN_MspInit  fdcan.o
    0x0800485c   0x0800485c   0x00000002   Code   RO         4411    i.HAL_FDCAN_RxBufferNewMessageCallback  stm32h7xx_hal_fdcan.o
    0x0800485e   0x0800485e   0x00000002   PAD
    0x08004860   0x08004860   0x00000090   Code   RO         8461    i.HAL_FDCAN_RxFifo0Callback  can_bsp.o
    0x080048f0   0x080048f0   0x00000094   Code   RO         8462    i.HAL_FDCAN_RxFifo1Callback  can_bsp.o
    0x08004984   0x08004984   0x00000030   Code   RO         4414    i.HAL_FDCAN_Start   stm32h7xx_hal_fdcan.o
    0x080049b4   0x080049b4   0x00000002   Code   RO         4436    i.HAL_FDCAN_TT_GlobalTimeCallback  stm32h7xx_hal_fdcan.o
    0x080049b6   0x080049b6   0x00000002   Code   RO         4437    i.HAL_FDCAN_TT_ScheduleSyncCallback  stm32h7xx_hal_fdcan.o
    0x080049b8   0x080049b8   0x00000002   Code   RO         4442    i.HAL_FDCAN_TT_StopWatchCallback  stm32h7xx_hal_fdcan.o
    0x080049ba   0x080049ba   0x00000002   Code   RO         4443    i.HAL_FDCAN_TT_TimeMarkCallback  stm32h7xx_hal_fdcan.o
    0x080049bc   0x080049bc   0x00000002   Code   RO         4444    i.HAL_FDCAN_TimeoutOccurredCallback  stm32h7xx_hal_fdcan.o
    0x080049be   0x080049be   0x00000002   Code   RO         4445    i.HAL_FDCAN_TimestampWraparoundCallback  stm32h7xx_hal_fdcan.o
    0x080049c0   0x080049c0   0x00000002   Code   RO         4446    i.HAL_FDCAN_TxBufferAbortCallback  stm32h7xx_hal_fdcan.o
    0x080049c2   0x080049c2   0x00000002   Code   RO         4447    i.HAL_FDCAN_TxBufferCompleteCallback  stm32h7xx_hal_fdcan.o
    0x080049c4   0x080049c4   0x00000002   Code   RO         4448    i.HAL_FDCAN_TxEventFifoCallback  stm32h7xx_hal_fdcan.o
    0x080049c6   0x080049c6   0x00000002   Code   RO         4449    i.HAL_FDCAN_TxFifoEmptyCallback  stm32h7xx_hal_fdcan.o
    0x080049c8   0x080049c8   0x00000214   Code   RO         2562    i.HAL_GPIO_Init     stm32h7xx_hal_gpio.o
    0x08004bdc   0x08004bdc   0x0000000e   Code   RO         2566    i.HAL_GPIO_WritePin  stm32h7xx_hal_gpio.o
    0x08004bea   0x08004bea   0x00000002   PAD
    0x08004bec   0x08004bec   0x0000000c   Code   RO         3427    i.HAL_GetTick       stm32h7xx_hal.o
    0x08004bf8   0x08004bf8   0x00000010   Code   RO         3433    i.HAL_IncTick       stm32h7xx_hal.o
    0x08004c08   0x08004c08   0x0000005c   Code   RO         3434    i.HAL_Init          stm32h7xx_hal.o
    0x08004c64   0x08004c64   0x00000090   Code   RO          779    i.HAL_InitTick      stm32h7xx_hal_timebase_tim.o
    0x08004cf4   0x08004cf4   0x00000024   Code   RO          755    i.HAL_MspInit       stm32h7xx_hal_msp.o
    0x08004d18   0x08004d18   0x0000001a   Code   RO         1854    i.HAL_NVIC_EnableIRQ  stm32h7xx_hal_cortex.o
    0x08004d32   0x08004d32   0x00000002   PAD
    0x08004d34   0x08004d34   0x00000040   Code   RO         1860    i.HAL_NVIC_SetPriority  stm32h7xx_hal_cortex.o
    0x08004d74   0x08004d74   0x00000024   Code   RO         1861    i.HAL_NVIC_SetPriorityGrouping  stm32h7xx_hal_cortex.o
    0x08004d98   0x08004d98   0x00000058   Code   RO         3163    i.HAL_PWREx_ConfigSupply  stm32h7xx_hal_pwr_ex.o
    0x08004df0   0x08004df0   0x00000024   Code   RO         2105    i.HAL_RCCEx_GetD3PCLK1Freq  stm32h7xx_hal_rcc_ex.o
    0x08004e14   0x08004e14   0x000001c0   Code   RO         2107    i.HAL_RCCEx_GetPLL2ClockFreq  stm32h7xx_hal_rcc_ex.o
    0x08004fd4   0x08004fd4   0x000001c0   Code   RO         2108    i.HAL_RCCEx_GetPLL3ClockFreq  stm32h7xx_hal_rcc_ex.o
    0x08005194   0x08005194   0x00000990   Code   RO         2114    i.HAL_RCCEx_PeriphCLKConfig  stm32h7xx_hal_rcc_ex.o
    0x08005b24   0x08005b24   0x0000027c   Code   RO         1990    i.HAL_RCC_ClockConfig  stm32h7xx_hal_rcc.o
    0x08005da0   0x08005da0   0x00000060   Code   RO         1994    i.HAL_RCC_GetClockConfig  stm32h7xx_hal_rcc.o
    0x08005e00   0x08005e00   0x00000044   Code   RO         1995    i.HAL_RCC_GetHCLKFreq  stm32h7xx_hal_rcc.o
    0x08005e44   0x08005e44   0x00000024   Code   RO         1997    i.HAL_RCC_GetPCLK1Freq  stm32h7xx_hal_rcc.o
    0x08005e68   0x08005e68   0x00000024   Code   RO         1998    i.HAL_RCC_GetPCLK2Freq  stm32h7xx_hal_rcc.o
    0x08005e8c   0x08005e8c   0x000001b4   Code   RO         1999    i.HAL_RCC_GetSysClockFreq  stm32h7xx_hal_rcc.o
    0x08006040   0x08006040   0x000005d8   Code   RO         2002    i.HAL_RCC_OscConfig  stm32h7xx_hal_rcc.o
    0x08006618   0x08006618   0x00000002   Code   RO         4975    i.HAL_SPI_ErrorCallback  stm32h7xx_hal_spi.o
    0x0800661a   0x0800661a   0x00000002   PAD
    0x0800661c   0x0800661c   0x00000230   Code   RO         4978    i.HAL_SPI_IRQHandler  stm32h7xx_hal_spi.o
    0x0800684c   0x0800684c   0x00000174   Code   RO         4979    i.HAL_SPI_Init      stm32h7xx_hal_spi.o
    0x080069c0   0x080069c0   0x00000138   Code   RO          512    i.HAL_SPI_MspInit   spi.o
    0x08006af8   0x08006af8   0x00000002   Code   RO         4985    i.HAL_SPI_RxCpltCallback  stm32h7xx_hal_spi.o
    0x08006afa   0x08006afa   0x00000002   Code   RO         4987    i.HAL_SPI_SuspendCallback  stm32h7xx_hal_spi.o
    0x08006afc   0x08006afc   0x0000027e   Code   RO         4989    i.HAL_SPI_TransmitReceive  stm32h7xx_hal_spi.o
    0x08006d7a   0x08006d7a   0x00000002   Code   RO         4994    i.HAL_SPI_TxCpltCallback  stm32h7xx_hal_spi.o
    0x08006d7c   0x08006d7c   0x00000002   Code   RO         4996    i.HAL_SPI_TxRxCpltCallback  stm32h7xx_hal_spi.o
    0x08006d7e   0x08006d7e   0x00000002   PAD
    0x08006d80   0x08006d80   0x00000010   Code   RO         3441    i.HAL_SYSCFG_AnalogSwitchConfig  stm32h7xx_hal.o
    0x08006d90   0x08006d90   0x00000002   Code   RO         1545    i.HAL_TIMEx_Break2Callback  stm32h7xx_hal_tim_ex.o
    0x08006d92   0x08006d92   0x00000002   Code   RO         1546    i.HAL_TIMEx_BreakCallback  stm32h7xx_hal_tim_ex.o
    0x08006d94   0x08006d94   0x00000002   Code   RO         1547    i.HAL_TIMEx_CommutCallback  stm32h7xx_hal_tim_ex.o
    0x08006d96   0x08006d96   0x00000002   PAD
    0x08006d98   0x08006d98   0x000000b4   Code   RO         1568    i.HAL_TIMEx_MasterConfigSynchronization  stm32h7xx_hal_tim_ex.o
    0x08006e4c   0x08006e4c   0x0000004e   Code   RO          820    i.HAL_TIM_Base_Init  stm32h7xx_hal_tim.o
    0x08006e9a   0x08006e9a   0x00000002   Code   RO          822    i.HAL_TIM_Base_MspInit  stm32h7xx_hal_tim.o
    0x08006e9c   0x08006e9c   0x000000a8   Code   RO          825    i.HAL_TIM_Base_Start_IT  stm32h7xx_hal_tim.o
    0x08006f44   0x08006f44   0x00000002   Code   RO          854    i.HAL_TIM_IC_CaptureCallback  stm32h7xx_hal_tim.o
    0x08006f46   0x08006f46   0x0000018c   Code   RO          868    i.HAL_TIM_IRQHandler  stm32h7xx_hal_tim.o
    0x080070d2   0x080070d2   0x00000002   PAD
    0x080070d4   0x080070d4   0x00000050   Code   RO          553    i.HAL_TIM_MspPostInit  tim.o
    0x08007124   0x08007124   0x00000002   Code   RO          871    i.HAL_TIM_OC_DelayElapsedCallback  stm32h7xx_hal_tim.o
    0x08007126   0x08007126   0x00000136   Code   RO          892    i.HAL_TIM_PWM_ConfigChannel  stm32h7xx_hal_tim.o
    0x0800725c   0x0800725c   0x0000004e   Code   RO          895    i.HAL_TIM_PWM_Init  stm32h7xx_hal_tim.o
    0x080072aa   0x080072aa   0x00000002   PAD
    0x080072ac   0x080072ac   0x00000028   Code   RO          555    i.HAL_TIM_PWM_MspInit  tim.o
    0x080072d4   0x080072d4   0x00000002   Code   RO          898    i.HAL_TIM_PWM_PulseFinishedCallback  stm32h7xx_hal_tim.o
    0x080072d6   0x080072d6   0x0000000e   Code   RO           14    i.HAL_TIM_PeriodElapsedCallback  main.o
    0x080072e4   0x080072e4   0x00000002   Code   RO          911    i.HAL_TIM_TriggerCallback  stm32h7xx_hal_tim.o
    0x080072e6   0x080072e6   0x0000003e   Code   RO         5727    i.HAL_UARTEx_DisableFifoMode  stm32h7xx_hal_uart_ex.o
    0x08007324   0x08007324   0x00000002   Code   RO         5311    i.HAL_UARTEx_RxEventCallback  stm32h7xx_hal_uart.o
    0x08007326   0x08007326   0x00000002   Code   RO         5735    i.HAL_UARTEx_RxFifoFullCallback  stm32h7xx_hal_uart_ex.o
    0x08007328   0x08007328   0x0000004c   Code   RO         5736    i.HAL_UARTEx_SetRxFifoThreshold  stm32h7xx_hal_uart_ex.o
    0x08007374   0x08007374   0x0000004c   Code   RO         5737    i.HAL_UARTEx_SetTxFifoThreshold  stm32h7xx_hal_uart_ex.o
    0x080073c0   0x080073c0   0x00000002   Code   RO         5739    i.HAL_UARTEx_TxFifoEmptyCallback  stm32h7xx_hal_uart_ex.o
    0x080073c2   0x080073c2   0x00000002   Code   RO         5740    i.HAL_UARTEx_WakeupCallback  stm32h7xx_hal_uart_ex.o
    0x080073c4   0x080073c4   0x00000002   Code   RO         5327    i.HAL_UART_ErrorCallback  stm32h7xx_hal_uart.o
    0x080073c6   0x080073c6   0x00000002   PAD
    0x080073c8   0x080073c8   0x00000394   Code   RO         5330    i.HAL_UART_IRQHandler  stm32h7xx_hal_uart.o
    0x0800775c   0x0800775c   0x00000070   Code   RO         5331    i.HAL_UART_Init     stm32h7xx_hal_uart.o
    0x080077cc   0x080077cc   0x000000cc   Code   RO          602    i.HAL_UART_MspInit  usart.o
    0x08007898   0x08007898   0x00000090   Code   RO         5341    i.HAL_UART_Transmit_DMA  stm32h7xx_hal_uart.o
    0x08007928   0x08007928   0x00000002   Code   RO         5343    i.HAL_UART_TxCpltCallback  stm32h7xx_hal_uart.o
    0x0800792a   0x0800792a   0x00000002   Code   RO         5344    i.HAL_UART_TxHalfCpltCallback  stm32h7xx_hal_uart.o
    0x0800792c   0x0800792c   0x000000fc   Code   RO         6387    i.H_K_R_Adjustment  kalman_filter.o
    0x08007a28   0x08007a28   0x00000002   Code   RO          651    i.HardFault_Handler  stm32h7xx_it.o
    0x08007a2a   0x08007a2a   0x00000002   PAD
    0x08007a2c   0x08007a2c   0x00000148   Code   RO         6244    i.IMU_QuaternionEKF_F_Linearization_P_Fading  quaternionekf.o
    0x08007b74   0x08007b74   0x000000e4   Code   RO         6245    i.IMU_QuaternionEKF_Init  quaternionekf.o
    0x08007c58   0x08007c58   0x00000034   Code   RO         6246    i.IMU_QuaternionEKF_Observe  quaternionekf.o
    0x08007c8c   0x08007c8c   0x000000c4   Code   RO         6247    i.IMU_QuaternionEKF_SetH  quaternionekf.o
    0x08007d50   0x08007d50   0x00000414   Code   RO         6248    i.IMU_QuaternionEKF_Update  quaternionekf.o
    0x08008164   0x08008164   0x000003b4   Code   RO         6249    i.IMU_QuaternionEKF_xhatUpdate  quaternionekf.o
    0x08008518   0x08008518   0x0000006c   Code   RO         8005    i.INS_Init          ins_task.o
    0x08008584   0x08008584   0x00000006   Code   RO          309    i.INS_Task          freertos.o
    0x0800858a   0x0800858a   0x00000002   PAD
    0x0800858c   0x0800858c   0x000002bc   Code   RO         8006    i.INS_task          ins_task.o
    0x08008848   0x08008848   0x000003f8   Code   RO         6388    i.Kalman_Filter_Init  kalman_filter.o
    0x08008c40   0x08008c40   0x00000048   Code   RO         6389    i.Kalman_Filter_Measure  kalman_filter.o
    0x08008c88   0x08008c88   0x00000062   Code   RO         6390    i.Kalman_Filter_P_Update  kalman_filter.o
    0x08008cea   0x08008cea   0x0000006c   Code   RO         6391    i.Kalman_Filter_PminusUpdate  kalman_filter.o
    0x08008d56   0x08008d56   0x000000be   Code   RO         6392    i.Kalman_Filter_SetK  kalman_filter.o
    0x08008e14   0x08008e14   0x000000ec   Code   RO         6393    i.Kalman_Filter_Update  kalman_filter.o
    0x08008f00   0x08008f00   0x00000074   Code   RO         6394    i.Kalman_Filter_xhatMinusUpdate  kalman_filter.o
    0x08008f74   0x08008f74   0x00000080   Code   RO         6395    i.Kalman_Filter_xhatUpdate  kalman_filter.o
    0x08008ff4   0x08008ff4   0x0000002e   Code   RO         6317    i.LQR_K_calc        vmc_calc.o
    0x08009022   0x08009022   0x00000002   PAD
    0x08009024   0x08009024   0x0000004c   Code   RO          432    i.MX_DMA_Init       dma.o
    0x08009070   0x08009070   0x00000064   Code   RO          458    i.MX_FDCAN1_Init    fdcan.o
    0x080090d4   0x080090d4   0x0000006c   Code   RO          459    i.MX_FDCAN2_Init    fdcan.o
    0x08009140   0x08009140   0x0000006c   Code   RO          460    i.MX_FDCAN3_Init    fdcan.o
    0x080091ac   0x080091ac   0x00000094   Code   RO          310    i.MX_FREERTOS_Init  freertos.o
    0x08009240   0x08009240   0x00000138   Code   RO          283    i.MX_GPIO_Init      gpio.o
    0x08009378   0x08009378   0x00000060   Code   RO          513    i.MX_SPI2_Init      spi.o
    0x080093d8   0x080093d8   0x00000074   Code   RO          556    i.MX_TIM3_Init      tim.o
    0x0800944c   0x0800944c   0x00000068   Code   RO          603    i.MX_UART7_Init     usart.o
    0x080094b4   0x080094b4   0x00000002   Code   RO          652    i.MemManage_Handler  stm32h7xx_it.o
    0x080094b6   0x080094b6   0x00000002   Code   RO          653    i.NMI_Handler       stm32h7xx_it.o
    0x080094b8   0x080094b8   0x00000006   Code   RO          311    i.OBSERVE_Task      freertos.o
    0x080094be   0x080094be   0x00000002   PAD
    0x080094c0   0x080094c0   0x0000030c   Code   RO         8137    i.Observe_task      observe_task.o
    0x080097cc   0x080097cc   0x00000160   Code   RO         6604    i.PID_Calc          pid.o
    0x0800992c   0x0800992c   0x0000005c   Code   RO         6606    i.PID_init          pid.o
    0x08009988   0x08009988   0x00000060   Code   RO         8067    i.Pensation_init    chassisr_task.o
    0x080099e8   0x080099e8   0x00000046   Code   RO           15    i.PeriphCommonClock_Config  main.o
    0x08009a2e   0x08009a2e   0x00000006   Code   RO          313    i.Printf_Task       freertos.o
    0x08009a34   0x08009a34   0x00000124   Code   RO         2117    i.RCCEx_PLL2_Config  stm32h7xx_hal_rcc_ex.o
    0x08009b58   0x08009b58   0x00000124   Code   RO         2118    i.RCCEx_PLL3_Config  stm32h7xx_hal_rcc_ex.o
    0x08009c7c   0x08009c7c   0x0000004e   Code   RO         6640    i.Recv_Adjust_PeriodElapsedCallback  my_kalman.o
    0x08009cca   0x08009cca   0x00000006   Code   RO          314    i.Remote_Task       freertos.o
    0x08009cd0   0x08009cd0   0x00000180   Code   RO         8313    i.Remote_data_process  remote_task.o
    0x08009e50   0x08009e50   0x000000b2   Code   RO         6181    i.RotationMatrix_update  mahony_filter.o
    0x08009f02   0x08009f02   0x00000002   PAD
    0x08009f04   0x08009f04   0x0000000c   Code   RO          654    i.SPI2_IRQHandler   stm32h7xx_it.o
    0x08009f10   0x08009f10   0x000000ba   Code   RO         4999    i.SPI_CloseTransfer  stm32h7xx_hal_spi.o
    0x08009fca   0x08009fca   0x00000018   Code   RO         5000    i.SPI_DMAAbortOnError  stm32h7xx_hal_spi.o
    0x08009fe2   0x08009fe2   0x00000014   Code   RO         5010    i.SPI_GetPacketSize  stm32h7xx_hal_spi.o
    0x08009ff6   0x08009ff6   0x00000042   Code   RO         5017    i.SPI_WaitOnFlagUntilTimeout  stm32h7xx_hal_spi.o
    0x0800a038   0x0800a038   0x0000002c   Code   RO         7860    i.SysTick_Handler   port.o
    0x0800a064   0x0800a064   0x00000094   Code   RO           16    i.SystemClock_Config  main.o
    0x0800a0f8   0x0800a0f8   0x000000c0   Code   RO         5851    i.SystemInit        system_stm32h7xx.o
    0x0800a1b8   0x0800a1b8   0x0000000c   Code   RO          655    i.TIM2_IRQHandler   stm32h7xx_it.o
    0x0800a1c4   0x0800a1c4   0x000000d4   Code   RO          913    i.TIM_Base_SetConfig  stm32h7xx_hal_tim.o
    0x0800a298   0x0800a298   0x000000a0   Code   RO          926    i.TIM_OC1_SetConfig  stm32h7xx_hal_tim.o
    0x0800a338   0x0800a338   0x00000094   Code   RO          927    i.TIM_OC2_SetConfig  stm32h7xx_hal_tim.o
    0x0800a3cc   0x0800a3cc   0x00000094   Code   RO          928    i.TIM_OC3_SetConfig  stm32h7xx_hal_tim.o
    0x0800a460   0x0800a460   0x00000074   Code   RO          929    i.TIM_OC4_SetConfig  stm32h7xx_hal_tim.o
    0x0800a4d4   0x0800a4d4   0x00000070   Code   RO          930    i.TIM_OC5_SetConfig  stm32h7xx_hal_tim.o
    0x0800a544   0x0800a544   0x00000070   Code   RO          931    i.TIM_OC6_SetConfig  stm32h7xx_hal_tim.o
    0x0800a5b4   0x0800a5b4   0x0000000c   Code   RO          656    i.UART7_IRQHandler  stm32h7xx_it.o
    0x0800a5c0   0x0800a5c0   0x00000048   Code   RO         5741    i.UARTEx_SetNbDataToProcess  stm32h7xx_hal_uart_ex.o
    0x0800a608   0x0800a608   0x000000c8   Code   RO         5345    i.UART_AdvFeatureConfig  stm32h7xx_hal_uart.o
    0x0800a6d0   0x0800a6d0   0x000000aa   Code   RO         5346    i.UART_CheckIdleState  stm32h7xx_hal_uart.o
    0x0800a77a   0x0800a77a   0x00000014   Code   RO         5347    i.UART_DMAAbortOnError  stm32h7xx_hal_uart.o
    0x0800a78e   0x0800a78e   0x00000050   Code   RO         5348    i.UART_DMAError     stm32h7xx_hal_uart.o
    0x0800a7de   0x0800a7de   0x00000042   Code   RO         5353    i.UART_DMATransmitCplt  stm32h7xx_hal_uart.o
    0x0800a820   0x0800a820   0x0000000a   Code   RO         5355    i.UART_DMATxHalfCplt  stm32h7xx_hal_uart.o
    0x0800a82a   0x0800a82a   0x00000002   PAD
    0x0800a82c   0x0800a82c   0x00000054   Code   RO         5357    i.UART_EndRxTransfer  stm32h7xx_hal_uart.o
    0x0800a880   0x0800a880   0x00000024   Code   RO         5358    i.UART_EndTransmit_IT  stm32h7xx_hal_uart.o
    0x0800a8a4   0x0800a8a4   0x0000002e   Code   RO         5359    i.UART_EndTxTransfer  stm32h7xx_hal_uart.o
    0x0800a8d2   0x0800a8d2   0x00000002   PAD
    0x0800a8d4   0x0800a8d4   0x0000052e   Code   RO         5364    i.UART_SetConfig    stm32h7xx_hal_uart.o
    0x0800ae02   0x0800ae02   0x00000090   Code   RO         5371    i.UART_WaitOnFlagUntilTimeout  stm32h7xx_hal_uart.o
    0x0800ae92   0x0800ae92   0x00000002   Code   RO          657    i.UsageFault_Handler  stm32h7xx_it.o
    0x0800ae94   0x0800ae94   0x0000047c   Code   RO         6318    i.VMC_calc_1_left   vmc_calc.o
    0x0800b310   0x0800b310   0x00000478   Code   RO         6319    i.VMC_calc_1_right  vmc_calc.o
    0x0800b788   0x0800b788   0x00000032   Code   RO         6320    i.VMC_calc_2        vmc_calc.o
    0x0800b7ba   0x0800b7ba   0x00000002   PAD
    0x0800b7bc   0x0800b7bc   0x000000ec   Code   RO         6321    i.VMC_init          vmc_calc.o
    0x0800b8a8   0x0800b8a8   0x00000028   Code   RO         9157    i.__0sprintf        mc_w.l(printfa.o)
    0x0800b8d0   0x0800b8d0   0x00000026   Code   RO         9183    i.__ARM_fpclassifyf  m_wv.l(fpclassifyf.o)
    0x0800b8f6   0x0800b8f6   0x00000020   Code   RO         1867    i.__NVIC_SetPriority  stm32h7xx_hal_cortex.o
    0x0800b916   0x0800b916   0x00000002   PAD
    0x0800b918   0x0800b918   0x00000124   Code   RO         8847    i.__hardfp_acosf    m_wv.l(acosf.o)
    0x0800ba3c   0x0800ba3c   0x00000138   Code   RO         8859    i.__hardfp_asinf    m_wv.l(asinf.o)
    0x0800bb74   0x0800bb74   0x000002b4   Code   RO         8871    i.__hardfp_atan2f   m_wv.l(atan2f.o)
    0x0800be28   0x0800be28   0x00000066   Code   RO         8883    i.__hardfp_sqrt     m_wv.l(sqrt.o)
    0x0800be8e   0x0800be8e   0x0000003a   Code   RO         8895    i.__hardfp_sqrtf    m_wv.l(sqrtf.o)
    0x0800bec8   0x0800bec8   0x00000006   Code   RO         9186    i.__mathlib_flt_infnan  m_wv.l(funder.o)
    0x0800bece   0x0800bece   0x00000006   Code   RO         9187    i.__mathlib_flt_infnan2  m_wv.l(funder.o)
    0x0800bed4   0x0800bed4   0x00000010   Code   RO         9188    i.__mathlib_flt_invalid  m_wv.l(funder.o)
    0x0800bee4   0x0800bee4   0x00000010   Code   RO         9191    i.__mathlib_flt_underflow  m_wv.l(funder.o)
    0x0800bef4   0x0800bef4   0x0000000e   Code   RO         9252    i.__scatterload_copy  mc_w.l(handlers.o)
    0x0800bf02   0x0800bf02   0x00000002   Code   RO         9253    i.__scatterload_null  mc_w.l(handlers.o)
    0x0800bf04   0x0800bf04   0x0000000e   Code   RO         9254    i.__scatterload_zeroinit  mc_w.l(handlers.o)
    0x0800bf12   0x0800bf12   0x00000002   PAD
    0x0800bf14   0x0800bf14   0x0000000c   Code   RO         9226    i.__set_errno       mc_w.l(errno.o)
    0x0800bf20   0x0800bf20   0x00000184   Code   RO         9162    i._fp_digits        mc_w.l(printfa.o)
    0x0800c0a4   0x0800c0a4   0x000006b4   Code   RO         9163    i._printf_core      mc_w.l(printfa.o)
    0x0800c758   0x0800c758   0x00000024   Code   RO         9164    i._printf_post_padding  mc_w.l(printfa.o)
    0x0800c77c   0x0800c77c   0x0000002e   Code   RO         9165    i._printf_pre_padding  mc_w.l(printfa.o)
    0x0800c7aa   0x0800c7aa   0x0000000a   Code   RO         9167    i._sputc            mc_w.l(printfa.o)
    0x0800c7b4   0x0800c7b4   0x00000128   Code   RO         5894    i.bmi088_accel_init  bmi088driver.o
    0x0800c8dc   0x0800c8dc   0x000000fc   Code   RO         5895    i.bmi088_gyro_init  bmi088driver.o
    0x0800c9d8   0x0800c9d8   0x00000084   Code   RO         8463    i.canx_send_data    can_bsp.o
    0x0800ca5c   0x0800ca5c   0x000003e4   Code   RO         7941    i.chassisL_control_loop  chassisl_task.o
    0x0800ce40   0x0800ce40   0x0000004c   Code   RO         7942    i.chassisL_feedback_update  chassisl_task.o
    0x0800ce8c   0x0800ce8c   0x00000500   Code   RO         8068    i.chassisR_control_loop  chassisr_task.o
    0x0800d38c   0x0800d38c   0x0000008c   Code   RO         8069    i.chassisR_feedback_update  chassisr_task.o
    0x0800d418   0x0800d418   0x00000034   Code   RO         6034    i.clear_motor_state  dm4310_drv.o
    0x0800d44c   0x0800d44c   0x000000bc   Code   RO         6036    i.dm4310_fbdata     dm4310_drv.o
    0x0800d508   0x0800d508   0x00000050   Code   RO         6037    i.dm6215_fbdata     dm4310_drv.o
    0x0800d558   0x0800d558   0x00000034   Code   RO         6038    i.enable_motor_mode  dm4310_drv.o
    0x0800d58c   0x0800d58c   0x00000006   Code   RO         5896    i.fabsf             bmi088driver.o
    0x0800d592   0x0800d592   0x00000028   Code   RO         6039    i.float_to_uint     dm4310_drv.o
    0x0800d5ba   0x0800d5ba   0x00000002   PAD
    0x0800d5bc   0x0800d5bc   0x00000130   Code   RO         6322    i.ground_detectionL  vmc_calc.o
    0x0800d6ec   0x0800d6ec   0x00000130   Code   RO         6323    i.ground_detectionR  vmc_calc.o
    0x0800d81c   0x0800d81c   0x0000002c   Code   RO         6250    i.invSqrt           quaternionekf.o
    0x0800d848   0x0800d848   0x00000006   Code   RO         6040    i.joint_motor_init  dm4310_drv.o
    0x0800d84e   0x0800d84e   0x00000012   Code   RO         6641    i.kalman_Init       my_kalman.o
    0x0800d860   0x0800d860   0x00000006   Code   RO         6642    i.kalman_set_now    my_kalman.o
    0x0800d866   0x0800d866   0x00000002   PAD
    0x0800d868   0x0800d868   0x00000038   Code   RO         6182    i.mahony_init       mahony_filter.o
    0x0800d8a0   0x0800d8a0   0x0000001c   Code   RO         6183    i.mahony_input      mahony_filter.o
    0x0800d8bc   0x0800d8bc   0x00000036   Code   RO         6184    i.mahony_output     mahony_filter.o
    0x0800d8f2   0x0800d8f2   0x000001ac   Code   RO         6185    i.mahony_update     mahony_filter.o
    0x0800da9e   0x0800da9e   0x00000002   PAD
    0x0800daa0   0x0800daa0   0x00000070   Code   RO           17    i.main              main.o
    0x0800db10   0x0800db10   0x0000000c   Code   RO         7425    i.makeFreeRtosPriority  cmsis_os.o
    0x0800db1c   0x0800db1c   0x000000cc   Code   RO         6041    i.mit_ctrl          dm4310_drv.o
    0x0800dbe8   0x0800dbe8   0x00000068   Code   RO         6042    i.mit_ctrl2         dm4310_drv.o
    0x0800dc50   0x0800dc50   0x00000024   Code   RO         8071    i.mySaturate        chassisr_task.o
    0x0800dc74   0x0800dc74   0x00000010   Code   RO         7427    i.osDelay           cmsis_os.o
    0x0800dc84   0x0800dc84   0x0000000a   Code   RO         7430    i.osKernelStart     cmsis_os.o
    0x0800dc8e   0x0800dc8e   0x0000002e   Code   RO         7464    i.osThreadCreate    cmsis_os.o
    0x0800dcbc   0x0800dcbc   0x000000ac   Code   RO         8350    i.printf_task       printf_task.o
    0x0800dd68   0x0800dd68   0x00000070   Code   RO         7102    i.prvAddCurrentTaskToDelayedList  tasks.o
    0x0800ddd8   0x0800ddd8   0x00000088   Code   RO         7103    i.prvAddNewTaskToReadyList  tasks.o
    0x0800de60   0x0800de60   0x0000003c   Code   RO         7104    i.prvCheckTasksWaitingTermination  tasks.o
    0x0800de9c   0x0800de9c   0x00000014   Code   RO         7105    i.prvDeleteTCB      tasks.o
    0x0800deb0   0x0800deb0   0x0000004c   Code   RO         7792    i.prvHeapInit       heap_4.o
    0x0800defc   0x0800defc   0x00000028   Code   RO         7106    i.prvIdleTask       tasks.o
    0x0800df24   0x0800df24   0x00000094   Code   RO         7107    i.prvInitialiseNewTask  tasks.o
    0x0800dfb8   0x0800dfb8   0x00000058   Code   RO         7108    i.prvInitialiseTaskLists  tasks.o
    0x0800e010   0x0800e010   0x00000054   Code   RO         7793    i.prvInsertBlockIntoFreeList  heap_4.o
    0x0800e064   0x0800e064   0x00000024   Code   RO         7109    i.prvResetNextTaskUnblockTime  tasks.o
    0x0800e088   0x0800e088   0x0000002c   Code   RO         7861    i.prvTaskExitError  port.o
    0x0800e0b4   0x0800e0b4   0x000000dc   Code   RO         7794    i.pvPortMalloc      heap_4.o
    0x0800e190   0x0800e190   0x00000024   Code   RO         7862    i.pxPortInitialiseStack  port.o
    0x0800e1b4   0x0800e1b4   0x00000098   Code   RO         8314    i.remote_task       remote_task.o
    0x0800e24c   0x0800e24c   0x0000003e   Code   RO         8897    i.sqrtf             m_wv.l(sqrtf.o)
    0x0800e28a   0x0800e28a   0x00000028   Code   RO         6045    i.uint_to_float     dm4310_drv.o
    0x0800e2b2   0x0800e2b2   0x00000002   PAD
    0x0800e2b4   0x0800e2b4   0x00000088   Code   RO         6144    i.upborad_fbdata    up_board.o
    0x0800e33c   0x0800e33c   0x00000026   Code   RO         6755    i.uxListRemove      list.o
    0x0800e362   0x0800e362   0x00000016   Code   RO         6756    i.vListInitialise   list.o
    0x0800e378   0x0800e378   0x00000006   Code   RO         6757    i.vListInitialiseItem  list.o
    0x0800e37e   0x0800e37e   0x00000030   Code   RO         6758    i.vListInsert       list.o
    0x0800e3ae   0x0800e3ae   0x00000018   Code   RO         6759    i.vListInsertEnd    list.o
    0x0800e3c6   0x0800e3c6   0x00000002   PAD
    0x0800e3c8   0x0800e3c8   0x00000040   Code   RO         7864    i.vPortEnterCritical  port.o
    0x0800e408   0x0800e408   0x0000002c   Code   RO         7865    i.vPortExitCritical  port.o
    0x0800e434   0x0800e434   0x00000064   Code   RO         7795    i.vPortFree         heap_4.o
    0x0800e498   0x0800e498   0x00000024   Code   RO         7866    i.vPortSetupTimerInterrupt  port.o
    0x0800e4bc   0x0800e4bc   0x00000050   Code   RO         7118    i.vTaskDelay        tasks.o
    0x0800e50c   0x0800e50c   0x00000068   Code   RO         7131    i.vTaskStartScheduler  tasks.o
    0x0800e574   0x0800e574   0x00000010   Code   RO         7133    i.vTaskSuspendAll   tasks.o
    0x0800e584   0x0800e584   0x00000060   Code   RO         7134    i.vTaskSwitchContext  tasks.o
    0x0800e5e4   0x0800e5e4   0x00000006   Code   RO         6046    i.wheel_motor_init  dm4310_drv.o
    0x0800e5ea   0x0800e5ea   0x00000002   PAD
    0x0800e5ec   0x0800e5ec   0x000000f4   Code   RO         7868    i.xPortStartScheduler  port.o
    0x0800e6e0   0x0800e6e0   0x00000060   Code   RO         7137    i.xTaskCreate       tasks.o
    0x0800e740   0x0800e740   0x000000d0   Code   RO         7144    i.xTaskIncrementTick  tasks.o
    0x0800e810   0x0800e810   0x000000cc   Code   RO         7150    i.xTaskResumeAll    tasks.o
    0x0800e8dc   0x0800e8dc   0x00000068   Code   RO         8138    i.xvEstimateKF_Init  observe_task.o
    0x0800e944   0x0800e944   0x0000003c   Code   RO         8139    i.xvEstimateKF_Update  observe_task.o
    0x0800e980   0x0800e980   0x00000078   Data   RO          316    .constdata          freertos.o
    0x0800e9f8   0x0800e9f8   0x00000008   Data   RO         2726    .constdata          stm32h7xx_hal_dma.o
    0x0800ea00   0x0800ea00   0x0000005c   Data   RO         4450    .constdata          stm32h7xx_hal_fdcan.o
    0x0800ea5c   0x0800ea5c   0x00000018   Data   RO         5372    .constdata          stm32h7xx_hal_uart.o
    0x0800ea74   0x0800ea74   0x00000010   Data   RO         5743    .constdata          stm32h7xx_hal_uart_ex.o
    0x0800ea84   0x0800ea84   0x00000010   Data   RO         5852    .constdata          system_stm32h7xx.o
    0x0800ea94   0x0800ea94   0x00000090   Data   RO         6252    .constdata          quaternionekf.o
    0x0800eb24   0x0800eb24   0x00000018   Data   RO         7945    .constdata          chassisl_task.o
    0x0800eb3c   0x0800eb3c   0x0000003c   Data   RO         8074    .constdata          chassisr_task.o
    0x0800eb78   0x0800eb78   0x00000010   Data   RO         8142    .constdata          observe_task.o
    0x0800eb88   0x0800eb88   0x00000051   Data   RO          317    .conststring        freertos.o
    0x0800ebd9   0x0800ebd9   0x00000003   PAD
    0x0800ebdc   0x0800ebdc   0x00000804   Data   RO         8839    .rodata.sinTable_f32  arm_cortexM7lfdp_math.lib(arm_common_tables.o)
    0x0800f3e0   0x0800f3e0   0x00000020   Data   RO         9250    Region$$Table       anon$$obj.o


    Execution Region RW_IRAM1 (Exec base: 0x20000000, Load base: 0x0800f400, Size: 0x00000000, Max: 0x00020000, ABSOLUTE)

    **** No section assigned to this execution region ****


    Execution Region RW_IRAM2 (Exec base: 0x24000000, Load base: 0x0800f400, Size: 0x000098d8, Max: 0x00050000, ABSOLUTE, COMPRESSED[0x00000184])

    Exec Addr    Load Addr    Size         Type   Attr      Idx    E Section Name        Object

    0x24000000   COMPRESSED   0x00000018   Data   RW          318    .data               freertos.o
    0x24000018   COMPRESSED   0x00000004   Data   RW          462    .data               fdcan.o
    0x2400001c   COMPRESSED   0x0000000c   Data   RW         3458    .data               stm32h7xx_hal.o
    0x24000028   COMPRESSED   0x00000008   Data   RW         5853    .data               system_stm32h7xx.o
    0x24000030   COMPRESSED   0x00000048   Data   RW         5898    .data               bmi088driver.o
    0x24000078   COMPRESSED   0x00000004   Data   RW         5983    .data               bmi088middleware.o
    0x2400007c   COMPRESSED   0x00000008   Data   RW         6146    .data               up_board.o
    0x24000084   COMPRESSED   0x00000004   Data   RW         6147    .data               up_board.o
    0x24000088   COMPRESSED   0x000000d8   Data   RW         6253    .data               quaternionekf.o
    0x24000160   COMPRESSED   0x0000001c   Data   RW         6325    .data               vmc_calc.o
    0x2400017c   COMPRESSED   0x00000004   Data   RW         6396    .data               kalman_filter.o
    0x24000180   COMPRESSED   0x0000003c   Data   RW         7153    .data               tasks.o
    0x240001bc   COMPRESSED   0x00000020   Data   RW         7801    .data               heap_4.o
    0x240001dc   COMPRESSED   0x0000000c   Data   RW         7869    .data               port.o
    0x240001e8   COMPRESSED   0x00000050   Data   RW         7946    .data               chassisl_task.o
    0x24000238   COMPRESSED   0x0000001c   Data   RW         8011    .data               ins_task.o
    0x24000254   COMPRESSED   0x00000118   Data   RW         8075    .data               chassisr_task.o
    0x2400036c   COMPRESSED   0x00000060   Data   RW         8143    .data               observe_task.o
    0x240003cc   COMPRESSED   0x00000008   Data   RW         8315    .data               remote_task.o
    0x240003d4   COMPRESSED   0x00000004   Data   RW         8352    .data               printf_task.o
    0x240003d8   COMPRESSED   0x00000040   Data   RW         8391    .data               bsp_dwt.o
    0x24000418   COMPRESSED   0x00000004   Data   RW         9227    .data               mc_w.l(errno.o)
    0x2400041c        -       0x000001e0   Zero   RW          461    .bss                fdcan.o
    0x240005fc        -       0x00000178   Zero   RW          514    .bss                spi.o
    0x24000774        -       0x0000004c   Zero   RW          557    .bss                tim.o
    0x240007c0        -       0x0000010c   Zero   RW          604    .bss                usart.o
    0x240008cc        -       0x0000004c   Zero   RW          782    .bss                stm32h7xx_hal_timebase_tim.o
    0x24000918        -       0x0000004c   Zero   RW         5897    .bss                bmi088driver.o
    0x24000964        -       0x00000024   Zero   RW         6145    .bss                up_board.o
    0x24000988        -       0x00000278   Zero   RW         6251    .bss                quaternionekf.o
    0x24000c00        -       0x00000108   Zero   RW         6324    .bss                vmc_calc.o
    0x24000d08        -       0x000000f0   Zero   RW         7152    .bss                tasks.o
    0x24000df8        -       0x00007800   Zero   RW         7800    .bss                heap_4.o
    0x240085f8        -       0x00000158   Zero   RW         7944    .bss                chassisl_task.o
    0x24008750        -       0x0000014c   Zero   RW         8007    .bss                ins_task.o
    0x2400889c        -       0x000004c0   Zero   RW         8072    .bss                chassisr_task.o
    0x24008d5c        -       0x00000248   Zero   RW         8140    .bss                observe_task.o
    0x24008fa4        -       0x00000064   Zero   RW         8351    .bss                printf_task.o
    0x24009008        -       0x000000d0   Zero   RW         8464    .bss                can_bsp.o
    0x240090d8        -       0x00000800   Zero   RW            1    STACK               startup_stm32h723xx.o


==============================================================================

Image component sizes


      Code (inc. data)   RO Data    RW Data    ZI Data      Debug   Object Name

      2614        136          0         72         76      16072   bmi088driver.o
       100         30          0          4          0       3332   bmi088middleware.o
       448         70          0         64          0       4610   bsp_dwt.o
       616         56          0          0        208       4644   can_bsp.o
      1660        148         24         80        344       7212   chassisl_task.o
      2148        174         60        280       1216       7154   chassisr_task.o
        84          0          0          0          0      12879   cmsis_os.o
       772         66          0          0          0       9517   dm4310_drv.o
        76          4          0          0          0        918   dma.o
         0          0          0          0          0       5196   event_groups.o
       644         56          0          4        480       3469   fdcan.o
       184          8        201         24          0      12580   freertos.o
       312         18          0          0          0       1235   gpio.o
       480         26          0         32      30720       7703   heap_4.o
      1276         92          0         28        332       5226   ins_task.o
      2216         20          0          4          0       9443   kalman_filter.o
       138          0          0          0          0       3730   list.o
       744         16          0          0          0       6317   mahony_filter.o
       348         12          0          0          0    1264668   main.o
       102          0          0          0          0       2783   my_kalman.o
       944         94         16         96        584       4206   observe_task.o
       444         10          0          0          0       2582   pid.o
       702         74          0         12          0      11208   port.o
       172         54          0          4        100       1533   printf_task.o
      2840        168        144        216        632       8569   quaternionekf.o
       536         88          0          8          0       2610   remote_task.o
       408         36          0          0        376       2119   spi.o
        36          8        716          0       2048        840   startup_stm32h723xx.o
       172         36          0         12          0      23650   stm32h7xx_hal.o
       158         14          0          0          0      38870   stm32h7xx_hal_cortex.o
      6464        140          8          0          0      14594   stm32h7xx_hal_dma.o
      2850         52         92          0          0      23328   stm32h7xx_hal_fdcan.o
       546         44          0          0          0       2452   stm32h7xx_hal_gpio.o
        36          4          0          0          0        950   stm32h7xx_hal_msp.o
        88          6          0          0          0        837   stm32h7xx_hal_pwr_ex.o
      2804        128          0          0          0       8761   stm32h7xx_hal_rcc.o
      3964        120          0          0          0       8373   stm32h7xx_hal_rcc_ex.o
      1876         18          0          0          0      10577   stm32h7xx_hal_spi.o
      2048        228          0          0          0      13361   stm32h7xx_hal_tim.o
       186         36          0          0          0       3388   stm32h7xx_hal_tim_ex.o
       144         18          0          0         76       1715   stm32h7xx_hal_timebase_tim.o
      3362        152         24          0          0      35498   stm32h7xx_hal_uart.o
       292          6         16          0          0       5590   stm32h7xx_hal_uart_ex.o
       120         54          0          0          0       7086   stm32h7xx_it.o
       192         34         16          8          0       1462   system_stm32h7xx.o
      1444        120          0         60        240      19105   tasks.o
       236         32          0          0         76       2443   tim.o
       136          8          0         12         36       3297   up_board.o
       308         30          0          0        268       2030   usart.o
         0          0          0          0          0        976   user_lib.o
      3232        128          0         28        264       8224   vmc_calc.o

    ----------------------------------------------------------------------
     51764       2872       1352       1048      38076    1658922   Object Totals
         0          0         32          0          0          0   (incl. Generated)
        62          0          3          0          0          0   (incl. Padding)

    ----------------------------------------------------------------------

      Code (inc. data)   RO Data    RW Data    ZI Data      Debug   Library Member Name

         0          0       2052          0          0       4961   arm_common_tables.o
       144         12          0          0          0       1111   arm_cos_f32.o
       190          0          0          0          0       1836   arm_mat_add_f32.o
         8          0          0          0          0        841   arm_mat_init_f32.o
       716          4          0          0          0       3547   arm_mat_inverse_f32.o
       304          4          0          0          0       2362   arm_mat_mult_f32.o
       190          0          0          0          0       1834   arm_mat_sub_f32.o
       180          0          0          0          0       1862   arm_mat_trans_f32.o
       140         12          0          0          0       1098   arm_sin_f32.o
       292         58          0          0          0        176   acosf.o
       312         54          0          0          0        176   asinf.o
       692         98          0          0          0        208   atan2f.o
        38          0          0          0          0        116   fpclassifyf.o
        44         12          0          0          0        464   funder.o
       102          0          0          0          0        140   sqrt.o
       120          0          0          0          0        272   sqrtf.o
        86          0          0          0          0          0   __dczerorl2.o
         0          0          0          0          0          0   entry.o
         0          0          0          0          0          0   entry10a.o
         0          0          0          0          0          0   entry11a.o
         4          0          0          0          0          0   entry12b.o
         8          4          0          0          0          0   entry2.o
         4          0          0          0          0          0   entry5.o
         0          0          0          0          0          0   entry7b.o
         0          0          0          0          0          0   entry8b.o
         8          4          0          0          0          0   entry9a.o
        12          6          0          4          0         68   errno.o
        30          0          0          0          0          0   handlers.o
        36          8          0          0          0         68   init.o
         0          0          0          0          0          0   iusefp.o
        30          0          0          0          0         68   llshl.o
        36          0          0          0          0         68   llsshr.o
        32          0          0          0          0         68   llushr.o
        36          0          0          0          0         68   memcpya.o
        36          0          0          0          0        108   memseta.o
      2236         86          0          0          0        532   printfa.o
        14          0          0          0          0         68   strlen.o
        44          0          0          0          0         80   uidiv.o
        98          0          0          0          0         92   uldiv.o
        48          0          0          0          0         68   cdrcmple.o
       334          0          0          0          0        148   dadd.o
       222          0          0          0          0        100   ddiv.o
       186          0          0          0          0        176   depilogue.o
        48          0          0          0          0         68   dfixul.o
       228          0          0          0          0         96   dmul.o

    ----------------------------------------------------------------------
      7296        362       2052          4          0      22948   Library Totals
         8          0          0          0          0          0   (incl. Padding)

    ----------------------------------------------------------------------

      Code (inc. data)   RO Data    RW Data    ZI Data      Debug   Library Name

      1872         32       2052          0          0      19452   arm_cortexM7lfdp_math.lib
      1600        222          0          0          0       1552   m_wv.l
      2750        108          0          4          0       1288   mc_w.l
      1066          0          0          0          0        656   mf_w.l

    ----------------------------------------------------------------------
      7296        362       2052          4          0      22948   Library Totals

    ----------------------------------------------------------------------

==============================================================================


      Code (inc. data)   RO Data    RW Data    ZI Data      Debug   

     59060       3234       3404       1052      38076    1653006   Grand Totals
     59060       3234       3404        388      38076    1653006   ELF Image Totals (compressed)
     59060       3234       3404        388          0          0   ROM Totals

==============================================================================

    Total RO  Size (Code + RO Data)                62464 (  61.00kB)
    Total RW  Size (RW Data + ZI Data)             39128 (  38.21kB)
    Total ROM Size (Code + RO Data + RW Data)      62852 (  61.38kB)

==============================================================================

