Component: ARM Compiler 5.06 update 7 (build 960) Tool: armlink [4d3601]

==============================================================================

Section Cross References

    startup_stm32h723xx.o(RESET) refers to startup_stm32h723xx.o(STACK) for __initial_sp
    startup_stm32h723xx.o(RESET) refers to startup_stm32h723xx.o(.text) for Reset_Handler
    startup_stm32h723xx.o(RESET) refers to stm32h7xx_it.o(i.NMI_Handler) for NMI_Handler
    startup_stm32h723xx.o(RESET) refers to stm32h7xx_it.o(i.HardFault_Handler) for HardFault_Handler
    startup_stm32h723xx.o(RESET) refers to stm32h7xx_it.o(i.MemManage_Handler) for MemManage_Handler
    startup_stm32h723xx.o(RESET) refers to stm32h7xx_it.o(i.BusFault_Handler) for BusFault_Handler
    startup_stm32h723xx.o(RESET) refers to stm32h7xx_it.o(i.UsageFault_Handler) for UsageFault_Handler
    startup_stm32h723xx.o(RESET) refers to port.o(.emb_text) for SVC_Handler
    startup_stm32h723xx.o(RESET) refers to stm32h7xx_it.o(i.DebugMon_Handler) for DebugMon_Handler
    startup_stm32h723xx.o(RESET) refers to port.o(i.SysTick_Handler) for SysTick_Handler
    startup_stm32h723xx.o(RESET) refers to stm32h7xx_it.o(i.DMA1_Stream0_IRQHandler) for DMA1_Stream0_IRQHandler
    startup_stm32h723xx.o(RESET) refers to stm32h7xx_it.o(i.DMA1_Stream1_IRQHandler) for DMA1_Stream1_IRQHandler
    startup_stm32h723xx.o(RESET) refers to stm32h7xx_it.o(i.DMA1_Stream2_IRQHandler) for DMA1_Stream2_IRQHandler
    startup_stm32h723xx.o(RESET) refers to stm32h7xx_it.o(i.FDCAN1_IT0_IRQHandler) for FDCAN1_IT0_IRQHandler
    startup_stm32h723xx.o(RESET) refers to stm32h7xx_it.o(i.FDCAN2_IT0_IRQHandler) for FDCAN2_IT0_IRQHandler
    startup_stm32h723xx.o(RESET) refers to stm32h7xx_it.o(i.TIM2_IRQHandler) for TIM2_IRQHandler
    startup_stm32h723xx.o(RESET) refers to stm32h7xx_it.o(i.SPI2_IRQHandler) for SPI2_IRQHandler
    startup_stm32h723xx.o(RESET) refers to stm32h7xx_it.o(i.UART7_IRQHandler) for UART7_IRQHandler
    startup_stm32h723xx.o(RESET) refers to stm32h7xx_it.o(i.FDCAN3_IT0_IRQHandler) for FDCAN3_IT0_IRQHandler
    startup_stm32h723xx.o(.text) refers to system_stm32h7xx.o(i.SystemInit) for SystemInit
    startup_stm32h723xx.o(.text) refers to entry.o(.ARM.Collect$$$$00000000) for __main
    main.o(i.HAL_TIM_PeriodElapsedCallback) refers to stm32h7xx_hal.o(i.HAL_IncTick) for HAL_IncTick
    main.o(i.PeriphCommonClock_Config) refers to memseta.o(.text) for __aeabi_memclr4
    main.o(i.PeriphCommonClock_Config) refers to stm32h7xx_hal_rcc_ex.o(i.HAL_RCCEx_PeriphCLKConfig) for HAL_RCCEx_PeriphCLKConfig
    main.o(i.PeriphCommonClock_Config) refers to main.o(i.Error_Handler) for Error_Handler
    main.o(i.SystemClock_Config) refers to memseta.o(.text) for __aeabi_memclr4
    main.o(i.SystemClock_Config) refers to stm32h7xx_hal_pwr_ex.o(i.HAL_PWREx_ConfigSupply) for HAL_PWREx_ConfigSupply
    main.o(i.SystemClock_Config) refers to stm32h7xx_hal_rcc.o(i.HAL_RCC_OscConfig) for HAL_RCC_OscConfig
    main.o(i.SystemClock_Config) refers to main.o(i.Error_Handler) for Error_Handler
    main.o(i.SystemClock_Config) refers to stm32h7xx_hal_rcc.o(i.HAL_RCC_ClockConfig) for HAL_RCC_ClockConfig
    main.o(i.main) refers to stm32h7xx_hal.o(i.HAL_Init) for HAL_Init
    main.o(i.main) refers to main.o(i.SystemClock_Config) for SystemClock_Config
    main.o(i.main) refers to main.o(i.PeriphCommonClock_Config) for PeriphCommonClock_Config
    main.o(i.main) refers to gpio.o(i.MX_GPIO_Init) for MX_GPIO_Init
    main.o(i.main) refers to dma.o(i.MX_DMA_Init) for MX_DMA_Init
    main.o(i.main) refers to spi.o(i.MX_SPI2_Init) for MX_SPI2_Init
    main.o(i.main) refers to fdcan.o(i.MX_FDCAN1_Init) for MX_FDCAN1_Init
    main.o(i.main) refers to fdcan.o(i.MX_FDCAN2_Init) for MX_FDCAN2_Init
    main.o(i.main) refers to tim.o(i.MX_TIM3_Init) for MX_TIM3_Init
    main.o(i.main) refers to fdcan.o(i.MX_FDCAN3_Init) for MX_FDCAN3_Init
    main.o(i.main) refers to usart.o(i.MX_UART7_Init) for MX_UART7_Init
    main.o(i.main) refers to bsp_dwt.o(i.DWT_Init) for DWT_Init
    main.o(i.main) refers to bmi088driver.o(i.BMI088_init) for BMI088_init
    main.o(i.main) refers to stm32h7xx_hal_gpio.o(i.HAL_GPIO_WritePin) for HAL_GPIO_WritePin
    main.o(i.main) refers to can_bsp.o(i.FDCAN1_Config) for FDCAN1_Config
    main.o(i.main) refers to can_bsp.o(i.FDCAN2_Config) for FDCAN2_Config
    main.o(i.main) refers to freertos.o(i.MX_FREERTOS_Init) for MX_FREERTOS_Init
    main.o(i.main) refers to cmsis_os.o(i.osKernelStart) for osKernelStart
    main.o(i.main) refers to spi.o(.bss) for hspi2
    gpio.o(i.MX_GPIO_Init) refers to memseta.o(.text) for __aeabi_memclr4
    gpio.o(i.MX_GPIO_Init) refers to stm32h7xx_hal_gpio.o(i.HAL_GPIO_WritePin) for HAL_GPIO_WritePin
    gpio.o(i.MX_GPIO_Init) refers to stm32h7xx_hal_gpio.o(i.HAL_GPIO_Init) for HAL_GPIO_Init
    gpio.o(i.MX_GPIO_Init) refers to stm32h7xx_hal.o(i.HAL_SYSCFG_AnalogSwitchConfig) for HAL_SYSCFG_AnalogSwitchConfig
[...]
    DWT_GetDeltaT                            0x080027f5   Thumb Code    68  bsp_dwt.o(i.DWT_GetDeltaT)
    DWT_GetTimeline_s                        0x08002841   Thumb Code    72  bsp_dwt.o(i.DWT_GetTimeline_s)
    DWT_Init                                 0x08002895   Thumb Code    74  bsp_dwt.o(i.DWT_Init)
    DWT_SysTimeUpdate                        0x080028fd   Thumb Code   168  bsp_dwt.o(i.DWT_SysTimeUpdate)
    DebugMon_Handler                         0x080029cd   Thumb Code     2  stm32h7xx_it.o(i.DebugMon_Handler)
    EarthFrameToBodyFrame                    0x080029cf   Thumb Code   346  ins_task.o(i.EarthFrameToBodyFrame)
    Error_Handler                            0x08002b29   Thumb Code     6  main.o(i.Error_Handler)
    FDCAN1_Config                            0x08002b31   Thumb Code    92  can_bsp.o(i.FDCAN1_Config)
    FDCAN1_IT0_IRQHandler                    0x08002b91   Thumb Code    10  stm32h7xx_it.o(i.FDCAN1_IT0_IRQHandler)
    FDCAN2_Config                            0x08002ba1   Thumb Code    92  can_bsp.o(i.FDCAN2_Config)
    FDCAN2_IT0_IRQHandler                    0x08002c01   Thumb Code    10  stm32h7xx_it.o(i.FDCAN2_IT0_IRQHandler)
    FDCAN3_IT0_IRQHandler                    0x08002c11   Thumb Code    10  stm32h7xx_it.o(i.FDCAN3_IT0_IRQHandler)
    HAL_DMA_Abort                            0x08002f15   Thumb Code  1236  stm32h7xx_hal_dma.o(i.HAL_DMA_Abort)
    HAL_DMA_Abort_IT                         0x080033f1   Thumb Code   906  stm32h7xx_hal_dma.o(i.HAL_DMA_Abort_IT)
    HAL_DMA_IRQHandler                       0x08003789   Thumb Code  2798  stm32h7xx_hal_dma.o(i.HAL_DMA_IRQHandler)
    HAL_DMA_Init                             0x08004281   Thumb Code  1292  stm32h7xx_hal_dma.o(i.HAL_DMA_Init)
    HAL_DMA_Start_IT                         0x08004795   Thumb Code   980  stm32h7xx_hal_dma.o(i.HAL_DMA_Start_IT)
    HAL_Delay                                0x08004b75   Thumb Code    36  stm32h7xx_hal.o(i.HAL_Delay)
    HAL_FDCAN_ActivateNotification           0x08004b9d   Thumb Code   158  stm32h7xx_hal_fdcan.o(i.HAL_FDCAN_ActivateNotification)
    HAL_FDCAN_AddMessageToTxFifoQ            0x08004c45   Thumb Code   144  stm32h7xx_hal_fdcan.o(i.HAL_FDCAN_AddMessageToTxFifoQ)
    HAL_FDCAN_ClockCalibrationCallback       0x08004cd5   Thumb Code     2  stm32h7xx_hal_fdcan.o(i.HAL_FDCAN_ClockCalibrationCallback)
    HAL_FDCAN_ConfigFilter                   0x08004cd7   Thumb Code   168  stm32h7xx_hal_fdcan.o(i.HAL_FDCAN_ConfigFilter)
    HAL_FDCAN_ConfigGlobalFilter             0x08004d7f   Thumb Code    52  stm32h7xx_hal_fdcan.o(i.HAL_FDCAN_ConfigGlobalFilter)
    HAL_FDCAN_ErrorCallback                  0x08004db3   Thumb Code     2  stm32h7xx_hal_fdcan.o(i.HAL_FDCAN_ErrorCallback)
    HAL_FDCAN_ErrorStatusCallback            0x08004db5   Thumb Code     2  stm32h7xx_hal_fdcan.o(i.HAL_FDCAN_ErrorStatusCallback)
    HAL_FDCAN_GetRxMessage                   0x08004db9   Thumb Code   496  stm32h7xx_hal_fdcan.o(i.HAL_FDCAN_GetRxMessage)
    HAL_FDCAN_HighPriorityMessageCallback    0x08004fad   Thumb Code     2  stm32h7xx_hal_fdcan.o(i.HAL_FDCAN_HighPriorityMessageCallback)
    HAL_FDCAN_IRQHandler                     0x08004fb1   Thumb Code   966  stm32h7xx_hal_fdcan.o(i.HAL_FDCAN_IRQHandler)
    HAL_FDCAN_Init                           0x08005385   Thumb Code   726  stm32h7xx_hal_fdcan.o(i.HAL_FDCAN_Init)
    HAL_FDCAN_MspInit                        0x08005665   Thumb Code   408  fdcan.o(i.HAL_FDCAN_MspInit)
    HAL_FDCAN_RxBufferNewMessageCallback     0x08005819   Thumb Code     2  stm32h7xx_hal_fdcan.o(i.HAL_FDCAN_RxBufferNewMessageCallback)
    HAL_FDCAN_RxFifo0Callback                0x0800581d   Thumb Code   130  can_bsp.o(i.HAL_FDCAN_RxFifo0Callback)
    HAL_FDCAN_RxFifo1Callback                0x080058b9   Thumb Code   132  can_bsp.o(i.HAL_FDCAN_RxFifo1Callback)
    HAL_FDCAN_Start                          0x08005959   Thumb Code    52  stm32h7xx_hal_fdcan.o(i.HAL_FDCAN_Start)
    HAL_FDCAN_TT_GlobalTimeCallback          0x0800598d   Thumb Code     2  stm32h7xx_hal_fdcan.o(i.HAL_FDCAN_TT_GlobalTimeCallback)
    HAL_FDCAN_TT_ScheduleSyncCallback        0x0800598f   Thumb Code     2  stm32h7xx_hal_fdcan.o(i.HAL_FDCAN_TT_ScheduleSyncCallback)
    HAL_FDCAN_TT_StopWatchCallback           0x08005991   Thumb Code     2  stm32h7xx_hal_fdcan.o(i.HAL_FDCAN_TT_StopWatchCallback)
    HAL_FDCAN_TT_TimeMarkCallback            0x08005993   Thumb Code     2  stm32h7xx_hal_fdcan.o(i.HAL_FDCAN_TT_TimeMarkCallback)
    HAL_FDCAN_TimeoutOccurredCallback        0x08005995   Thumb Code     2  stm32h7xx_hal_fdcan.o(i.HAL_FDCAN_TimeoutOccurredCallback)
    HAL_FDCAN_TimestampWraparoundCallback    0x08005997   Thumb Code     2  stm32h7xx_hal_fdcan.o(i.HAL_FDCAN_TimestampWraparoundCallback)
    HAL_FDCAN_TxBufferAbortCallback          0x08005999   Thumb Code     2  stm32h7xx_hal_fdcan.o(i.HAL_FDCAN_TxBufferAbortCallback)
    HAL_FDCAN_TxBufferCompleteCallback       0x0800599b   Thumb Code     2  stm32h7xx_hal_fdcan.o(i.HAL_FDCAN_TxBufferCompleteCallback)
    HAL_FDCAN_TxEventFifoCallback            0x0800599d   Thumb Code     2  stm32h7xx_hal_fdcan.o(i.HAL_FDCAN_TxEventFifoCallback)
    HAL_FDCAN_TxFifoEmptyCallback            0x0800599f   Thumb Code     2  stm32h7xx_hal_fdcan.o(i.HAL_FDCAN_TxFifoEmptyCallback)
    HAL_GPIO_Init                            0x080059a1   Thumb Code   446  stm32h7xx_hal_gpio.o(i.HAL_GPIO_Init)
    HAL_GPIO_WritePin                        0x08005b91   Thumb Code    12  stm32h7xx_hal_gpio.o(i.HAL_GPIO_WritePin)
    HAL_GetTick                              0x08005b9d   Thumb Code     6  stm32h7xx_hal.o(i.HAL_GetTick)
    HAL_IncTick                              0x08005ba9   Thumb Code    16  stm32h7xx_hal.o(i.HAL_IncTick)
    HAL_Init                                 0x08005bc1   Thumb Code    80  stm32h7xx_hal.o(i.HAL_Init)
    HAL_InitTick                             0x08005c21   Thumb Code   142  stm32h7xx_hal_timebase_tim.o(i.HAL_InitTick)
    HAL_MspInit                              0x08005cc1   Thumb Code    42  stm32h7xx_hal_msp.o(i.HAL_MspInit)
    HAL_NVIC_EnableIRQ                       0x08005cf1   Thumb Code    40  stm32h7xx_hal_cortex.o(i.HAL_NVIC_EnableIRQ)
    HAL_NVIC_SetPriority                     0x08005d19   Thumb Code   122  stm32h7xx_hal_cortex.o(i.HAL_NVIC_SetPriority)
    HAL_NVIC_SetPriorityGrouping             0x08005d95   Thumb Code    32  stm32h7xx_hal_cortex.o(i.HAL_NVIC_SetPriorityGrouping)
    HAL_PWREx_ConfigSupply                   0x08005dbd   Thumb Code    90  stm32h7xx_hal_pwr_ex.o(i.HAL_PWREx_ConfigSupply)
    HAL_RCCEx_GetD3PCLK1Freq                 0x08005e1d   Thumb Code    26  stm32h7xx_hal_rcc_ex.o(i.HAL_RCCEx_GetD3PCLK1Freq)
    HAL_RCCEx_GetPLL2ClockFreq               0x08005e41   Thumb Code   536  stm32h7xx_hal_rcc_ex.o(i.HAL_RCCEx_GetPLL2ClockFreq)
    HAL_RCCEx_GetPLL3ClockFreq               0x08006071   Thumb Code   536  stm32h7xx_hal_rcc_ex.o(i.HAL_RCCEx_GetPLL3ClockFreq)
    HAL_RCCEx_PeriphCLKConfig                0x080062a1   Thumb Code  3272  stm32h7xx_hal_rcc_ex.o(i.HAL_RCCEx_PeriphCLKConfig)
    HAL_RCC_ClockConfig                      0x08006f69   Thumb Code   774  stm32h7xx_hal_rcc.o(i.HAL_RCC_ClockConfig)
    HAL_RCC_GetClockConfig                   0x08007289   Thumb Code    98  stm32h7xx_hal_rcc.o(i.HAL_RCC_GetClockConfig)
    HAL_RCC_GetHCLKFreq                      0x080072f5   Thumb Code    60  stm32h7xx_hal_rcc.o(i.HAL_RCC_GetHCLKFreq)
    HAL_RCC_GetPCLK1Freq                     0x08007341   Thumb Code    26  stm32h7xx_hal_rcc.o(i.HAL_RCC_GetPCLK1Freq)
    HAL_RCC_GetPCLK2Freq                     0x08007365   Thumb Code    26  stm32h7xx_hal_rcc.o(i.HAL_RCC_GetPCLK2Freq)
    HAL_RCC_GetSysClockFreq                  0x08007389   Thumb Code   524  stm32h7xx_hal_rcc.o(i.HAL_RCC_GetSysClockFreq)
    HAL_RCC_OscConfig                        0x080075b5   Thumb Code  1874  stm32h7xx_hal_rcc.o(i.HAL_RCC_OscConfig)
    HAL_SPI_ErrorCallback                    0x08007d11   Thumb Code     2  stm32h7xx_hal_spi.o(i.HAL_SPI_ErrorCallback)
    HAL_SPI_IRQHandler                       0x08007d15   Thumb Code   654  stm32h7xx_hal_spi.o(i.HAL_SPI_IRQHandler)
    HAL_SPI_Init                             0x08007fa9   Thumb Code   420  stm32h7xx_hal_spi.o(i.HAL_SPI_Init)
    HAL_SPI_MspInit                          0x08008159   Thumb Code   348  spi.o(i.HAL_SPI_MspInit)
    HAL_SPI_RxCpltCallback                   0x080082d1   Thumb Code     2  stm32h7xx_hal_spi.o(i.HAL_SPI_RxCpltCallback)
    HAL_SPI_SuspendCallback                  0x080082d3   Thumb Code     2  stm32h7xx_hal_spi.o(i.HAL_SPI_SuspendCallback)
    HAL_SPI_TransmitReceive                  0x080082d5   Thumb Code   770  stm32h7xx_hal_spi.o(i.HAL_SPI_TransmitReceive)
    HAL_SPI_TxCpltCallback                   0x080085d7   Thumb Code     2  stm32h7xx_hal_spi.o(i.HAL_SPI_TxCpltCallback)
    HAL_SPI_TxRxCpltCallback                 0x080085d9   Thumb Code     2  stm32h7xx_hal_spi.o(i.HAL_SPI_TxRxCpltCallback)
    HAL_SYSCFG_AnalogSwitchConfig            0x080085dd   Thumb Code    14  stm32h7xx_hal.o(i.HAL_SYSCFG_AnalogSwitchConfig)
    HAL_TIMEx_Break2Callback                 0x080085f1   Thumb Code     2  stm32h7xx_hal_tim_ex.o(i.HAL_TIMEx_Break2Callback)
    HAL_TIMEx_BreakCallback                  0x080085f3   Thumb Code     2  stm32h7xx_hal_tim_ex.o(i.HAL_TIMEx_BreakCallback)
    HAL_TIMEx_CommutCallback                 0x080085f5   Thumb Code     2  stm32h7xx_hal_tim_ex.o(i.HAL_TIMEx_CommutCallback)
    HAL_TIMEx_MasterConfigSynchronization    0x080085f9   Thumb Code   190  stm32h7xx_hal_tim_ex.o(i.HAL_TIMEx_MasterConfigSynchronization)
    HAL_TIM_Base_Init                        0x080086dd   Thumb Code   110  stm32h7xx_hal_tim.o(i.HAL_TIM_Base_Init)
    HAL_TIM_Base_MspInit                     0x0800874b   Thumb Code     2  stm32h7xx_hal_tim.o(i.HAL_TIM_Base_MspInit)
    HAL_TIM_Base_Start_IT                    0x0800874d   Thumb Code   162  stm32h7xx_hal_tim.o(i.HAL_TIM_Base_Start_IT)
    HAL_TIM_IC_CaptureCallback               0x08008819   Thumb Code     2  stm32h7xx_hal_tim.o(i.HAL_TIM_IC_CaptureCallback)
    HAL_TIM_IRQHandler                       0x0800881b   Thumb Code   440  stm32h7xx_hal_tim.o(i.HAL_TIM_IRQHandler)
    HAL_TIM_MspPostInit                      0x080089d5   Thumb Code    78  tim.o(i.HAL_TIM_MspPostInit)
    HAL_TIM_OC_DelayElapsedCallback          0x08008a31   Thumb Code     2  stm32h7xx_hal_tim.o(i.HAL_TIM_OC_DelayElapsedCallback)
    HAL_TIM_PWM_ConfigChannel                0x08008a33   Thumb Code   368  stm32h7xx_hal_tim.o(i.HAL_TIM_PWM_ConfigChannel)
    HAL_TIM_PWM_Init                         0x08008ba3   Thumb Code   110  stm32h7xx_hal_tim.o(i.HAL_TIM_PWM_Init)
    HAL_TIM_PWM_MspInit                      0x08008c11   Thumb Code    40  tim.o(i.HAL_TIM_PWM_MspInit)
    HAL_TIM_PWM_PulseFinishedCallback        0x08008c41   Thumb Code     2  stm32h7xx_hal_tim.o(i.HAL_TIM_PWM_PulseFinishedCallback)
    HAL_TIM_PeriodElapsedCallback            0x08008c43   Thumb Code    18  main.o(i.HAL_TIM_PeriodElapsedCallback)
    HAL_TIM_TriggerCallback                  0x08008c55   Thumb Code     2  stm32h7xx_hal_tim.o(i.HAL_TIM_TriggerCallback)
    HAL_UARTEx_DisableFifoMode               0x08008c57   Thumb Code    78  stm32h7xx_hal_uart_ex.o(i.HAL_UARTEx_DisableFifoMode)
    HAL_UARTEx_RxEventCallback               0x08008ca5   Thumb Code     2  stm32h7xx_hal_uart.o(i.HAL_UARTEx_RxEventCallback)
    HAL_UARTEx_RxFifoFullCallback            0x08008ca7   Thumb Code     2  stm32h7xx_hal_uart_ex.o(i.HAL_UARTEx_RxFifoFullCallback)
    HAL_UARTEx_SetRxFifoThreshold            0x08008ca9   Thumb Code    94  stm32h7xx_hal_uart_ex.o(i.HAL_UARTEx_SetRxFifoThreshold)
    HAL_UARTEx_SetTxFifoThreshold            0x08008d07   Thumb Code    94  stm32h7xx_hal_uart_ex.o(i.HAL_UARTEx_SetTxFifoThreshold)
    HAL_UARTEx_TxFifoEmptyCallback           0x08008d65   Thumb Code     2  stm32h7xx_hal_uart_ex.o(i.HAL_UARTEx_TxFifoEmptyCallback)
    HAL_UARTEx_WakeupCallback                0x08008d67   Thumb Code     2  stm32h7xx_hal_uart_ex.o(i.HAL_UARTEx_WakeupCallback)
    HAL_UART_ErrorCallback                   0x08008d69   Thumb Code     2  stm32h7xx_hal_uart.o(i.HAL_UART_ErrorCallback)
    HAL_UART_IRQHandler                      0x08008d6d   Thumb Code  1172  stm32h7xx_hal_uart.o(i.HAL_UART_IRQHandler)
    HAL_UART_Init                            0x08009201   Thumb Code   120  stm32h7xx_hal_uart.o(i.HAL_UART_Init)
    HAL_UART_MspInit                         0x08009279   Thumb Code   218  usart.o(i.HAL_UART_MspInit)
    HAL_UART_Transmit_DMA                    0x08009369   Thumb Code   148  stm32h7xx_hal_uart.o(i.HAL_UART_Transmit_DMA)
    HAL_UART_TxCpltCallback                  0x08009409   Thumb Code     2  stm32h7xx_hal_uart.o(i.HAL_UART_TxCpltCallback)
    HAL_UART_TxHalfCpltCallback              0x0800940b   Thumb Code     2  stm32h7xx_hal_uart.o(i.HAL_UART_TxHalfCpltCallback)
    HardFault_Handler                        0x0800953d   Thumb Code     4  stm32h7xx_it.o(i.HardFault_Handler)
    IMU_QuaternionEKF_Init                   0x0800977d   Thumb Code   264  quaternionekf.o(i.IMU_QuaternionEKF_Init)
    IMU_QuaternionEKF_Update                 0x08009a0d   Thumb Code  1562  quaternionekf.o(i.IMU_QuaternionEKF_Update)
    INS_Init                                 0x0800a549   Thumb Code    64  ins_task.o(i.INS_Init)
    INS_Task                                 0x0800a5a9   Thumb Code     8  freertos.o(i.INS_Task)
    INS_task                                 0x0800a5b1   Thumb Code  1380  ins_task.o(i.INS_task)
    Kalman_Filter_Init                       0x0800ab39   Thumb Code  1800  kalman_filter.o(i.Kalman_Filter_Init)
    Kalman_Filter_Measure                    0x0800b245   Thumb Code    74  kalman_filter.o(i.Kalman_Filter_Measure)
    Kalman_Filter_P_Update                   0x0800b295   Thumb Code   104  kalman_filter.o(i.Kalman_Filter_P_Update)
    Kalman_Filter_PminusUpdate               0x0800b2fd   Thumb Code   104  kalman_filter.o(i.Kalman_Filter_PminusUpdate)
    Kalman_Filter_SetK                       0x0800b365   Thumb Code   210  kalman_filter.o(i.Kalman_Filter_SetK)
    Kalman_Filter_Update                     0x0800b439   Thumb Code   294  kalman_filter.o(i.Kalman_Filter_Update)
    Kalman_Filter_xhatMinusUpdate            0x0800b565   Thumb Code   124  kalman_filter.o(i.Kalman_Filter_xhatMinusUpdate)
    Kalman_Filter_xhatUpdate                 0x0800b5e1   Thumb Code   134  kalman_filter.o(i.Kalman_Filter_xhatUpdate)
    LQR_K_calc                               0x0800b667   Thumb Code    50  vmc_calc.o(i.LQR_K_calc)
    MX_DMA_Init                              0x0800b699   Thumb Code    80  dma.o(i.MX_DMA_Init)
    MX_FDCAN1_Init                           0x0800b6ed   Thumb Code   120  fdcan.o(i.MX_FDCAN1_Init)
    MX_FDCAN2_Init                           0x0800b76d   Thumb Code   118  fdcan.o(i.MX_FDCAN2_Init)
    MX_FDCAN3_Init                           0x0800b7ed   Thumb Code   120  fdcan.o(i.MX_FDCAN3_Init)
    MX_FREERTOS_Init                         0x0800b86d   Thumb Code   126  freertos.o(i.MX_FREERTOS_Init)
    MX_GPIO_Init                             0x0800b905   Thumb Code   366  gpio.o(i.MX_GPIO_Init)
    MX_SPI2_Init                             0x0800ba85   Thumb Code    90  spi.o(i.MX_SPI2_Init)
    MX_TIM3_Init                             0x0800bae9   Thumb Code   118  tim.o(i.MX_TIM3_Init)
    MX_UART7_Init                            0x0800bb69   Thumb Code    98  usart.o(i.MX_UART7_Init)
    MemManage_Handler                        0x0800bbd5   Thumb Code     4  stm32h7xx_it.o(i.MemManage_Handler)
    NMI_Handler                              0x0800bbd9   Thumb Code     4  stm32h7xx_it.o(i.NMI_Handler)
    OBSERVE_Task                             0x0800bbdd   Thumb Code     8  freertos.o(i.OBSERVE_Task)
    Observe_task                             0x0800bbe5   Thumb Code   826  observe_task.o(i.Observe_task)
    PID_Calc                                 0x0800bf9d   Thumb Code   492  pid.o(i.PID_Calc)
    PID_init                                 0x0800c18d   Thumb Code    92  pid.o(i.PID_init)
    Pensation_init                           0x0800c1ed   Thumb Code    64  chassisr_task.o(i.Pensation_init)
    PeriphCommonClock_Config                 0x0800c245   Thumb Code    72  main.o(i.PeriphCommonClock_Config)
    Recv_Adjust_PeriodElapsedCallback        0x0800c555   Thumb Code   110  my_kalman.o(i.Recv_Adjust_PeriodElapsedCallback)
    Remote_Task                              0x0800c5c3   Thumb Code     8  freertos.o(i.Remote_Task)
    Remote_data_process                      0x0800c5cd   Thumb Code   456  remote_task.o(i.Remote_data_process)
    RotationMatrix_update                    0x0800c7c9   Thumb Code   302  mahony_filter.o(i.RotationMatrix_update)
    SPI2_IRQHandler                          0x0800c8f9   Thumb Code    10  stm32h7xx_it.o(i.SPI2_IRQHandler)
    SysTick_Handler                          0x0800ca59   Thumb Code    46  port.o(i.SysTick_Handler)
    SystemClock_Config                       0x0800ca8d   Thumb Code   176  main.o(i.SystemClock_Config)
    SystemInit                               0x0800cb41   Thumb Code   192  system_stm32h7xx.o(i.SystemInit)
    TIM2_IRQHandler                          0x0800cc21   Thumb Code    10  stm32h7xx_it.o(i.TIM2_IRQHandler)
    TIM_Base_SetConfig                       0x0800cc31   Thumb Code   182  stm32h7xx_hal_tim.o(i.TIM_Base_SetConfig)
    TIM_OC2_SetConfig                        0x0800cdbd   Thumb Code   156  stm32h7xx_hal_tim.o(i.TIM_OC2_SetConfig)
    UART7_IRQHandler                         0x0800d079   Thumb Code    10  stm32h7xx_it.o(i.UART7_IRQHandler)
    UART_AdvFeatureConfig                    0x0800d0e1   Thumb Code   248  stm32h7xx_hal_uart.o(i.UART_AdvFeatureConfig)
    UART_CheckIdleState                      0x0800d1d9   Thumb Code   234  stm32h7xx_hal_uart.o(i.UART_CheckIdleState)
    UART_SetConfig                           0x0800d479   Thumb Code  1558  stm32h7xx_hal_uart.o(i.UART_SetConfig)
    UART_WaitOnFlagUntilTimeout              0x0800daa1   Thumb Code   162  stm32h7xx_hal_uart.o(i.UART_WaitOnFlagUntilTimeout)
    UsageFault_Handler                       0x0800db43   Thumb Code     4  stm32h7xx_it.o(i.UsageFault_Handler)
    VMC_calc_1_left                          0x0800db49   Thumb Code  1522  vmc_calc.o(i.VMC_calc_1_left)
    VMC_calc_1_right                         0x0800e151   Thumb Code  1502  vmc_calc.o(i.VMC_calc_1_right)
    VMC_calc_2                               0x0800e749   Thumb Code    58  vmc_calc.o(i.VMC_calc_2)
    VMC_init                                 0x0800e785   Thumb Code   178  vmc_calc.o(i.VMC_init)
    __0sprintf                               0x0800e86d   Thumb Code    34  printfa.o(i.__0sprintf)
    __1sprintf                               0x0800e86d   Thumb Code     0  printfa.o(i.__0sprintf)
    __2sprintf                               0x0800e86d   Thumb Code     0  printfa.o(i.__0sprintf)
    __c89sprintf                             0x0800e86d   Thumb Code     0  printfa.o(i.__0sprintf)
    sprintf                                  0x0800e86d   Thumb Code     0  printfa.o(i.__0sprintf)
    __ARM_fpclassifyf                        0x0800e895   Thumb Code    38  fpclassifyf.o(i.__ARM_fpclassifyf)
    __hardfp_acosf                           0x0800e8f5   Thumb Code   234  acosf.o(i.__hardfp_acosf)
    __hardfp_asinf                           0x0800ea19   Thumb Code   258  asinf.o(i.__hardfp_asinf)
    __hardfp_atan2f                          0x0800eb51   Thumb Code   594  atan2f.o(i.__hardfp_atan2f)
    __hardfp_sqrt                            0x0800ee05   Thumb Code   102  sqrt.o(i.__hardfp_sqrt)
    __hardfp_sqrtf                           0x0800ee6b   Thumb Code    58  sqrtf.o(i.__hardfp_sqrtf)
    __mathlib_flt_infnan                     0x0800eea5   Thumb Code     6  funder.o(i.__mathlib_flt_infnan)
    __mathlib_flt_infnan2                    0x0800eeab   Thumb Code     6  funder.o(i.__mathlib_flt_infnan2)
    __mathlib_flt_invalid                    0x0800eeb1   Thumb Code    10  funder.o(i.__mathlib_flt_invalid)
    __mathlib_flt_underflow                  0x0800eec1   Thumb Code    10  funder.o(i.__mathlib_flt_underflow)
    __scatterload_copy                       0x0800eed1   Thumb Code    14  handlers.o(i.__scatterload_copy)
    __scatterload_null                       0x0800eedf   Thumb Code     2  handlers.o(i.__scatterload_null)
    __scatterload_zeroinit                   0x0800eee1   Thumb Code    14  handlers.o(i.__scatterload_zeroinit)
    __set_errno                              0x0800eef1   Thumb Code     6  errno.o(i.__set_errno)
    bmi088_accel_init                        0x0800f791   Thumb Code   348  bmi088driver.o(i.bmi088_accel_init)
    bmi088_gyro_init                         0x0800f8fd   Thumb Code   284  bmi088driver.o(i.bmi088_gyro_init)
    canx_send_data                           0x0800fa2d   Thumb Code   126  can_bsp.o(i.canx_send_data)
    chassisL_control_loop                    0x0800faad   Thumb Code  1560  chassisl_task.o(i.chassisL_control_loop)
    chassisL_feedback_update                 0x080100ed   Thumb Code    82  chassisl_task.o(i.chassisL_feedback_update)
    chassisR_control_loop                    0x08010149   Thumb Code  1754  chassisr_task.o(i.chassisR_control_loop)
    chassisR_feedback_update                 0x08010879   Thumb Code   150  chassisr_task.o(i.chassisR_feedback_update)
    dm4310_fbdata                            0x08010925   Thumb Code   176  dm4310_drv.o(i.dm4310_fbdata)
    dm6215_fbdata                            0x080109e5   Thumb Code    80  dm4310_drv.o(i.dm6215_fbdata)
    enable_motor_mode                        0x08010a3d   Thumb Code    66  dm4310_drv.o(i.enable_motor_mode)
    float_to_uint                            0x08010a89   Thumb Code    50  dm4310_drv.o(i.float_to_uint)
    ground_detectionL                        0x08010abd   Thumb Code   180  vmc_calc.o(i.ground_detectionL)
    ground_detectionR                        0x08010b89   Thumb Code   180  vmc_calc.o(i.ground_detectionR)
    joint_motor_init                         0x08010c91   Thumb Code     6  dm4310_drv.o(i.joint_motor_init)
    kalman_Init                              0x08010c97   Thumb Code    18  my_kalman.o(i.kalman_Init)
    kalman_set_now                           0x08010ca9   Thumb Code     6  my_kalman.o(i.kalman_set_now)
    mahony_init                              0x08010cb1   Thumb Code    40  mahony_filter.o(i.mahony_init)
    mahony_input                             0x08010ce9   Thumb Code    30  mahony_filter.o(i.mahony_input)
    mahony_output                            0x08010d07   Thumb Code    74  mahony_filter.o(i.mahony_output)
    mahony_update                            0x08010d51   Thumb Code   646  mahony_filter.o(i.mahony_update)
    main                                     0x08010fd9   Thumb Code   106  main.o(i.main)
    mit_ctrl                                 0x0801105d   Thumb Code   232  dm4310_drv.o(i.mit_ctrl)
    mit_ctrl2                                0x0801115d   Thumb Code   166  dm4310_drv.o(i.mit_ctrl2)
    mySaturate                               0x08011211   Thumb Code    40  chassisr_task.o(i.mySaturate)
    osDelay                                  0x08011239   Thumb Code    24  cmsis_os.o(i.osDelay)
    osKernelStart                            0x08011251   Thumb Code    10  cmsis_os.o(i.osKernelStart)
    osThreadCreate                           0x0801125b   Thumb Code    48  cmsis_os.o(i.osThreadCreate)
    pvPortMalloc                             0x080116d1   Thumb Code   306  heap_4.o(i.pvPortMalloc)
    pxPortInitialiseStack                    0x0801181d   Thumb Code    38  port.o(i.pxPortInitialiseStack)
    remote_task                              0x08011849   Thumb Code   176  remote_task.o(i.remote_task)
    sqrtf                                    0x08011919   Thumb Code    62  sqrtf.o(i.sqrtf)
    uint_to_float                            0x08011957   Thumb Code    52  dm4310_drv.o(i.uint_to_float)
    upborad_fbdata                           0x0801198d   Thumb Code   148  up_board.o(i.upborad_fbdata)
    uxListRemove                             0x08011a2d   Thumb Code    40  list.o(i.uxListRemove)
    vListInitialise                          0x08011a55   Thumb Code    26  list.o(i.vListInitialise)
    vListInitialiseItem                      0x08011a6f   Thumb Code     6  list.o(i.vListInitialiseItem)
    vListInsert                              0x08011a75   Thumb Code    52  list.o(i.vListInsert)
    vListInsertEnd                           0x08011aa9   Thumb Code    24  list.o(i.vListInsertEnd)
    vPortEnterCritical                       0x08011ac1   Thumb Code    76  port.o(i.vPortEnterCritical)
    vPortExitCritical                        0x08011b15   Thumb Code    56  port.o(i.vPortExitCritical)
    vPortFree                                0x08011b51   Thumb Code   150  heap_4.o(i.vPortFree)
    vPortSetupTimerInterrupt                 0x08011bf5   Thumb Code    36  port.o(i.vPortSetupTimerInterrupt)
    vTaskDelay                               0x08011c1d   Thumb Code    82  tasks.o(i.vTaskDelay)
    vTaskStartScheduler                      0x08011c79   Thumb Code   108  tasks.o(i.vTaskStartScheduler)
    vTaskSuspendAll                          0x08011d01   Thumb Code    12  tasks.o(i.vTaskSuspendAll)
    vTaskSwitchContext                       0x08011d11   Thumb Code   118  tasks.o(i.vTaskSwitchContext)
    wheel_motor_init                         0x08011d9d   Thumb Code     6  dm4310_drv.o(i.wheel_motor_init)
    xPortStartScheduler                      0x08011da5   Thumb Code   330  port.o(i.xPortStartScheduler)
    xTaskCreate                              0x08011f0d   Thumb Code    96  tasks.o(i.xTaskCreate)
    xTaskIncrementTick                       0x08011f6d   Thumb Code   282  tasks.o(i.xTaskIncrementTick)
    xTaskResumeAll                           0x080120b5   Thumb Code   224  tasks.o(i.xTaskResumeAll)
    xvEstimateKF_Init                        0x080121b9   Thumb Code    96  observe_task.o(i.xvEstimateKF_Init)
    xvEstimateKF_Update                      0x0801222d   Thumb Code    68  observe_task.o(i.xvEstimateKF_Update)
    UARTPrescTable                           0x0801233c   Data          24  stm32h7xx_hal_uart.o(.constdata)
    D1CorePrescTable                         0x08012364   Data          16  system_stm32h7xx.o(.constdata)
    IMU_QuaternionEKF_F                      0x08012374   Data         144  quaternionekf.o(.constdata)
    X_b                                      0x08012410   Data          12  ins_task.o(.constdata)
    Y_b                                      0x0801241c   Data          12  ins_task.o(.constdata)
    Z_b                                      0x08012428   Data          12  ins_task.o(.constdata)
    vaEstimateKF_H                           0x08012464   Data          16  observe_task.o(.constdata)
    sinTable_f32                             0x080124bc   Data        2052  arm_common_tables.o(.rodata.sinTable_f32)
    Region$$Table$$Base                      0x08012cc0   Number         0  anon$$obj.o(Region$$Table)
    Region$$Table$$Limit                     0x08012ce0   Number         0  anon$$obj.o(Region$$Table)
    defaultTaskHandle                        0x24000000   Data           4  freertos.o(.data)
    INS_TASKHandle                           0x24000004   Data           4  freertos.o(.data)
    CHASSISR_TASKHandle                      0x24000008   Data           4  freertos.o(.data)
    CHASSISL_TASKHandle                      0x2400000c   Data           4  freertos.o(.data)
    OBSERVE_TASKHandle                       0x24000010   Data           4  freertos.o(.data)
    PS2_TASKHandle                           0x24000014   Data           4  freertos.o(.data)
    REMOTE_TASKHandle                        0x24000018   Data           4  freertos.o(.data)
    uwTick                                   0x24000020   Data           4  stm32h7xx_hal.o(.data)
    uwTickPrio                               0x24000024   Data           4  stm32h7xx_hal.o(.data)
    uwTickFreq                               0x24000028   Data           1  stm32h7xx_hal.o(.data)
    SystemCoreClock                          0x2400002c   Data           4  system_stm32h7xx.o(.data)
    SystemD2Clock                            0x24000030   Data           4  system_stm32h7xx.o(.data)
    BMI088_ACCEL_SEN                         0x24000034   Data           4  bmi088driver.o(.data)
    BMI088_GYRO_SEN                          0x24000038   Data           4  bmi088driver.o(.data)
    gNormDiff                                0x24000040   Data           4  bmi088driver.o(.data)
    caliOffset                               0x24000044   Data           1  bmi088driver.o(.data)
    caliCount                                0x24000046   Data           2  bmi088driver.o(.data)
    BMI088_SPI                               0x24000080   Data           4  bmi088middleware.o(.data)
    control_type                             0x24000084   Data           1  up_board.o(.data)
    remote_online_flag                       0x24000088   Data           4  up_board.o(.data)
    Last_remote_online_flag                  0x2400008c   Data           4  up_board.o(.data)
    IMU_QuaternionEKF_P                      0x24000090   Data         144  quaternionekf.o(.data)
    yaw_offset                               0x24000120   Data           4  quaternionekf.o(.data)
    Var_FnR                                  0x24000168   Data           4  vmc_calc.o(.data)
    FnR_index                                0x2400016c   Data           1  vmc_calc.o(.data)
    FnR_count                                0x2400016d   Data           1  vmc_calc.o(.data)
    Air_Time_R                               0x2400016e   Data           1  vmc_calc.o(.data)
    Unair_Time                               0x2400016f   Data           1  vmc_calc.o(.data)
    Var_FnL                                  0x24000170   Data           4  vmc_calc.o(.data)
    FnL_index                                0x24000174   Data           1  vmc_calc.o(.data)
    FnL_count                                0x24000175   Data           1  vmc_calc.o(.data)
    Air_Time_L                               0x24000176   Data           1  vmc_calc.o(.data)
    sizeof_float                             0x2400018a   Data           2  kalman_filter.o(.data)
    sizeof_double                            0x2400018c   Data           2  kalman_filter.o(.data)
    pxCurrentTCB                             0x24000190   Data           4  tasks.o(.data)
    LQR_K_L                                  0x240001f8   Data          48  chassisl_task.o(.data)
    CHASSL_TIME                              0x24000228   Data           4  chassisl_task.o(.data)
    left_flag                                0x2400022c   Data           1  chassisl_task.o(.data)
    x_error                                  0x24000230   Data           4  chassisl_task.o(.data)
    Test_L0                                  0x24000234   Data           4  chassisl_task.o(.data)
    Left_Last_T                              0x24000238   Data           4  chassisl_task.o(.data)
    Left_Dt                                  0x2400023c   Data           4  chassisl_task.o(.data)
    gravity                                  0x24000240   Data          12  ins_task.o(.data)
    INS_DWT_Count                            0x2400024c   Data           4  ins_task.o(.data)
    ins_dt                                   0x24000250   Data           4  ins_task.o(.data)
    ins_time                                 0x24000254   Data           4  ins_task.o(.data)
    stop_time                                0x24000258   Data           4  ins_task.o(.data)
    LQR_K_R                                  0x2400025c   Data          48  chassisr_task.o(.data)
    Poly_Coefficient                         0x2400028c   Data         192  chassisr_task.o(.data)
    theta_offset                             0x2400034c   Data           4  chassisr_task.o(.data)
    theta_Air                                0x24000350   Data           4  chassisr_task.o(.data)
    CHASSR_TIME                              0x24000354   Data           4  chassisr_task.o(.data)
    right_flag                               0x24000358   Data           1  chassisr_task.o(.data)
    target_alpha                             0x2400035c   Data           4  chassisr_task.o(.data)
    Right_Last_T                             0x24000360   Data           4  chassisr_task.o(.data)
    Right_Dt                                 0x24000364   Data           4  chassisr_task.o(.data)
    vaEstimateKF_F                           0x24000368   Data          16  observe_task.o(.data)
    vaEstimateKF_P                           0x24000378   Data          16  observe_task.o(.data)
    vaEstimateKF_Q                           0x24000388   Data          16  observe_task.o(.data)
    vaEstimateKF_R                           0x24000398   Data          16  observe_task.o(.data)
    vel_acc                                  0x240003a8   Data           8  observe_task.o(.data)
    OBSERVE_TIME                             0x240003b0   Data           4  observe_task.o(.data)
    mod50                                    0x240003b4   Data           1  observe_task.o(.data)
    wr                                       0x240003b8   Data           4  observe_task.o(.data)
    wl                                       0x240003bc   Data           4  observe_task.o(.data)
    vrb                                      0x240003c0   Data           4  observe_task.o(.data)
    vlb                                      0x240003c4   Data           4  observe_task.o(.data)
    aver_v                                   0x240003c8   Data           4  observe_task.o(.data)
    mod100                                   0x240003d0   Data           1  remote_task.o(.data)
    REMOTE_TIME                              0x240003d4   Data           4  remote_task.o(.data)
    SysTime                                  0x240003d8   Data           8  bsp_dwt.o(.data)
    CYCCNT64                                 0x240003f8   Data           8  bsp_dwt.o(.data)
    hfdcan1                                  0x2400041c   Data         160  fdcan.o(.bss)
    hfdcan2                                  0x240004bc   Data         160  fdcan.o(.bss)
    hfdcan3                                  0x2400055c   Data         160  fdcan.o(.bss)
    hspi2                                    0x240005fc   Data         136  spi.o(.bss)
    hdma_spi2_rx                             0x24000684   Data         120  spi.o(.bss)
    hdma_spi2_tx                             0x240006fc   Data         120  spi.o(.bss)
    htim3                                    0x24000774   Data          76  tim.o(.bss)
    huart7                                   0x240007c0   Data         148  usart.o(.bss)
    hdma_uart7_tx                            0x24000854   Data         120  usart.o(.bss)
    htim2                                    0x240008cc   Data          76  stm32h7xx_hal_timebase_tim.o(.bss)
    gyroDiff                                 0x24000918   Data          12  bmi088driver.o(.bss)
    BMI088                                   0x24000924   Data          64  bmi088driver.o(.bss)
    Up_borard                                0x24000964   Data          36  up_board.o(.bss)
    QEKF_INS                                 0x24000988   Data         488  quaternionekf.o(.bss)
    IMU_QuaternionEKF_K                      0x24000b70   Data          72  quaternionekf.o(.bss)
    IMU_QuaternionEKF_H                      0x24000bb8   Data          72  quaternionekf.o(.bss)
    kalman_right_d_theta_s                   0x24000c00   Data          44  vmc_calc.o(.bss)
    kalman_right_d_L0_s                      0x24000c2c   Data          44  vmc_calc.o(.bss)
    kalman_right_d_alpha_s                   0x24000c58   Data          44  vmc_calc.o(.bss)
    kalman_left_d_theta_s                    0x24000c84   Data          44  vmc_calc.o(.bss)
    kalman_left_d_L0_s                       0x24000cb0   Data          44  vmc_calc.o(.bss)
    kalman_left_d_alpha_s                    0x24000cdc   Data          44  vmc_calc.o(.bss)
    FnR                                      0x24000d08   Data          40  vmc_calc.o(.bss)
    FnL                                      0x24000d30   Data          40  vmc_calc.o(.bss)
    left                                     0x24008648   Data         200  chassisl_task.o(.bss)
    LegL_Pid                                 0x24008710   Data          72  chassisl_task.o(.bss)
    T_out                                    0x24008758   Data          24  chassisl_task.o(.bss)
    TP_out                                   0x24008770   Data          24  chassisl_task.o(.bss)
    INS                                      0x24008788   Data         176  ins_task.o(.bss)
    mahony                                   0x24008838   Data         132  ins_task.o(.bss)
    Gyro                                     0x240088bc   Data          12  ins_task.o(.bss)
    Accel                                    0x240088c8   Data          12  ins_task.o(.bss)
    right                                    0x240088d4   Data         200  chassisr_task.o(.bss)
    chassis_move                             0x2400899c   Data         632  chassisr_task.o(.bss)
    LegR_Pid                                 0x24008c14   Data          72  chassisr_task.o(.bss)
    Roll_Pid                                 0x24008c5c   Data          72  chassisr_task.o(.bss)
    Tp_Pid                                   0x24008ca4   Data          72  chassisr_task.o(.bss)
    Turn_Pid                                 0x24008cec   Data          72  chassisr_task.o(.bss)
    Mes                                      0x24008d34   Data         100  chassisr_task.o(.bss)
    vaEstimateKF                             0x24008d98   Data         320  observe_task.o(.bss)
    kalman_MotionAccel_n                     0x24008ed8   Data          44  observe_task.o(.bss)
    kalman_Gyro0                             0x24008f04   Data          44  observe_task.o(.bss)
    kalman_wheel_L                           0x24008f30   Data          44  observe_task.o(.bss)
    kalman_wheel_R                           0x24008f5c   Data          44  observe_task.o(.bss)
    kalman_vlb_s                             0x24008f88   Data          44  observe_task.o(.bss)
    kalman_vrb_s                             0x24008fb4   Data          44  observe_task.o(.bss)
    vaEstimateKF_K                           0x24008fe0   Data          16  observe_task.o(.bss)
    RxHeader1                                0x24008ff0   Data          40  can_bsp.o(.bss)
    g_Can1RxData                             0x24009018   Data          64  can_bsp.o(.bss)
    RxHeader2                                0x24009058   Data          40  can_bsp.o(.bss)
    g_Can2RxData                             0x24009080   Data          64  can_bsp.o(.bss)
    __initial_sp                             0x240098c0   Data           0  startup_stm32h723xx.o(STACK)



==============================================================================

Memory Map of the image

  Image Entry point : 0x080002cd

  Load Region LR_IROM1 (Base: 0x08000000, Size: 0x000130fc, Max: 0x00100000, ABSOLUTE, COMPRESSED[0x00012e70])

    Execution Region ER_IROM1 (Exec base: 0x08000000, Load base: 0x08000000, Size: 0x00012ce0, Max: 0x00100000, ABSOLUTE)

    Exec Addr    Load Addr    Size         Type   Attr      Idx    E Section Name        Object

    0x08000000   0x08000000   0x000002cc   Data   RO            3    RESET               startup_stm32h723xx.o
    0x080002cc   0x080002cc   0x00000000   Code   RO         8854  * .ARM.Collect$$$$00000000  mc_w.l(entry.o)
    0x080002cc   0x080002cc   0x00000004   Code   RO         9146    .ARM.Collect$$$$00000001  mc_w.l(entry2.o)
    0x080002d0   0x080002d0   0x00000004   Code   RO         9149    .ARM.Collect$$$$00000004  mc_w.l(entry5.o)
    0x080002d4   0x080002d4   0x00000000   Code   RO         9151    .ARM.Collect$$$$00000008  mc_w.l(entry7b.o)
    0x080002d4   0x080002d4   0x00000000   Code   RO         9153    .ARM.Collect$$$$0000000A  mc_w.l(entry8b.o)
    0x080002d4   0x080002d4   0x00000008   Code   RO         9154    .ARM.Collect$$$$0000000B  mc_w.l(entry9a.o)
    0x080002dc   0x080002dc   0x00000004   Code   RO         9161    .ARM.Collect$$$$0000000E  mc_w.l(entry12b.o)
    0x080002e0   0x080002e0   0x00000000   Code   RO         9156    .ARM.Collect$$$$0000000F  mc_w.l(entry10a.o)
    0x080002e0   0x080002e0   0x00000000   Code   RO         9158    .ARM.Collect$$$$00000011  mc_w.l(entry11a.o)
    0x080002e0   0x080002e0   0x00000004   Code   RO         9147    .ARM.Collect$$$$00002712  mc_w.l(entry2.o)
    0x080002e4   0x080002e4   0x000000be   Code   RO         7846    .emb_text           port.o
    0x080003a2   0x080003a2   0x00000002   PAD
    0x080003a4   0x080003a4   0x00000024   Code   RO            4    .text               startup_stm32h723xx.o
    0x080003c8   0x080003c8   0x00000062   Code   RO         8857    .text               mc_w.l(uldiv.o)
    0x0800042a   0x0800042a   0x00000024   Code   RO         8859    .text               mc_w.l(memcpya.o)
    0x0800044e   0x0800044e   0x00000024   Code   RO         8863    .text               mc_w.l(memseta.o)
    0x08000472   0x08000472   0x0000000e   Code   RO         8865    .text               mc_w.l(strlen.o)
    0x08000480   0x08000480   0x0000002c   Code   RO         9165    .text               mc_w.l(uidiv.o)
    0x080004ac   0x080004ac   0x0000001e   Code   RO         9167    .text               mc_w.l(llshl.o)
    0x080004ca   0x080004ca   0x00000020   Code   RO         9169    .text               mc_w.l(llushr.o)
    0x080004ea   0x080004ea   0x00000000   Code   RO         9178    .text               mc_w.l(iusefp.o)
    0x080004ea   0x080004ea   0x0000014e   Code   RO         9179    .text               mf_w.l(dadd.o)
    0x08000638   0x08000638   0x000000e4   Code   RO         9181    .text               mf_w.l(dmul.o)
    0x0800071c   0x0800071c   0x000000de   Code   RO         9183    .text               mf_w.l(ddiv.o)
    0x080007fa   0x080007fa   0x00000030   Code   RO         9185    .text               mf_w.l(dfixul.o)
    0x0800082a   0x0800082a   0x00000002   PAD
    0x0800082c   0x0800082c   0x00000030   Code   RO         9187    .text               mf_w.l(cdrcmple.o)
    0x0800085c   0x0800085c   0x00000024   Code   RO         9189    .text               mc_w.l(init.o)
    0x08000880   0x08000880   0x00000024   Code   RO         9192    .text               mc_w.l(llsshr.o)
    0x080008a4   0x080008a4   0x000000ba   Code   RO         9195    .text               mf_w.l(depilogue.o)
    0x0800095e   0x0800095e   0x00000056   Code   RO         9205    .text               mc_w.l(__dczerorl2.o)
    0x080009b4   0x080009b4   0x00000090   Code   RO         8621    .text.arm_cos_f32   arm_cortexM7lfdp_math.lib(arm_cos_f32.o)
    0x08000a44   0x08000a44   0x000000be   Code   RO         8641    .text.arm_mat_add_f32  arm_cortexM7lfdp_math.lib(arm_mat_add_f32.o)
    0x08000b02   0x08000b02   0x00000008   Code   RO         8651    .text.arm_mat_init_f32  arm_cortexM7lfdp_math.lib(arm_mat_init_f32.o)
    0x08000b0a   0x08000b0a   0x00000002   PAD
    0x08000b0c   0x08000b0c   0x000002cc   Code   RO         8660    .text.arm_mat_inverse_f32  arm_cortexM7lfdp_math.lib(arm_mat_inverse_f32.o)
    0x08000dd8   0x08000dd8   0x00000130   Code   RO         8670    .text.arm_mat_mult_f32  arm_cortexM7lfdp_math.lib(arm_mat_mult_f32.o)
    0x08000f08   0x08000f08   0x000000be   Code   RO         8680    .text.arm_mat_sub_f32  arm_cortexM7lfdp_math.lib(arm_mat_sub_f32.o)
    0x08000fc6   0x08000fc6   0x00000002   PAD
    0x08000fc8   0x08000fc8   0x000000b4   Code   RO         8690    .text.arm_mat_trans_f32  arm_cortexM7lfdp_math.lib(arm_mat_trans_f32.o)
    0x0800107c   0x0800107c   0x0000008c   Code   RO         8631    .text.arm_sin_f32   arm_cortexM7lfdp_math.lib(arm_sin_f32.o)
    0x08001108   0x08001108   0x00000014   Code   RO         5973    i.BMI088_ACCEL_NS_H  bmi088middleware.o
    0x0800111c   0x0800111c   0x00000014   Code   RO         5974    i.BMI088_ACCEL_NS_L  bmi088middleware.o
    0x08001130   0x08001130   0x00000014   Code   RO         5975    i.BMI088_GYRO_NS_H  bmi088middleware.o
    0x08001144   0x08001144   0x00000014   Code   RO         5976    i.BMI088_GYRO_NS_L  bmi088middleware.o
    0x08001158   0x08001158   0x00000330   Code   RO         5883    i.BMI088_Read       bmi088driver.o
    0x08001488   0x08001488   0x000000c0   Code   RO         5884    i.BMI088_init       bmi088driver.o
    0x08001548   0x08001548   0x00000026   Code   RO         5885    i.BMI088_read_muli_reg  bmi088driver.o
    0x0800156e   0x0800156e   0x00000018   Code   RO         5886    i.BMI088_read_single_reg  bmi088driver.o
    0x08001586   0x08001586   0x00000002   PAD
    0x08001588   0x08001588   0x00000024   Code   RO         5977    i.BMI088_read_write_byte  bmi088middleware.o
    0x080015ac   0x080015ac   0x00000014   Code   RO         5887    i.BMI088_write_single_reg  bmi088driver.o
    0x080015c0   0x080015c0   0x0000015a   Code   RO         7989    i.BodyFrameToEarthFrame  ins_task.o
    0x0800171a   0x0800171a   0x00000004   Code   RO          633    i.BusFault_Handler  stm32h7xx_it.o
    0x0800171e   0x0800171e   0x00000002   PAD
    0x08001720   0x08001720   0x00000674   Code   RO         5888    i.Calibrate_MPU_Offset  bmi088driver.o
    0x08001d94   0x08001d94   0x00000008   Code   RO          307    i.ChassisL_Task     freertos.o
    0x08001d9c   0x08001d9c   0x00000094   Code   RO         7926    i.ChassisL_init     chassisl_task.o
    0x08001e30   0x08001e30   0x00000188   Code   RO         7927    i.ChassisL_task     chassisl_task.o
    0x08001fb8   0x08001fb8   0x00000008   Code   RO          308    i.ChassisR_Task     freertos.o
    0x08001fc0   0x08001fc0   0x00000090   Code   RO         8049    i.ChassisR_init     chassisr_task.o
    0x08002050   0x08002050   0x0000019c   Code   RO         8050    i.ChassisR_task     chassisr_task.o
    0x080021ec   0x080021ec   0x00000010   Code   RO          634    i.DMA1_Stream0_IRQHandler  stm32h7xx_it.o
    0x080021fc   0x080021fc   0x00000010   Code   RO          635    i.DMA1_Stream1_IRQHandler  stm32h7xx_it.o
    0x0800220c   0x0800220c   0x00000010   Code   RO          636    i.DMA1_Stream2_IRQHandler  stm32h7xx_it.o
    0x0800221c   0x0800221c   0x000000ec   Code   RO         2704    i.DMA_CalcBaseAndBitshift  stm32h7xx_hal_dma.o
    0x08002308   0x08002308   0x000000c4   Code   RO         2705    i.DMA_CalcDMAMUXChannelBaseAndMask  stm32h7xx_hal_dma.o
    0x080023cc   0x080023cc   0x00000098   Code   RO         2706    i.DMA_CalcDMAMUXRequestGenBaseAndMask  stm32h7xx_hal_dma.o
    0x08002464   0x08002464   0x000000ae   Code   RO         2707    i.DMA_CheckFifoParam  stm32h7xx_hal_dma.o
    0x08002512   0x08002512   0x00000002   PAD
    0x08002514   0x08002514   0x00000274   Code   RO         2708    i.DMA_SetConfig     stm32h7xx_hal_dma.o
    0x08002788   0x08002788   0x00000030   Code   RO         8329    i.DWT_CNT_Update    bsp_dwt.o
    0x080027b8   0x080027b8   0x0000003c   Code   RO         8330    i.DWT_Delay         bsp_dwt.o
    0x080027f4   0x080027f4   0x0000004c   Code   RO         8331    i.DWT_GetDeltaT     bsp_dwt.o
    0x08002840   0x08002840   0x00000054   Code   RO         8334    i.DWT_GetTimeline_s  bsp_dwt.o
    0x08002894   0x08002894   0x00000068   Code   RO         8336    i.DWT_Init          bsp_dwt.o
    0x080028fc   0x080028fc   0x000000d0   Code   RO         8337    i.DWT_SysTimeUpdate  bsp_dwt.o
    0x080029cc   0x080029cc   0x00000002   Code   RO          637    i.DebugMon_Handler  stm32h7xx_it.o
    0x080029ce   0x080029ce   0x0000015a   Code   RO         7990    i.EarthFrameToBodyFrame  ins_task.o
    0x08002b28   0x08002b28   0x00000006   Code   RO           13    i.Error_Handler     main.o
    0x08002b2e   0x08002b2e   0x00000002   PAD
    0x08002b30   0x08002b30   0x00000060   Code   RO         8406    i.FDCAN1_Config     can_bsp.o
    0x08002b90   0x08002b90   0x00000010   Code   RO          638    i.FDCAN1_IT0_IRQHandler  stm32h7xx_it.o
    0x08002ba0   0x08002ba0   0x00000060   Code   RO         8407    i.FDCAN2_Config     can_bsp.o
    0x08002c00   0x08002c00   0x00000010   Code   RO          639    i.FDCAN2_IT0_IRQHandler  stm32h7xx_it.o
    0x08002c10   0x08002c10   0x00000010   Code   RO          640    i.FDCAN3_IT0_IRQHandler  stm32h7xx_it.o
    0x08002c20   0x08002c20   0x00000220   Code   RO         4345    i.FDCAN_CalcultateRamBlockAddresses  stm32h7xx_hal_fdcan.o
    0x08002e40   0x08002e40   0x000000d4   Code   RO         4346    i.FDCAN_CopyMessageToRAM  stm32h7xx_hal_fdcan.o
    0x08002f14   0x08002f14   0x000004dc   Code   RO         2709    i.HAL_DMA_Abort     stm32h7xx_hal_dma.o
    0x080033f0   0x080033f0   0x00000398   Code   RO         2710    i.HAL_DMA_Abort_IT  stm32h7xx_hal_dma.o
    0x08003788   0x08003788   0x00000af8   Code   RO         2714    i.HAL_DMA_IRQHandler  stm32h7xx_hal_dma.o
    0x08004280   0x08004280   0x00000514   Code   RO         2715    i.HAL_DMA_Init      stm32h7xx_hal_dma.o
    0x08004794   0x08004794   0x000003e0   Code   RO         2719    i.HAL_DMA_Start_IT  stm32h7xx_hal_dma.o
    0x08004b74   0x08004b74   0x00000028   Code   RO         3406    i.HAL_Delay         stm32h7xx_hal.o
    0x08004b9c   0x08004b9c   0x000000a8   Code   RO         4348    i.HAL_FDCAN_ActivateNotification  stm32h7xx_hal_fdcan.o
    0x08004c44   0x08004c44   0x00000090   Code   RO         4350    i.HAL_FDCAN_AddMessageToTxFifoQ  stm32h7xx_hal_fdcan.o
    0x08004cd4   0x08004cd4   0x00000002   Code   RO         4351    i.HAL_FDCAN_ClockCalibrationCallback  stm32h7xx_hal_fdcan.o
    0x08004cd6   0x08004cd6   0x000000a8   Code   RO         4355    i.HAL_FDCAN_ConfigFilter  stm32h7xx_hal_fdcan.o
    0x08004d7e   0x08004d7e   0x00000034   Code   RO         4356    i.HAL_FDCAN_ConfigGlobalFilter  stm32h7xx_hal_fdcan.o
    0x08004db2   0x08004db2   0x00000002   Code   RO         4377    i.HAL_FDCAN_ErrorCallback  stm32h7xx_hal_fdcan.o
    0x08004db4   0x08004db4   0x00000002   Code   RO         4378    i.HAL_FDCAN_ErrorStatusCallback  stm32h7xx_hal_fdcan.o
    0x08004db6   0x08004db6   0x00000002   PAD
    0x08004db8   0x08004db8   0x000001f4   Code   RO         4389    i.HAL_FDCAN_GetRxMessage  stm32h7xx_hal_fdcan.o
    0x08004fac   0x08004fac   0x00000002   Code   RO         4395    i.HAL_FDCAN_HighPriorityMessageCallback  stm32h7xx_hal_fdcan.o
    0x08004fae   0x08004fae   0x00000002   PAD
    0x08004fb0   0x08004fb0   0x000003d4   Code   RO         4396    i.HAL_FDCAN_IRQHandler  stm32h7xx_hal_fdcan.o
    0x08005384   0x08005384   0x000002e0   Code   RO         4397    i.HAL_FDCAN_Init    stm32h7xx_hal_fdcan.o
    0x08005664   0x08005664   0x000001b4   Code   RO          447    i.HAL_FDCAN_MspInit  fdcan.o
    0x08005818   0x08005818   0x00000002   Code   RO         4406    i.HAL_FDCAN_RxBufferNewMessageCallback  stm32h7xx_hal_fdcan.o
    0x0800581a   0x0800581a   0x00000002   PAD
    0x0800581c   0x0800581c   0x0000009c   Code   RO         8408    i.HAL_FDCAN_RxFifo0Callback  can_bsp.o
    0x080058b8   0x080058b8   0x000000a0   Code   RO         8409    i.HAL_FDCAN_RxFifo1Callback  can_bsp.o
    0x08005958   0x08005958   0x00000034   Code   RO         4409    i.HAL_FDCAN_Start   stm32h7xx_hal_fdcan.o
    0x0800598c   0x0800598c   0x00000002   Code   RO         4431    i.HAL_FDCAN_TT_GlobalTimeCallback  stm32h7xx_hal_fdcan.o
    0x0800598e   0x0800598e   0x00000002   Code   RO         4432    i.HAL_FDCAN_TT_ScheduleSyncCallback  stm32h7xx_hal_fdcan.o
    0x08005990   0x08005990   0x00000002   Code   RO         4437    i.HAL_FDCAN_TT_StopWatchCallback  stm32h7xx_hal_fdcan.o
    0x08005992   0x08005992   0x00000002   Code   RO         4438    i.HAL_FDCAN_TT_TimeMarkCallback  stm32h7xx_hal_fdcan.o
    0x08005994   0x08005994   0x00000002   Code   RO         4439    i.HAL_FDCAN_TimeoutOccurredCallback  stm32h7xx_hal_fdcan.o
    0x08005996   0x08005996   0x00000002   Code   RO         4440    i.HAL_FDCAN_TimestampWraparoundCallback  stm32h7xx_hal_fdcan.o
    0x08005998   0x08005998   0x00000002   Code   RO         4441    i.HAL_FDCAN_TxBufferAbortCallback  stm32h7xx_hal_fdcan.o
    0x0800599a   0x0800599a   0x00000002   Code   RO         4442    i.HAL_FDCAN_TxBufferCompleteCallback  stm32h7xx_hal_fdcan.o
    0x0800599c   0x0800599c   0x00000002   Code   RO         4443    i.HAL_FDCAN_TxEventFifoCallback  stm32h7xx_hal_fdcan.o
    0x0800599e   0x0800599e   0x00000002   Code   RO         4444    i.HAL_FDCAN_TxFifoEmptyCallback  stm32h7xx_hal_fdcan.o
    0x080059a0   0x080059a0   0x000001f0   Code   RO         2557    i.HAL_GPIO_Init     stm32h7xx_hal_gpio.o
    0x08005b90   0x08005b90   0x0000000c   Code   RO         2561    i.HAL_GPIO_WritePin  stm32h7xx_hal_gpio.o
    0x08005b9c   0x08005b9c   0x0000000c   Code   RO         3422    i.HAL_GetTick       stm32h7xx_hal.o
    0x08005ba8   0x08005ba8   0x00000018   Code   RO         3428    i.HAL_IncTick       stm32h7xx_hal.o
    0x08005bc0   0x08005bc0   0x00000060   Code   RO         3429    i.HAL_Init          stm32h7xx_hal.o
    0x08005c20   0x08005c20   0x000000a0   Code   RO          769    i.HAL_InitTick      stm32h7xx_hal_timebase_tim.o
    0x08005cc0   0x08005cc0   0x00000030   Code   RO          745    i.HAL_MspInit       stm32h7xx_hal_msp.o
    0x08005cf0   0x08005cf0   0x00000028   Code   RO         1844    i.HAL_NVIC_EnableIRQ  stm32h7xx_hal_cortex.o
    0x08005d18   0x08005d18   0x0000007a   Code   RO         1850    i.HAL_NVIC_SetPriority  stm32h7xx_hal_cortex.o
    0x08005d92   0x08005d92   0x00000002   PAD
    0x08005d94   0x08005d94   0x00000028   Code   RO         1851    i.HAL_NVIC_SetPriorityGrouping  stm32h7xx_hal_cortex.o
    0x08005dbc   0x08005dbc   0x00000060   Code   RO         3158    i.HAL_PWREx_ConfigSupply  stm32h7xx_hal_pwr_ex.o
    0x08005e1c   0x08005e1c   0x00000024   Code   RO         2100    i.HAL_RCCEx_GetD3PCLK1Freq  stm32h7xx_hal_rcc_ex.o
    0x08005e40   0x08005e40   0x00000230   Code   RO         2102    i.HAL_RCCEx_GetPLL2ClockFreq  stm32h7xx_hal_rcc_ex.o
    0x08006070   0x08006070   0x00000230   Code   RO         2103    i.HAL_RCCEx_GetPLL3ClockFreq  stm32h7xx_hal_rcc_ex.o
    0x080062a0   0x080062a0   0x00000cc8   Code   RO         2109    i.HAL_RCCEx_PeriphCLKConfig  stm32h7xx_hal_rcc_ex.o
    0x08006f68   0x08006f68   0x00000320   Code   RO         1985    i.HAL_RCC_ClockConfig  stm32h7xx_hal_rcc.o
    0x08007288   0x08007288   0x0000006c   Code   RO         1989    i.HAL_RCC_GetClockConfig  stm32h7xx_hal_rcc.o
    0x080072f4   0x080072f4   0x0000004c   Code   RO         1990    i.HAL_RCC_GetHCLKFreq  stm32h7xx_hal_rcc.o
    0x08007340   0x08007340   0x00000024   Code   RO         1992    i.HAL_RCC_GetPCLK1Freq  stm32h7xx_hal_rcc.o
    0x08007364   0x08007364   0x00000024   Code   RO         1993    i.HAL_RCC_GetPCLK2Freq  stm32h7xx_hal_rcc.o
    0x08007388   0x08007388   0x0000022c   Code   RO         1994    i.HAL_RCC_GetSysClockFreq  stm32h7xx_hal_rcc.o
    0x080075b4   0x080075b4   0x0000075c   Code   RO         1997    i.HAL_RCC_OscConfig  stm32h7xx_hal_rcc.o
    0x08007d10   0x08007d10   0x00000002   Code   RO         4970    i.HAL_SPI_ErrorCallback  stm32h7xx_hal_spi.o
    0x08007d12   0x08007d12   0x00000002   PAD
    0x08007d14   0x08007d14   0x00000294   Code   RO         4973    i.HAL_SPI_IRQHandler  stm32h7xx_hal_spi.o
    0x08007fa8   0x08007fa8   0x000001b0   Code   RO         4974    i.HAL_SPI_Init      stm32h7xx_hal_spi.o
    0x08008158   0x08008158   0x00000178   Code   RO          502    i.HAL_SPI_MspInit   spi.o
    0x080082d0   0x080082d0   0x00000002   Code   RO         4980    i.HAL_SPI_RxCpltCallback  stm32h7xx_hal_spi.o
    0x080082d2   0x080082d2   0x00000002   Code   RO         4982    i.HAL_SPI_SuspendCallback  stm32h7xx_hal_spi.o
    0x080082d4   0x080082d4   0x00000302   Code   RO         4984    i.HAL_SPI_TransmitReceive  stm32h7xx_hal_spi.o
    0x080085d6   0x080085d6   0x00000002   Code   RO         4989    i.HAL_SPI_TxCpltCallback  stm32h7xx_hal_spi.o
    0x080085d8   0x080085d8   0x00000002   Code   RO         4991    i.HAL_SPI_TxRxCpltCallback  stm32h7xx_hal_spi.o
    0x080085da   0x080085da   0x00000002   PAD
    0x080085dc   0x080085dc   0x00000014   Code   RO         3436    i.HAL_SYSCFG_AnalogSwitchConfig  stm32h7xx_hal.o
    0x080085f0   0x080085f0   0x00000002   Code   RO         1535    i.HAL_TIMEx_Break2Callback  stm32h7xx_hal_tim_ex.o
    0x080085f2   0x080085f2   0x00000002   Code   RO         1536    i.HAL_TIMEx_BreakCallback  stm32h7xx_hal_tim_ex.o
    0x080085f4   0x080085f4   0x00000002   Code   RO         1537    i.HAL_TIMEx_CommutCallback  stm32h7xx_hal_tim_ex.o
    0x080085f6   0x080085f6   0x00000002   PAD
    0x080085f8   0x080085f8   0x000000e4   Code   RO         1558    i.HAL_TIMEx_MasterConfigSynchronization  stm32h7xx_hal_tim_ex.o
    0x080086dc   0x080086dc   0x0000006e   Code   RO          810    i.HAL_TIM_Base_Init  stm32h7xx_hal_tim.o
    0x0800874a   0x0800874a   0x00000002   Code   RO          812    i.HAL_TIM_Base_MspInit  stm32h7xx_hal_tim.o
    0x0800874c   0x0800874c   0x000000cc   Code   RO          815    i.HAL_TIM_Base_Start_IT  stm32h7xx_hal_tim.o
    0x08008818   0x08008818   0x00000002   Code   RO          844    i.HAL_TIM_IC_CaptureCallback  stm32h7xx_hal_tim.o
    0x0800881a   0x0800881a   0x000001b8   Code   RO          858    i.HAL_TIM_IRQHandler  stm32h7xx_hal_tim.o
    0x080089d2   0x080089d2   0x00000002   PAD
    0x080089d4   0x080089d4   0x0000005c   Code   RO          543    i.HAL_TIM_MspPostInit  tim.o
    0x08008a30   0x08008a30   0x00000002   Code   RO          861    i.HAL_TIM_OC_DelayElapsedCallback  stm32h7xx_hal_tim.o
    0x08008a32   0x08008a32   0x00000170   Code   RO          882    i.HAL_TIM_PWM_ConfigChannel  stm32h7xx_hal_tim.o
    0x08008ba2   0x08008ba2   0x0000006e   Code   RO          885    i.HAL_TIM_PWM_Init  stm32h7xx_hal_tim.o
    0x08008c10   0x08008c10   0x00000030   Code   RO          545    i.HAL_TIM_PWM_MspInit  tim.o
    0x08008c40   0x08008c40   0x00000002   Code   RO          888    i.HAL_TIM_PWM_PulseFinishedCallback  stm32h7xx_hal_tim.o
    0x08008c42   0x08008c42   0x00000012   Code   RO           14    i.HAL_TIM_PeriodElapsedCallback  main.o
    0x08008c54   0x08008c54   0x00000002   Code   RO          901    i.HAL_TIM_TriggerCallback  stm32h7xx_hal_tim.o
    0x08008c56   0x08008c56   0x0000004e   Code   RO         5722    i.HAL_UARTEx_DisableFifoMode  stm32h7xx_hal_uart_ex.o
    0x08008ca4   0x08008ca4   0x00000002   Code   RO         5306    i.HAL_UARTEx_RxEventCallback  stm32h7xx_hal_uart.o
    0x08008ca6   0x08008ca6   0x00000002   Code   RO         5730    i.HAL_UARTEx_RxFifoFullCallback  stm32h7xx_hal_uart_ex.o
    0x08008ca8   0x08008ca8   0x0000005e   Code   RO         5731    i.HAL_UARTEx_SetRxFifoThreshold  stm32h7xx_hal_uart_ex.o
    0x08008d06   0x08008d06   0x0000005e   Code   RO         5732    i.HAL_UARTEx_SetTxFifoThreshold  stm32h7xx_hal_uart_ex.o
    0x08008d64   0x08008d64   0x00000002   Code   RO         5734    i.HAL_UARTEx_TxFifoEmptyCallback  stm32h7xx_hal_uart_ex.o
    0x08008d66   0x08008d66   0x00000002   Code   RO         5735    i.HAL_UARTEx_WakeupCallback  stm32h7xx_hal_uart_ex.o
    0x08008d68   0x08008d68   0x00000002   Code   RO         5322    i.HAL_UART_ErrorCallback  stm32h7xx_hal_uart.o
    0x08008d6a   0x08008d6a   0x00000002   PAD
    0x08008d6c   0x08008d6c   0x00000494   Code   RO         5325    i.HAL_UART_IRQHandler  stm32h7xx_hal_uart.o
    0x08009200   0x08009200   0x00000078   Code   RO         5326    i.HAL_UART_Init     stm32h7xx_hal_uart.o
    0x08009278   0x08009278   0x000000f0   Code   RO          592    i.HAL_UART_MspInit  usart.o
    0x08009368   0x08009368   0x000000a0   Code   RO         5336    i.HAL_UART_Transmit_DMA  stm32h7xx_hal_uart.o
    0x08009408   0x08009408   0x00000002   Code   RO         5338    i.HAL_UART_TxCpltCallback  stm32h7xx_hal_uart.o
    0x0800940a   0x0800940a   0x00000002   Code   RO         5339    i.HAL_UART_TxHalfCpltCallback  stm32h7xx_hal_uart.o
    0x0800940c   0x0800940c   0x00000130   Code   RO         6375    i.H_K_R_Adjustment  kalman_filter.o
    0x0800953c   0x0800953c   0x00000004   Code   RO          641    i.HardFault_Handler  stm32h7xx_it.o
    0x08009540   0x08009540   0x0000023c   Code   RO         6232    i.IMU_QuaternionEKF_F_Linearization_P_Fading  quaternionekf.o
    0x0800977c   0x0800977c   0x00000130   Code   RO         6233    i.IMU_QuaternionEKF_Init  quaternionekf.o
    0x080098ac   0x080098ac   0x00000038   Code   RO         6234    i.IMU_QuaternionEKF_Observe  quaternionekf.o
    0x080098e4   0x080098e4   0x00000128   Code   RO         6235    i.IMU_QuaternionEKF_SetH  quaternionekf.o
    0x08009a0c   0x08009a0c   0x00000634   Code   RO         6236    i.IMU_QuaternionEKF_Update  quaternionekf.o
    0x0800a040   0x0800a040   0x00000508   Code   RO         6237    i.IMU_QuaternionEKF_xhatUpdate  quaternionekf.o
    0x0800a548   0x0800a548   0x00000060   Code   RO         7991    i.INS_Init          ins_task.o
    0x0800a5a8   0x0800a5a8   0x00000008   Code   RO          309    i.INS_Task          freertos.o
    0x0800a5b0   0x0800a5b0   0x00000588   Code   RO         7992    i.INS_task          ins_task.o
    0x0800ab38   0x0800ab38   0x0000070c   Code   RO         6376    i.Kalman_Filter_Init  kalman_filter.o
    0x0800b244   0x0800b244   0x00000050   Code   RO         6377    i.Kalman_Filter_Measure  kalman_filter.o
    0x0800b294   0x0800b294   0x00000068   Code   RO         6378    i.Kalman_Filter_P_Update  kalman_filter.o
    0x0800b2fc   0x0800b2fc   0x00000068   Code   RO         6379    i.Kalman_Filter_PminusUpdate  kalman_filter.o
    0x0800b364   0x0800b364   0x000000d2   Code   RO         6380    i.Kalman_Filter_SetK  kalman_filter.o
    0x0800b436   0x0800b436   0x00000002   PAD
    0x0800b438   0x0800b438   0x0000012c   Code   RO         6381    i.Kalman_Filter_Update  kalman_filter.o
    0x0800b564   0x0800b564   0x0000007c   Code   RO         6382    i.Kalman_Filter_xhatMinusUpdate  kalman_filter.o
    0x0800b5e0   0x0800b5e0   0x00000086   Code   RO         6383    i.Kalman_Filter_xhatUpdate  kalman_filter.o
    0x0800b666   0x0800b666   0x00000032   Code   RO         6305    i.LQR_K_calc        vmc_calc.o
    0x0800b698   0x0800b698   0x00000054   Code   RO          422    i.MX_DMA_Init       dma.o
    0x0800b6ec   0x0800b6ec   0x00000080   Code   RO          448    i.MX_FDCAN1_Init    fdcan.o
    0x0800b76c   0x0800b76c   0x00000080   Code   RO          449    i.MX_FDCAN2_Init    fdcan.o
    0x0800b7ec   0x0800b7ec   0x00000080   Code   RO          450    i.MX_FDCAN3_Init    fdcan.o
    0x0800b86c   0x0800b86c   0x00000098   Code   RO          310    i.MX_FREERTOS_Init  freertos.o
    0x0800b904   0x0800b904   0x00000180   Code   RO          283    i.MX_GPIO_Init      gpio.o
    0x0800ba84   0x0800ba84   0x00000064   Code   RO          503    i.MX_SPI2_Init      spi.o
    0x0800bae8   0x0800bae8   0x00000080   Code   RO          546    i.MX_TIM3_Init      tim.o
    0x0800bb68   0x0800bb68   0x0000006c   Code   RO          593    i.MX_UART7_Init     usart.o
    0x0800bbd4   0x0800bbd4   0x00000004   Code   RO          642    i.MemManage_Handler  stm32h7xx_it.o
    0x0800bbd8   0x0800bbd8   0x00000004   Code   RO          643    i.NMI_Handler       stm32h7xx_it.o
    0x0800bbdc   0x0800bbdc   0x00000008   Code   RO          311    i.OBSERVE_Task      freertos.o
    0x0800bbe4   0x0800bbe4   0x000003b8   Code   RO         8119    i.Observe_task      observe_task.o
    0x0800bf9c   0x0800bf9c   0x000001f0   Code   RO         6591    i.PID_Calc          pid.o
    0x0800c18c   0x0800c18c   0x00000060   Code   RO         6593    i.PID_init          pid.o
    0x0800c1ec   0x0800c1ec   0x00000058   Code   RO         8051    i.Pensation_init    chassisr_task.o
    0x0800c244   0x0800c244   0x00000048   Code   RO           15    i.PeriphCommonClock_Config  main.o
    0x0800c28c   0x0800c28c   0x00000164   Code   RO         2112    i.RCCEx_PLL2_Config  stm32h7xx_hal_rcc_ex.o
    0x0800c3f0   0x0800c3f0   0x00000164   Code   RO         2113    i.RCCEx_PLL3_Config  stm32h7xx_hal_rcc_ex.o
    0x0800c554   0x0800c554   0x0000006e   Code   RO         6627    i.Recv_Adjust_PeriodElapsedCallback  my_kalman.o
    0x0800c5c2   0x0800c5c2   0x00000008   Code   RO          313    i.Remote_Task       freertos.o
    0x0800c5ca   0x0800c5ca   0x00000002   PAD
    0x0800c5cc   0x0800c5cc   0x000001fc   Code   RO         8292    i.Remote_data_process  remote_task.o
    0x0800c7c8   0x0800c7c8   0x0000012e   Code   RO         6169    i.RotationMatrix_update  mahony_filter.o
    0x0800c8f6   0x0800c8f6   0x00000002   PAD
    0x0800c8f8   0x0800c8f8   0x00000010   Code   RO          644    i.SPI2_IRQHandler   stm32h7xx_it.o
    0x0800c908   0x0800c908   0x000000d6   Code   RO         4994    i.SPI_CloseTransfer  stm32h7xx_hal_spi.o
    0x0800c9de   0x0800c9de   0x0000001c   Code   RO         4995    i.SPI_DMAAbortOnError  stm32h7xx_hal_spi.o
    0x0800c9fa   0x0800c9fa   0x0000001a   Code   RO         5005    i.SPI_GetPacketSize  stm32h7xx_hal_spi.o
    0x0800ca14   0x0800ca14   0x00000042   Code   RO         5012    i.SPI_WaitOnFlagUntilTimeout  stm32h7xx_hal_spi.o
    0x0800ca56   0x0800ca56   0x00000002   PAD
    0x0800ca58   0x0800ca58   0x00000034   Code   RO         7847    i.SysTick_Handler   port.o
    0x0800ca8c   0x0800ca8c   0x000000b4   Code   RO           16    i.SystemClock_Config  main.o
    0x0800cb40   0x0800cb40   0x000000e0   Code   RO         5846    i.SystemInit        system_stm32h7xx.o
    0x0800cc20   0x0800cc20   0x00000010   Code   RO          645    i.TIM2_IRQHandler   stm32h7xx_it.o
    0x0800cc30   0x0800cc30   0x000000e0   Code   RO          903    i.TIM_Base_SetConfig  stm32h7xx_hal_tim.o
    0x0800cd10   0x0800cd10   0x000000ac   Code   RO          916    i.TIM_OC1_SetConfig  stm32h7xx_hal_tim.o
    0x0800cdbc   0x0800cdbc   0x000000b4   Code   RO          917    i.TIM_OC2_SetConfig  stm32h7xx_hal_tim.o
    0x0800ce70   0x0800ce70   0x000000b4   Code   RO          918    i.TIM_OC3_SetConfig  stm32h7xx_hal_tim.o
    0x0800cf24   0x0800cf24   0x00000074   Code   RO          919    i.TIM_OC4_SetConfig  stm32h7xx_hal_tim.o
    0x0800cf98   0x0800cf98   0x00000070   Code   RO          920    i.TIM_OC5_SetConfig  stm32h7xx_hal_tim.o
    0x0800d008   0x0800d008   0x00000070   Code   RO          921    i.TIM_OC6_SetConfig  stm32h7xx_hal_tim.o
    0x0800d078   0x0800d078   0x00000010   Code   RO          646    i.UART7_IRQHandler  stm32h7xx_it.o
    0x0800d088   0x0800d088   0x00000058   Code   RO         5736    i.UARTEx_SetNbDataToProcess  stm32h7xx_hal_uart_ex.o
    0x0800d0e0   0x0800d0e0   0x000000f8   Code   RO         5340    i.UART_AdvFeatureConfig  stm32h7xx_hal_uart.o
    0x0800d1d8   0x0800d1d8   0x000000ea   Code   RO         5341    i.UART_CheckIdleState  stm32h7xx_hal_uart.o
    0x0800d2c2   0x0800d2c2   0x00000018   Code   RO         5342    i.UART_DMAAbortOnError  stm32h7xx_hal_uart.o
    0x0800d2da   0x0800d2da   0x0000005e   Code   RO         5343    i.UART_DMAError     stm32h7xx_hal_uart.o
    0x0800d338   0x0800d338   0x00000054   Code   RO         5348    i.UART_DMATransmitCplt  stm32h7xx_hal_uart.o
    0x0800d38c   0x0800d38c   0x0000000e   Code   RO         5350    i.UART_DMATxHalfCplt  stm32h7xx_hal_uart.o
    0x0800d39a   0x0800d39a   0x00000002   PAD
    0x0800d39c   0x0800d39c   0x0000006c   Code   RO         5352    i.UART_EndRxTransfer  stm32h7xx_hal_uart.o
    0x0800d408   0x0800d408   0x00000030   Code   RO         5353    i.UART_EndTransmit_IT  stm32h7xx_hal_uart.o
    0x0800d438   0x0800d438   0x00000040   Code   RO         5354    i.UART_EndTxTransfer  stm32h7xx_hal_uart.o
    0x0800d478   0x0800d478   0x00000628   Code   RO         5359    i.UART_SetConfig    stm32h7xx_hal_uart.o
    0x0800daa0   0x0800daa0   0x000000a2   Code   RO         5366    i.UART_WaitOnFlagUntilTimeout  stm32h7xx_hal_uart.o
    0x0800db42   0x0800db42   0x00000004   Code   RO          647    i.UsageFault_Handler  stm32h7xx_it.o
    0x0800db46   0x0800db46   0x00000002   PAD
    0x0800db48   0x0800db48   0x00000608   Code   RO         6306    i.VMC_calc_1_left   vmc_calc.o
    0x0800e150   0x0800e150   0x000005f8   Code   RO         6307    i.VMC_calc_1_right  vmc_calc.o
    0x0800e748   0x0800e748   0x0000003a   Code   RO         6308    i.VMC_calc_2        vmc_calc.o
    0x0800e782   0x0800e782   0x00000002   PAD
    0x0800e784   0x0800e784   0x000000e8   Code   RO         6309    i.VMC_init          vmc_calc.o
    0x0800e86c   0x0800e86c   0x00000028   Code   RO         9104    i.__0sprintf        mc_w.l(printfa.o)
    0x0800e894   0x0800e894   0x00000026   Code   RO         9130    i.__ARM_fpclassifyf  m_wv.l(fpclassifyf.o)
    0x0800e8ba   0x0800e8ba   0x00000002   PAD
    0x0800e8bc   0x0800e8bc   0x00000010   Code   RO         1857    i.__NVIC_GetPriorityGrouping  stm32h7xx_hal_cortex.o
    0x0800e8cc   0x0800e8cc   0x00000028   Code   RO         1858    i.__NVIC_SetPriority  stm32h7xx_hal_cortex.o
    0x0800e8f4   0x0800e8f4   0x00000124   Code   RO         8794    i.__hardfp_acosf    m_wv.l(acosf.o)
    0x0800ea18   0x0800ea18   0x00000138   Code   RO         8806    i.__hardfp_asinf    m_wv.l(asinf.o)
    0x0800eb50   0x0800eb50   0x000002b4   Code   RO         8818    i.__hardfp_atan2f   m_wv.l(atan2f.o)
    0x0800ee04   0x0800ee04   0x00000066   Code   RO         8830    i.__hardfp_sqrt     m_wv.l(sqrt.o)
    0x0800ee6a   0x0800ee6a   0x0000003a   Code   RO         8842    i.__hardfp_sqrtf    m_wv.l(sqrtf.o)
    0x0800eea4   0x0800eea4   0x00000006   Code   RO         9133    i.__mathlib_flt_infnan  m_wv.l(funder.o)
    0x0800eeaa   0x0800eeaa   0x00000006   Code   RO         9134    i.__mathlib_flt_infnan2  m_wv.l(funder.o)
    0x0800eeb0   0x0800eeb0   0x00000010   Code   RO         9135    i.__mathlib_flt_invalid  m_wv.l(funder.o)
    0x0800eec0   0x0800eec0   0x00000010   Code   RO         9138    i.__mathlib_flt_underflow  m_wv.l(funder.o)
    0x0800eed0   0x0800eed0   0x0000000e   Code   RO         9199    i.__scatterload_copy  mc_w.l(handlers.o)
    0x0800eede   0x0800eede   0x00000002   Code   RO         9200    i.__scatterload_null  mc_w.l(handlers.o)
    0x0800eee0   0x0800eee0   0x0000000e   Code   RO         9201    i.__scatterload_zeroinit  mc_w.l(handlers.o)
    0x0800eeee   0x0800eeee   0x00000002   PAD
    0x0800eef0   0x0800eef0   0x0000000c   Code   RO         9173    i.__set_errno       mc_w.l(errno.o)
    0x0800eefc   0x0800eefc   0x00000184   Code   RO         9109    i._fp_digits        mc_w.l(printfa.o)
    0x0800f080   0x0800f080   0x000006b4   Code   RO         9110    i._printf_core      mc_w.l(printfa.o)
    0x0800f734   0x0800f734   0x00000024   Code   RO         9111    i._printf_post_padding  mc_w.l(printfa.o)
    0x0800f758   0x0800f758   0x0000002e   Code   RO         9112    i._printf_pre_padding  mc_w.l(printfa.o)
    0x0800f786   0x0800f786   0x0000000a   Code   RO         9114    i._sputc            mc_w.l(printfa.o)
    0x0800f790   0x0800f790   0x0000016c   Code   RO         5889    i.bmi088_accel_init  bmi088driver.o
    0x0800f8fc   0x0800f8fc   0x00000130   Code   RO         5890    i.bmi088_gyro_init  bmi088driver.o
    0x0800fa2c   0x0800fa2c   0x0000007e   Code   RO         8410    i.canx_send_data    can_bsp.o
    0x0800faaa   0x0800faaa   0x00000002   PAD
    0x0800faac   0x0800faac   0x00000640   Code   RO         7928    i.chassisL_control_loop  chassisl_task.o
    0x080100ec   0x080100ec   0x0000005c   Code   RO         7929    i.chassisL_feedback_update  chassisl_task.o
    0x08010148   0x08010148   0x00000730   Code   RO         8052    i.chassisR_control_loop  chassisr_task.o
    0x08010878   0x08010878   0x000000ac   Code   RO         8053    i.chassisR_feedback_update  chassisr_task.o
    0x08010924   0x08010924   0x000000c0   Code   RO         6030    i.dm4310_fbdata     dm4310_drv.o
    0x080109e4   0x080109e4   0x00000058   Code   RO         6031    i.dm6215_fbdata     dm4310_drv.o
    0x08010a3c   0x08010a3c   0x00000042   Code   RO         6032    i.enable_motor_mode  dm4310_drv.o
    0x08010a7e   0x08010a7e   0x0000000a   Code   RO         5891    i.fabsf             bmi088driver.o
    0x08010a88   0x08010a88   0x00000032   Code   RO         6033    i.float_to_uint     dm4310_drv.o
    0x08010aba   0x08010aba   0x00000002   PAD
    0x08010abc   0x08010abc   0x000000cc   Code   RO         6310    i.ground_detectionL  vmc_calc.o
    0x08010b88   0x08010b88   0x000000cc   Code   RO         6311    i.ground_detectionR  vmc_calc.o
    0x08010c54   0x08010c54   0x0000003c   Code   RO         6238    i.invSqrt           quaternionekf.o
    0x08010c90   0x08010c90   0x00000006   Code   RO         6034    i.joint_motor_init  dm4310_drv.o
    0x08010c96   0x08010c96   0x00000012   Code   RO         6628    i.kalman_Init       my_kalman.o
    0x08010ca8   0x08010ca8   0x00000006   Code   RO         6629    i.kalman_set_now    my_kalman.o
    0x08010cae   0x08010cae   0x00000002   PAD
    0x08010cb0   0x08010cb0   0x00000038   Code   RO         6170    i.mahony_init       mahony_filter.o
    0x08010ce8   0x08010ce8   0x0000001e   Code   RO         6171    i.mahony_input      mahony_filter.o
    0x08010d06   0x08010d06   0x0000004a   Code   RO         6172    i.mahony_output     mahony_filter.o
    0x08010d50   0x08010d50   0x00000286   Code   RO         6173    i.mahony_update     mahony_filter.o
    0x08010fd6   0x08010fd6   0x00000002   PAD
    0x08010fd8   0x08010fd8   0x00000074   Code   RO           17    i.main              main.o
    0x0801104c   0x0801104c   0x0000000e   Code   RO         7412    i.makeFreeRtosPriority  cmsis_os.o
    0x0801105a   0x0801105a   0x00000002   PAD
    0x0801105c   0x0801105c   0x00000100   Code   RO         6035    i.mit_ctrl          dm4310_drv.o
    0x0801115c   0x0801115c   0x000000b4   Code   RO         6036    i.mit_ctrl2         dm4310_drv.o
    0x08011210   0x08011210   0x00000028   Code   RO         8055    i.mySaturate        chassisr_task.o
    0x08011238   0x08011238   0x00000018   Code   RO         7414    i.osDelay           cmsis_os.o
    0x08011250   0x08011250   0x0000000a   Code   RO         7417    i.osKernelStart     cmsis_os.o
    0x0801125a   0x0801125a   0x00000030   Code   RO         7451    i.osThreadCreate    cmsis_os.o
    0x0801128a   0x0801128a   0x00000002   PAD
    0x0801128c   0x0801128c   0x00000098   Code   RO         7089    i.prvAddCurrentTaskToDelayedList  tasks.o
    0x08011324   0x08011324   0x000000b4   Code   RO         7090    i.prvAddNewTaskToReadyList  tasks.o
    0x080113d8   0x080113d8   0x00000048   Code   RO         7091    i.prvCheckTasksWaitingTermination  tasks.o
    0x08011420   0x08011420   0x00000012   Code   RO         7092    i.prvDeleteTCB      tasks.o
    0x08011432   0x08011432   0x00000002   PAD
    0x08011434   0x08011434   0x0000007c   Code   RO         7779    i.prvHeapInit       heap_4.o
    0x080114b0   0x080114b0   0x00000028   Code   RO         7093    i.prvIdleTask       tasks.o
    0x080114d8   0x080114d8   0x000000b4   Code   RO         7094    i.prvInitialiseNewTask  tasks.o
    0x0801158c   0x0801158c   0x00000068   Code   RO         7095    i.prvInitialiseTaskLists  tasks.o
    0x080115f4   0x080115f4   0x00000068   Code   RO         7780    i.prvInsertBlockIntoFreeList  heap_4.o
    0x0801165c   0x0801165c   0x00000034   Code   RO         7096    i.prvResetNextTaskUnblockTime  tasks.o
    0x08011690   0x08011690   0x00000040   Code   RO         7848    i.prvTaskExitError  port.o
    0x080116d0   0x080116d0   0x0000014c   Code   RO         7781    i.pvPortMalloc      heap_4.o
    0x0801181c   0x0801181c   0x0000002c   Code   RO         7849    i.pxPortInitialiseStack  port.o
    0x08011848   0x08011848   0x000000d0   Code   RO         8293    i.remote_task       remote_task.o
    0x08011918   0x08011918   0x0000003e   Code   RO         8844    i.sqrtf             m_wv.l(sqrtf.o)
    0x08011956   0x08011956   0x00000034   Code   RO         6039    i.uint_to_float     dm4310_drv.o
    0x0801198a   0x0801198a   0x00000002   PAD
    0x0801198c   0x0801198c   0x000000a0   Code   RO         6133    i.upborad_fbdata    up_board.o
    0x08011a2c   0x08011a2c   0x00000028   Code   RO         6742    i.uxListRemove      list.o
    0x08011a54   0x08011a54   0x0000001a   Code   RO         6743    i.vListInitialise   list.o
    0x08011a6e   0x08011a6e   0x00000006   Code   RO         6744    i.vListInitialiseItem  list.o
    0x08011a74   0x08011a74   0x00000034   Code   RO         6745    i.vListInsert       list.o
    0x08011aa8   0x08011aa8   0x00000018   Code   RO         6746    i.vListInsertEnd    list.o
    0x08011ac0   0x08011ac0   0x00000054   Code   RO         7851    i.vPortEnterCritical  port.o
    0x08011b14   0x08011b14   0x0000003c   Code   RO         7852    i.vPortExitCritical  port.o
    0x08011b50   0x08011b50   0x000000a4   Code   RO         7782    i.vPortFree         heap_4.o
    0x08011bf4   0x08011bf4   0x00000028   Code   RO         7853    i.vPortSetupTimerInterrupt  port.o
    0x08011c1c   0x08011c1c   0x0000005c   Code   RO         7105    i.vTaskDelay        tasks.o
    0x08011c78   0x08011c78   0x00000088   Code   RO         7118    i.vTaskStartScheduler  tasks.o
    0x08011d00   0x08011d00   0x00000010   Code   RO         7120    i.vTaskSuspendAll   tasks.o
    0x08011d10   0x08011d10   0x0000008c   Code   RO         7121    i.vTaskSwitchContext  tasks.o
    0x08011d9c   0x08011d9c   0x00000006   Code   RO         6040    i.wheel_motor_init  dm4310_drv.o
    0x08011da2   0x08011da2   0x00000002   PAD
    0x08011da4   0x08011da4   0x00000168   Code   RO         7855    i.xPortStartScheduler  port.o
    0x08011f0c   0x08011f0c   0x00000060   Code   RO         7124    i.xTaskCreate       tasks.o
    0x08011f6c   0x08011f6c   0x00000148   Code   RO         7131    i.xTaskIncrementTick  tasks.o
    0x080120b4   0x080120b4   0x00000104   Code   RO         7137    i.xTaskResumeAll    tasks.o
    0x080121b8   0x080121b8   0x00000074   Code   RO         8120    i.xvEstimateKF_Init  observe_task.o
    0x0801222c   0x0801222c   0x00000048   Code   RO         8121    i.xvEstimateKF_Update  observe_task.o
    0x08012274   0x08012274   0x00000064   Data   RO          315    .constdata          freertos.o
    0x080122d8   0x080122d8   0x00000008   Data   RO         2721    .constdata          stm32h7xx_hal_dma.o
    0x080122e0   0x080122e0   0x0000005c   Data   RO         4445    .constdata          stm32h7xx_hal_fdcan.o
    0x0801233c   0x0801233c   0x00000018   Data   RO         5367    .constdata          stm32h7xx_hal_uart.o
    0x08012354   0x08012354   0x00000010   Data   RO         5738    .constdata          stm32h7xx_hal_uart_ex.o
    0x08012364   0x08012364   0x00000010   Data   RO         5847    .constdata          system_stm32h7xx.o
    0x08012374   0x08012374   0x00000090   Data   RO         6240    .constdata          quaternionekf.o
    0x08012404   0x08012404   0x0000000c   Data   RO         7932    .constdata          chassisl_task.o
    0x08012410   0x08012410   0x00000024   Data   RO         7994    .constdata          ins_task.o
    0x08012434   0x08012434   0x00000030   Data   RO         8057    .constdata          chassisr_task.o
    0x08012464   0x08012464   0x00000010   Data   RO         8123    .constdata          observe_task.o
    0x08012474   0x08012474   0x00000045   Data   RO          316    .conststring        freertos.o
    0x080124b9   0x080124b9   0x00000003   PAD
    0x080124bc   0x080124bc   0x00000804   Data   RO         8786    .rodata.sinTable_f32  arm_cortexM7lfdp_math.lib(arm_common_tables.o)
    0x08012cc0   0x08012cc0   0x00000020   Data   RO         9197    Region$$Table       anon$$obj.o


    Execution Region RW_IRAM1 (Exec base: 0x20000000, Load base: 0x08012ce0, Size: 0x00000000, Max: 0x00020000, ABSOLUTE)

    **** No section assigned to this execution region ****


    Execution Region RW_IRAM2 (Exec base: 0x24000000, Load base: 0x08012ce0, Size: 0x000098c0, Max: 0x00050000, ABSOLUTE, COMPRESSED[0x00000190])

    Exec Addr    Load Addr    Size         Type   Attr      Idx    E Section Name        Object

    0x24000000   COMPRESSED   0x0000001c   Data   RW          317    .data               freertos.o
    0x2400001c   COMPRESSED   0x00000004   Data   RW          452    .data               fdcan.o
    0x24000020   COMPRESSED   0x00000009   Data   RW         3453    .data               stm32h7xx_hal.o
    0x24000029   COMPRESSED   0x00000003   PAD
    0x2400002c   COMPRESSED   0x00000008   Data   RW         5848    .data               system_stm32h7xx.o
    0x24000034   COMPRESSED   0x0000004a   Data   RW         5893    .data               bmi088driver.o
    0x2400007e   COMPRESSED   0x00000002   PAD
    0x24000080   COMPRESSED   0x00000004   Data   RW         5978    .data               bmi088middleware.o
    0x24000084   COMPRESSED   0x0000000c   Data   RW         6135    .data               up_board.o
    0x24000090   COMPRESSED   0x000000d8   Data   RW         6241    .data               quaternionekf.o
    0x24000168   COMPRESSED   0x00000022   Data   RW         6313    .data               vmc_calc.o
    0x2400018a   COMPRESSED   0x00000004   Data   RW         6384    .data               kalman_filter.o
    0x2400018e   COMPRESSED   0x00000002   PAD
    0x24000190   COMPRESSED   0x0000003c   Data   RW         7140    .data               tasks.o
    0x240001cc   COMPRESSED   0x00000020   Data   RW         7788    .data               heap_4.o
    0x240001ec   COMPRESSED   0x0000000c   Data   RW         7856    .data               port.o
    0x240001f8   COMPRESSED   0x00000048   Data   RW         7933    .data               chassisl_task.o
    0x24000240   COMPRESSED   0x0000001c   Data   RW         7995    .data               ins_task.o
    0x2400025c   COMPRESSED   0x0000010c   Data   RW         8058    .data               chassisr_task.o
    0x24000368   COMPRESSED   0x00000065   Data   RW         8124    .data               observe_task.o
    0x240003cd   COMPRESSED   0x00000003   PAD
    0x240003d0   COMPRESSED   0x00000008   Data   RW         8294    .data               remote_task.o
    0x240003d8   COMPRESSED   0x00000040   Data   RW         8338    .data               bsp_dwt.o
    0x24000418   COMPRESSED   0x00000004   Data   RW         9174    .data               mc_w.l(errno.o)
    0x2400041c        -       0x000001e0   Zero   RW          451    .bss                fdcan.o
    0x240005fc        -       0x00000178   Zero   RW          504    .bss                spi.o
    0x24000774        -       0x0000004c   Zero   RW          547    .bss                tim.o
    0x240007c0        -       0x0000010c   Zero   RW          594    .bss                usart.o
    0x240008cc        -       0x0000004c   Zero   RW          772    .bss                stm32h7xx_hal_timebase_tim.o
    0x24000918        -       0x0000004c   Zero   RW         5892    .bss                bmi088driver.o
    0x24000964        -       0x00000024   Zero   RW         6134    .bss                up_board.o
    0x24000988        -       0x00000278   Zero   RW         6239    .bss                quaternionekf.o
    0x24000c00        -       0x00000158   Zero   RW         6312    .bss                vmc_calc.o
    0x24000d58        -       0x000000f0   Zero   RW         7139    .bss                tasks.o
    0x24000e48        -       0x00007800   Zero   RW         7787    .bss                heap_4.o
    0x24008648        -       0x00000140   Zero   RW         7931    .bss                chassisl_task.o
    0x24008788        -       0x0000014c   Zero   RW         7993    .bss                ins_task.o
    0x240088d4        -       0x000004c4   Zero   RW         8056    .bss                chassisr_task.o
    0x24008d98        -       0x00000258   Zero   RW         8122    .bss                observe_task.o
    0x24008ff0        -       0x000000d0   Zero   RW         8411    .bss                can_bsp.o
    0x240090c0        -       0x00000800   Zero   RW            1    STACK               startup_stm32h723xx.o


==============================================================================

Image component sizes


      Code (inc. data)   RO Data    RW Data    ZI Data      Debug   Object Name

      3420        210          0         74         76      15788   bmi088driver.o
       116         30          0          4          0       3444   bmi088middleware.o
       580        112          0         64          0       4646   bsp_dwt.o
       634         62          0          0        208       4440   can_bsp.o
      2232        188         12         72        320       6847   chassisl_task.o
      2696        314         48        268       1220       6641   chassisr_task.o
        96          0          0          0          0      12851   cmsis_os.o
       896         62          0          0          0       9117   dm4310_drv.o
        84          4          0          0          0        906   dma.o
         0          0          0          0          0       5196   event_groups.o
       820         54          0          4        480       3425   fdcan.o
       192         26        169         28          0      11934   freertos.o
       384         18          0          0          0       1255   gpio.o
       724         74          0         32      30720       7571   heap_4.o
      2204        150         36         28        332       5142   ins_task.o
      3164         28          0          4          0       9379   kalman_filter.o
       148          0          0          0          0       3730   list.o
      1108         16          0          0          0       6113   mahony_filter.o
       392         14          0          0          0    1264716   main.o
       134          0          0          0          0       2783   my_kalman.o
      1140        150         16        101        600       4214   observe_task.o
       592          8          0          0          0       2554   pid.o
       894         78          0         12          0      11292   port.o
      4164        238        144        216        632       8577   quaternionekf.o
       716         84          0          8          0       2566   remote_task.o
       476         38          0          0        376       2127   spi.o
        36          8        716          0       2048        840   startup_stm32h723xx.o
       192         40          0          9          0      23642   stm32h7xx_hal.o
       258         22          0          0          0      39314   stm32h7xx_hal_cortex.o
      8650        164          8          0          0      13454   stm32h7xx_hal_dma.o
      3586         52         92          0          0      22740   stm32h7xx_hal_fdcan.o
       508         50          0          0          0       2232   stm32h7xx_hal_gpio.o
        48          6          0          0          0        942   stm32h7xx_hal_msp.o
        96          6          0          0          0        777   stm32h7xx_hal_pwr_ex.o
      3496        120          0          0          0       7621   stm32h7xx_hal_rcc.o
      5140        112          0          0          0       7353   stm32h7xx_hal_rcc_ex.o
      2206         18          0          0          0      10209   stm32h7xx_hal_spi.o
      2338        234          0          0          0      12845   stm32h7xx_hal_tim.o
       234         38          0          0          0       3316   stm32h7xx_hal_tim_ex.o
       160         18          0          0         76       1667   stm32h7xx_hal_timebase_tim.o
      4116        166         24          0          0      34830   stm32h7xx_hal_uart.o
       360         10         16          0          0       5574   stm32h7xx_hal_uart_ex.o
       166         54          0          0          0       7358   stm32h7xx_it.o
       224         32         16          8          0       1426   system_stm32h7xx.o
      1866        268          0         60        240      18841   tasks.o
       268         32          0          0         76       2447   tim.o
       160         12          0         12         36       3317   up_board.o
       348         32          0          0        268       2002   usart.o
         0          0          0          0          0        976   user_lib.o
      3820        206          0         34        344       8327   vmc_calc.o

    ----------------------------------------------------------------------
     66342       3658       1332       1048      38052    1649304   Object Totals
         0          0         32          0          0          0   (incl. Generated)
        60          0          3         10          0          0   (incl. Padding)

    ----------------------------------------------------------------------

      Code (inc. data)   RO Data    RW Data    ZI Data      Debug   Library Member Name

         0          0       2052          0          0       4961   arm_common_tables.o
       144         12          0          0          0       1111   arm_cos_f32.o
       190          0          0          0          0       1836   arm_mat_add_f32.o
         8          0          0          0          0        841   arm_mat_init_f32.o
       716          4          0          0          0       3547   arm_mat_inverse_f32.o
       304          4          0          0          0       2362   arm_mat_mult_f32.o
       190          0          0          0          0       1834   arm_mat_sub_f32.o
       180          0          0          0          0       1862   arm_mat_trans_f32.o
       140         12          0          0          0       1098   arm_sin_f32.o
       292         58          0          0          0        176   acosf.o
       312         54          0          0          0        176   asinf.o
       692         98          0          0          0        208   atan2f.o
        38          0          0          0          0        116   fpclassifyf.o
        44         12          0          0          0        464   funder.o
       102          0          0          0          0        140   sqrt.o
       120          0          0          0          0        272   sqrtf.o
        86          0          0          0          0          0   __dczerorl2.o
         0          0          0          0          0          0   entry.o
         0          0          0          0          0          0   entry10a.o
         0          0          0          0          0          0   entry11a.o
         4          0          0          0          0          0   entry12b.o
         8          4          0          0          0          0   entry2.o
         4          0          0          0          0          0   entry5.o
         0          0          0          0          0          0   entry7b.o
         0          0          0          0          0          0   entry8b.o
         8          4          0          0          0          0   entry9a.o
        12          6          0          4          0         68   errno.o
        30          0          0          0          0          0   handlers.o
        36          8          0          0          0         68   init.o
         0          0          0          0          0          0   iusefp.o
        30          0          0          0          0         68   llshl.o
        36          0          0          0          0         68   llsshr.o
        32          0          0          0          0         68   llushr.o
        36          0          0          0          0         68   memcpya.o
        36          0          0          0          0        108   memseta.o
      2236         86          0          0          0        532   printfa.o
        14          0          0          0          0         68   strlen.o
        44          0          0          0          0         80   uidiv.o
        98          0          0          0          0         92   uldiv.o
        48          0          0          0          0         68   cdrcmple.o
       334          0          0          0          0        148   dadd.o
       222          0          0          0          0        100   ddiv.o
       186          0          0          0          0        176   depilogue.o
        48          0          0          0          0         68   dfixul.o
       228          0          0          0          0         96   dmul.o

    ----------------------------------------------------------------------
      7298        362       2052          4          0      22948   Library Totals
        10          0          0          0          0          0   (incl. Padding)

    ----------------------------------------------------------------------

      Code (inc. data)   RO Data    RW Data    ZI Data      Debug   Library Name

      1872         32       2052          0          0      19452   arm_cortexM7lfdp_math.lib
      1600        222          0          0          0       1552   m_wv.l
      2750        108          0          4          0       1288   mc_w.l
      1066          0          0          0          0        656   mf_w.l

    ----------------------------------------------------------------------
      7298        362       2052          4          0      22948   Library Totals

    ----------------------------------------------------------------------

==============================================================================


      Code (inc. data)   RO Data    RW Data    ZI Data      Debug   

     73640       4020       3384       1052      38052    1643588   Grand Totals
     73640       4020       3384        400      38052    1643588   ELF Image Totals (compressed)
     73640       4020       3384        400          0          0   ROM Totals

==============================================================================

    Total RO  Size (Code + RO Data)                77024 (  75.22kB)
    Total RW  Size (RW Data + ZI Data)             39104 (  38.19kB)
    Total ROM Size (Code + RO Data + RW Data)      77424 (  75.61kB)

==============================================================================

